03-29 16:36:24.560  3961  3961 D InterruptionStateProvider:  no Heads up : edgelighting enabled app. 0|com.android.vending|-56862258|null|10240
03-29 16:36:24.571  3961  3961 I FaceWidgetPositionAlgorithm: getClockContainerHeight() supplier = 386, bottom margin = 0, real height = 476
03-29 16:36:24.571  3961  3961 I FaceWidgetPositionAlgorithm: getClockContainerHeight() supplier = 386, bottom margin = 90, real height = 476
03-29 16:36:24.572  3961  3961 I FaceWidgetPositionAlgorithm: getMediaContainerHeight() height = 0 container Visibility = 8, isValid = false, mIsDozing = false, fraction = 1.0, source = 0, target = 0
03-29 16:36:24.572  3961  3961 I FaceWidgetPositionAlgorithm: getMediaContainerHeight() supplier = 0
03-29 16:36:24.581  2106  3878 I bauth_FPBAuthService: pcf : 0x1012, 0 ,3 ,0 ,0 ,0 ,0, 7.0.0.0
03-29 16:36:24.581  2106  3878 I bauth_FPBAuthService: thread id : 3, preenroll_flag : 0, nd cnt : 0, cso : 0, et : 0
03-29 16:36:24.581  2106  3878 I bauth_FPBAuthService: FPBAuthService, 11491
03-29 16:36:24.583  3961  4071 D LocalImageResolver: Couldn't use ImageDecoder for drawable, falling back to non-resized load.
03-29 16:36:24.584  3961  4071 D LocalImageResolver: Couldn't use ImageDecoder for drawable, falling back to non-resized load.
03-29 16:36:24.597  3961  3961 I FaceWidgetPositionAlgorithm: getClockContainerHeight() supplier = 386, bottom margin = 0, real height = 476
03-29 16:36:24.597  3961  3961 I FaceWidgetPositionAlgorithm: getClockContainerHeight() supplier = 386, bottom margin = 90, real height = 476
03-29 16:36:24.597  3961  3961 I FaceWidgetPositionAlgorithm: getMediaContainerHeight() height = 0 container Visibility = 8, isValid = false, mIsDozing = false, fraction = 1.0, source = 0, target = 0
03-29 16:36:24.598  3961  3961 I FaceWidgetPositionAlgorithm: getMediaContainerHeight() supplier = 0
03-29 16:36:24.613  3961  3961 I FaceWidgetPositionAlgorithm: getClockContainerHeight() supplier = 386, bottom margin = 0, real height = 476
03-29 16:36:24.613  3961  3961 I FaceWidgetPositionAlgorithm: getClockContainerHeight() supplier = 386, bottom margin = 90, real height = 476
03-29 16:36:24.613  3961  3961 I FaceWidgetPositionAlgorithm: getMediaContainerHeight() height = 0 container Visibility = 8, isValid = false, mIsDozing = false, fraction = 1.0, source = 0, target = 0
03-29 16:36:24.613  3961  3961 I FaceWidgetPositionAlgorithm: getMediaContainerHeight() supplier = 0
03-29 16:36:24.617  3381  3421 E AppOps  : evalMode() Foreground mode : uid - 10254, op - 1, capability - 0
03-29 16:36:24.619  4696  4803 I RequestManager_FLP: onOpChanged, op=0 / packageName=com.android.chrome
03-29 16:36:24.660  3381  7230 D SemWifiUsabilityStatsMonitor: onWifiUsabilityStats - seqNum 203, isSameBssidAndFreq true
03-29 16:36:24.663  3381  3813 I SemWifiLinkQualityMonitor: Link Qos Query: 0.013 ms / 613.920 Mbps (1200 / 0.006 / 1.064)
03-29 16:36:24.821  3186 14881 I HYPER-HAL: [RequestManager.cpp]releaseLocked(): Released ID : 19816679
03-29 16:36:24.981  5256  5256 D BoundBrokerSvc: onUnbind: Intent { act=com.google.android.gms.pay.service.BIND dat=chimera-action:/... cmp=com.google.android.gms/.chimera.GmsApiService }
03-29 16:36:24.993 14701 14932 I Finsky:background: [154] ril.c(204): Failed to force sync file descriptor (not a bug): sync failed
03-29 16:36:24.999 14701 14915 I Finsky:background: [149] rjw.c(106): DSC::L: Update all listeners for download <2553:RUNNING:100%[100%]> in group kai.c.acevocab:5bmO9wwYToO9U0LdYFLRUQ
03-29 16:36:24.999 14701 14915 I Finsky:background: [149] rjw.c(146): DSC::L: Updating listener DownloadServiceManagerListener::pud@255349a for download <2553:RUNNING:100%[100%]>
03-29 16:36:25.000 14701 14915 I Finsky:background: [149] rjw.c(146): DSC::L: Updating listener rea@d6a81cb for download <2553:RUNNING:100%[100%]>
03-29 16:36:25.000 14701 14915 I Finsky:background: [149] rjw.c(146): DSC::L: Updating listener DownloadServiceManagerListener::aftb@c4757fd for download <2553:RUNNING:100%[100%]>
03-29 16:36:25.001 14701 14915 I Finsky:background: [149] aftb.f(13): DS: Received onProgress request_id=2553
03-29 16:36:25.002 14701 14915 I Finsky:background: [149] bmue.i(61): RM: receive resource status onProgress download_request_id=2553, group_id=kai.c.acevocab.apk reason: single_install isid: 5bmO9wwYToO9U0LdYFLRUQ, status_code=RESOURCE_STATUS_IN_PROGRESS, legacy_status_code=192, size: 7786974/7786974
03-29 16:36:25.005 14701 14738 I Finsky:background: [93] bbgh.n(11): DSC: getDownload(2553)
03-29 16:36:25.008 14701 14738 I Finsky:background: [93] rgi.i(13): DS: getDownload(request_id=2553)
03-29 16:36:25.016  3961  3961 D BubblesManager: onNotificationChannelModified : pkg=com.android.vending ,modificationType:1
03-29 16:36:25.017 14701 14706 W ding:background: Missing inline cache for java.lang.Object owe.call()
03-29 16:36:25.020  3381  5855 D ApplicationPolicy: isStatusBarNotificationAllowedAsUser: packageName = com.android.vending,userId = 0
03-29 16:36:25.020  3381  5855 D ApplicationPolicy: isStatusBarNotificationAllowedAsUser: packageName = com.android.vending,userId = 0
03-29 16:36:25.032 14701 14915 I Finsky:background: [149] rjw.c(106): DSC::L: Update all listeners for download <2553:SUCCEEDED> in group kai.c.acevocab:5bmO9wwYToO9U0LdYFLRUQ
03-29 16:36:25.032 14701 14915 I Finsky:background: [149] rjw.c(146): DSC::L: Updating listener DownloadServiceManagerListener::pud@255349a for download <2553:SUCCEEDED>
03-29 16:36:25.033 14701 14915 I Finsky:background: [149] rjw.c(146): DSC::L: Updating listener rea@d6a81cb for download <2553:SUCCEEDED>
03-29 16:36:25.033 14701 14915 I Finsky:background: [149] rjw.c(146): DSC::L: Updating listener DownloadServiceManagerListener::aftb@c4757fd for download <2553:SUCCEEDED>
03-29 16:36:25.034 14701 14915 I Finsky:background: [149] bmue.k(45): RM: receive resource status onSuccess kai.c.acevocab.apk reason: single_install isid: 5bmO9wwYToO9U0LdYFLRUQ, 3, 200, size: 7786974/7786974
03-29 16:36:25.036 14701 14740 I Finsky:background: [95] bbgh.n(11): DSC: getDownload(2553)
03-29 16:36:25.038 14701 14933 I Finsky:background: [155] ovy.run(63): DU: Stored data usage stats for package kai.c.acevocab; completed bytes: 7786974.
03-29 16:36:25.039  3961  3961 D BubblesManager: onNotificationChannelModified : pkg=com.android.vending ,modificationType:1
03-29 16:36:25.040 14701 14750 I Finsky:background: [102] rgi.i(13): DS: getDownload(request_id=2553)
03-29 16:36:25.047  3381  3622 D ApplicationPolicy: isStatusBarNotificationAllowedAsUser: packageName = com.android.vending,userId = 0
03-29 16:36:25.047  3381  3622 D ApplicationPolicy: isStatusBarNotificationAllowedAsUser: packageName = com.android.vending,userId = 0
03-29 16:36:25.059 14701 14915 I Finsky:background: [149] rik.b(11): DS::CD: download(2554)
03-29 16:36:25.060 14701 14915 I Finsky:background: [149] rgi.h(316): DS: onGetDownload(request_id=2553, files_to_download=[kai.c.acevocab.apk(size:7786974)], context[group_id=kai.c.acevocab:5bmO9wwYToO9U0LdYFLRUQ], display_data[invisible=false, title=kai.c.acevocab (unreviewed)], network_restrictions=ANY_NETWORK status=succeeded, bytes_downloaded=7786974, total_bytes=7786974, retry[count=0, next_retry=n/a])
03-29 16:36:25.062 14701 14915 I Finsky:background: [149] rgi.h(316): DS: onGetDownload(request_id=2553, files_to_download=[kai.c.acevocab.apk(size:7786974)], context[group_id=kai.c.acevocab:5bmO9wwYToO9U0LdYFLRUQ], display_data[invisible=false, title=kai.c.acevocab (unreviewed)], network_restrictions=ANY_NETWORK status=succeeded, bytes_downloaded=7786974, total_bytes=7786974, retry[count=0, next_retry=n/a])
03-29 16:36:25.063 14701 14701 I Finsky:background: [2] afse.a(65): RF: onProgress 2553
03-29 16:36:25.065 14701 14701 I Finsky:background: [2] afsg.j(74): bytesCompleted/bytesTotal/ratio = 7817647 / 13742631 / 0.568861
03-29 16:36:25.065 14701 14701 I Finsky:background: [2] afse.b(38): RF: onResourceSuccess 2553
03-29 16:36:25.066 14701 14701 I Finsky:background: [2] afsg.j(74): bytesCompleted/bytesTotal/ratio = 7817647 / 13742631 / 0.568861
03-29 16:36:25.067 14701 14701 I Finsky:background: [2] afse.c(54): RF: onSuccess 2553
03-29 16:36:25.068 14701 14746 I Finsky:background: [98] mcn.accept(261): IV2: onTaskProgress kai.c.acevocab[iid:521] [isid:5bmO9wwYToO9U0LdYFLRUQ] status:RESOURCE_FETCH_PROGRESS, size: 7817647/13742631
03-29 16:36:25.071 14701 14741 I Finsky:background: [96] afrt.a(1280): RF: starting postprocessing for kai.c.acevocab.apk
03-29 16:36:25.071 14701 14746 I Finsky:background: [98] mcn.accept(261): IV2: onTaskProgress kai.c.acevocab[iid:521] [isid:5bmO9wwYToO9U0LdYFLRUQ] status:RESOURCE_FETCH_PROGRESS, size: 7817647/13742631
03-29 16:36:25.071 14701 14741 I Finsky:background: [96] afok.a(1116): RF::PP-Decompress: starting to decompress for kai.c.acevocab[iid:521] [isid:5bmO9wwYToO9U0LdYFLRUQ] [tid: 1000000862].
03-29 16:36:25.072 14701 14741 I Finsky:background: [96] afok.a(948): RF::PP-Copy: starting to copy for kai.c.acevocab[iid:521] [isid:5bmO9wwYToO9U0LdYFLRUQ] [tid: 1000000862]
03-29 16:36:25.073 14701 14915 I Finsky:background: [149] rjw.c(106): DSC::L: Update all listeners for download <2554:RUNNING:0%[0%]> in group kai.c.acevocab:5bmO9wwYToO9U0LdYFLRUQ
03-29 16:36:25.073 14701 14748 I Finsky:background: [100] vza.Q(41): IQ: Notifying installation update. [Package:kai.c.acevocab, isid:5bmO9wwYToO9U0LdYFLRUQ], status=DOWNLOADING, status_code=0, reason=single_install, tsc=PT1.641S, attempt=0
03-29 16:36:25.073 14701 14915 I Finsky:background: [149] rjw.c(146): DSC::L: Updating listener DownloadServiceManagerListener::pud@255349a for download <2554:RUNNING:0%[0%]>
03-29 16:36:25.073 14701 14915 I Finsky:background: [149] rjw.c(146): DSC::L: Updating listener rea@d6a81cb for download <2554:RUNNING:0%[0%]>
03-29 16:36:25.073 14701 14915 I Finsky:background: [149] rjw.c(146): DSC::L: Updating listener DownloadServiceManagerListener::aftb@c4757fd for download <2554:RUNNING:0%[0%]>
03-29 16:36:25.073 14701 14915 I Finsky:background: [149] aftb.f(13): DS: Received onProgress request_id=2554
03-29 16:36:25.073 14701 14915 I Finsky:background: [149] bmue.j(45): RM: receive resource status onStart config.arm64_v8a reason: single_install isid: 5bmO9wwYToO9U0LdYFLRUQ, 2, 192, size: 0/5870067
03-29 16:36:25.074 14701 14746 I Finsky:background: [98] mcn.accept(261): IV2: onTaskProgress kai.c.acevocab[iid:521] [isid:5bmO9wwYToO9U0LdYFLRUQ] status:RESOURCE_FETCH_PROGRESS, size: 7817647/13742631
03-29 16:36:25.075 14701 14915 I Finsky:background: [149] bmue.i(61): RM: receive resource status onProgress download_request_id=2554, group_id=config.arm64_v8a reason: single_install isid: 5bmO9wwYToO9U0LdYFLRUQ, status_code=RESOURCE_STATUS_IN_PROGRESS, legacy_status_code=192, size: 0/5870067
03-29 16:36:25.078 14701 14738 I Finsky:background: [93] bbgh.n(11): DSC: getDownload(2554)
03-29 16:36:25.079 14701 14750 I Finsky:background: [102] bbgh.n(11): DSC: getDownload(2554)
03-29 16:36:25.080 14701 14701 I Finsky:background: [2] aerh.jg(69): PIM: Handling install package event for: kai.c.acevocab status:  DOWNLOADING, isid: 5bmO9wwYToO9U0LdYFLRUQ
03-29 16:36:25.080 14701 14738 I Finsky:background: [93] rgi.i(13): DS: getDownload(request_id=2554)
03-29 16:36:25.081 14701 14750 I Finsky:background: [102] rgi.i(13): DS: getDownload(request_id=2554)
03-29 16:36:25.081  3961  3961 D BubblesManager: onNotificationChannelModified : pkg=com.android.vending ,modificationType:1
03-29 16:36:25.083 14574 14574 I Finsky  : [2] apah.e(257): DL: Data loader session turned off due to Incremental install not requested: kai.c.acevocab
03-29 16:36:25.085  3381  4081 D ApplicationPolicy: isStatusBarNotificationAllowedAsUser: packageName = com.android.vending,userId = 0
03-29 16:36:25.085 14701 14748 I Finsky:background: [100] vza.Q(41): IQ: Notifying installation update. [Package:kai.c.acevocab, isid:5bmO9wwYToO9U0LdYFLRUQ], status=DOWNLOADING, status_code=0, reason=single_install, tsc=PT1.654S, attempt=0
03-29 16:36:25.085  3381  5855 D ApplicationPolicy: getApplicationUninstallationEnabled
03-29 16:36:25.085  3381  5855 D ApplicationPolicy: getApplicationUninstallationEnabled :  enabled true
03-29 16:36:25.087  3381  4081 D ApplicationPolicy: isStatusBarNotificationAllowedAsUser: packageName = com.android.vending,userId = 0
03-29 16:36:25.089 14701 14701 I Finsky:background: [2] aerh.jg(69): PIM: Handling install package event for: kai.c.acevocab status:  DOWNLOADING, isid: 5bmO9wwYToO9U0LdYFLRUQ
03-29 16:36:25.091 14701 14748 I Finsky:background: [100] vza.Q(41): IQ: Notifying installation update. [Package:kai.c.acevocab, isid:5bmO9wwYToO9U0LdYFLRUQ], status=DOWNLOADING, status_code=0, reason=single_install, tsc=PT1.659S, attempt=0
03-29 16:36:25.094 14701 14915 I Finsky:background: [149] rgi.h(316): DS: onGetDownload(request_id=2554, files_to_download=[config.arm64_v8a(size:5870067)], context[group_id=kai.c.acevocab:5bmO9wwYToO9U0LdYFLRUQ], display_data[invisible=false, title=kai.c.acevocab (unreviewed)], network_restrictions=ANY_NETWORK status=running, bytes_downloaded=0, total_bytes=5870067, retry[count=0, next_retry=n/a])
03-29 16:36:25.096 14701 14915 I Finsky:background: [149] rgi.h(316): DS: onGetDownload(request_id=2554, files_to_download=[config.arm64_v8a(size:5870067)], context[group_id=kai.c.acevocab:5bmO9wwYToO9U0LdYFLRUQ], display_data[invisible=false, title=kai.c.acevocab (unreviewed)], network_restrictions=ANY_NETWORK status=running, bytes_downloaded=0, total_bytes=5870067, retry[count=0, next_retry=n/a])
03-29 16:36:25.097 14701 14701 I Finsky:background: [2] afsx.run(412): RF: onStart 2554
03-29 16:36:25.098 14701 14701 I Finsky:background: [2] afsg.j(74): bytesCompleted/bytesTotal/ratio = 7817647 / 13742631 / 0.568861
03-29 16:36:25.098 14701 14701 I Finsky:background: [2] afse.a(65): RF: onProgress 2554
03-29 16:36:25.098 14701 14701 I Finsky:background: [2] afsg.j(74): bytesCompleted/bytesTotal/ratio = 7817647 / 13742631 / 0.568861
03-29 16:36:25.099 14574 14574 I Finsky  : [2] apah.e(257): DL: Data loader session turned off due to Incremental install not requested: kai.c.acevocab
03-29 16:36:25.100 14701 14701 I Finsky:background: [2] aerh.jg(69): PIM: Handling install package event for: kai.c.acevocab status:  DOWNLOADING, isid: 5bmO9wwYToO9U0LdYFLRUQ
03-29 16:36:25.101  3381  4081 D ApplicationPolicy: getApplicationUninstallationEnabled
03-29 16:36:25.101  3381  4081 D ApplicationPolicy: getApplicationUninstallationEnabled :  enabled true
03-29 16:36:25.102 14701 14746 I Finsky:background: [98] mcn.accept(261): IV2: onTaskProgress kai.c.acevocab[iid:521] [isid:5bmO9wwYToO9U0LdYFLRUQ] status:RESOURCE_FETCH_PROGRESS, size: 7817647/13742631
03-29 16:36:25.105 14701 14746 I Finsky:background: [98] mcn.accept(261): IV2: onTaskProgress kai.c.acevocab[iid:521] [isid:5bmO9wwYToO9U0LdYFLRUQ] status:RESOURCE_FETCH_PROGRESS, size: 7817647/13742631
03-29 16:36:25.106  3381  3811 D SemNscXgbMsL1: Probability - Cloud gaming: [0.018842874]
03-29 16:36:25.106  3381  3811 D SemNscXgbMsL1: Probability - Real time: [0.13040854]
03-29 16:36:25.106  3381  3811 D SemNscXgbMsL1: Probability - Non real time: [0.90956944]
03-29 16:36:25.106  3381  3811 D SemNscXgbMsL1: 1 sample inference time: 0.20776 msecs
03-29 16:36:25.106 14701 14748 I Finsky:background: [100] vza.Q(41): IQ: Notifying installation update. [Package:kai.c.acevocab, isid:5bmO9wwYToO9U0LdYFLRUQ], status=DOWNLOADING, status_code=0, reason=single_install, tsc=PT1.675S, attempt=0
03-29 16:36:25.107  3381  3811 D SemNscXgbL2Rt: L2 RT 1 sample inference time: 0.32099 msecs
03-29 16:36:25.107  3381  3811 D SemNscXgbL2Nrt: L2 NRT 1 sample inference time: 0.283437 msecs
03-29 16:36:25.111 14701 14701 I Finsky:background: [2] aerh.jg(69): PIM: Handling install package event for: kai.c.acevocab status:  DOWNLOADING, isid: 5bmO9wwYToO9U0LdYFLRUQ
03-29 16:36:25.114 14701 14748 I Finsky:background: [100] vza.Q(41): IQ: Notifying installation update. [Package:kai.c.acevocab, isid:5bmO9wwYToO9U0LdYFLRUQ], status=DOWNLOADING, status_code=0, reason=single_install, tsc=PT1.683S, attempt=0
03-29 16:36:25.119 14701 14701 I Finsky:background: [2] aerh.jg(69): PIM: Handling install package event for: kai.c.acevocab status:  DOWNLOADING, isid: 5bmO9wwYToO9U0LdYFLRUQ
03-29 16:36:25.120 14574 14574 I Finsky  : [2] apah.e(257): DL: Data loader session turned off due to Incremental install not requested: kai.c.acevocab
03-29 16:36:25.122  3381  5855 D ApplicationPolicy: getApplicationUninstallationEnabled
03-29 16:36:25.122  3381  5855 D ApplicationPolicy: getApplicationUninstallationEnabled :  enabled true
03-29 16:36:25.122 14574 14574 I Finsky  : [2] apah.e(257): DL: Data loader session turned off due to Incremental install not requested: kai.c.acevocab
03-29 16:36:25.126  3381  4081 D ApplicationPolicy: getApplicationUninstallationEnabled
03-29 16:36:25.126  3381  4081 D ApplicationPolicy: getApplicationUninstallationEnabled :  enabled true
03-29 16:36:25.127 14701 14944 I Finsky:background: [156] ril.d(6): CronetDownloader: onRedirectReceived
03-29 16:36:25.127 14574 14574 I Finsky  : [2] apah.e(257): DL: Data loader session turned off due to Incremental install not requested: kai.c.acevocab
03-29 16:36:25.130 14574 14584 W android.vending: Missing inline cache for java.lang.Object ahoh.ki(java.lang.Object)
03-29 16:36:25.130 14574 14584 W android.vending: Missing inline cache for java.lang.Object ahoh.ki(java.lang.Object)
03-29 16:36:25.130  3381  4081 D ApplicationPolicy: getApplicationUninstallationEnabled
03-29 16:36:25.130  3381  4081 D ApplicationPolicy: getApplicationUninstallationEnabled :  enabled true
03-29 16:36:25.133  3381  3856 D NetdEventListenerService: DNS Requested by : 106, 10240
03-29 16:36:25.203 14701 14915 I Finsky:background: [149] rjw.c(106): DSC::L: Update all listeners for download <2554:RUNNING:0%[0%]> in group kai.c.acevocab:5bmO9wwYToO9U0LdYFLRUQ
03-29 16:36:25.203 14701 14915 I Finsky:background: [149] rjw.c(146): DSC::L: Updating listener DownloadServiceManagerListener::pud@255349a for download <2554:RUNNING:0%[0%]>
03-29 16:36:25.204 14701 14915 I Finsky:background: [149] rjw.c(146): DSC::L: Updating listener rea@d6a81cb for download <2554:RUNNING:0%[0%]>
03-29 16:36:25.204 14701 14915 I Finsky:background: [149] rjw.c(146): DSC::L: Updating listener DownloadServiceManagerListener::aftb@c4757fd for download <2554:RUNNING:0%[0%]>
03-29 16:36:25.205 14701 14915 I Finsky:background: [149] aftb.f(13): DS: Received onProgress request_id=2554
03-29 16:36:25.205 14701 14915 I Finsky:background: [149] bmue.i(61): RM: receive resource status onProgress download_request_id=2554, group_id=config.arm64_v8a reason: single_install isid: 5bmO9wwYToO9U0LdYFLRUQ, status_code=RESOURCE_STATUS_IN_PROGRESS, legacy_status_code=192, size: 0/5870067
03-29 16:36:25.206 14701 14750 I Finsky:background: [102] bbgh.n(11): DSC: getDownload(2554)
03-29 16:36:25.209 14701 14740 I Finsky:background: [95] rgi.i(13): DS: getDownload(request_id=2554)
03-29 16:36:25.212  3961  3961 D BubblesManager: onNotificationChannelModified : pkg=com.android.vending ,modificationType:1
03-29 16:36:25.213  3381  4081 D ApplicationPolicy: isStatusBarNotificationAllowedAsUser: packageName = com.android.vending,userId = 0
03-29 16:36:25.213  3381  4081 D ApplicationPolicy: isStatusBarNotificationAllowedAsUser: packageName = com.android.vending,userId = 0
03-29 16:36:25.216 14701 14915 I Finsky:background: [149] rgi.h(316): DS: onGetDownload(request_id=2554, files_to_download=[config.arm64_v8a(size:5870067)], context[group_id=kai.c.acevocab:5bmO9wwYToO9U0LdYFLRUQ], display_data[invisible=false, title=kai.c.acevocab (unreviewed)], network_restrictions=ANY_NETWORK status=running, bytes_downloaded=0, total_bytes=5870067, retry[count=0, next_retry=n/a])
03-29 16:36:25.219 14701 14701 I Finsky:background: [2] afse.a(65): RF: onProgress 2554
03-29 16:36:25.220 14701 14701 I Finsky:background: [2] afsg.j(74): bytesCompleted/bytesTotal/ratio = 7817647 / 13742631 / 0.568861
03-29 16:36:25.224 14701 14746 I Finsky:background: [98] mcn.accept(261): IV2: onTaskProgress kai.c.acevocab[iid:521] [isid:5bmO9wwYToO9U0LdYFLRUQ] status:RESOURCE_FETCH_PROGRESS, size: 7817647/13742631
03-29 16:36:25.227 14701 14748 I Finsky:background: [100] vza.Q(41): IQ: Notifying installation update. [Package:kai.c.acevocab, isid:5bmO9wwYToO9U0LdYFLRUQ], status=DOWNLOADING, status_code=0, reason=single_install, tsc=PT1.796S, attempt=0
03-29 16:36:25.231  3381  3381 I Telecom:SamsungTelecomServiceImpl: isInManagedCall - callingPackage : android
03-29 16:36:25.233 14701 14701 I Finsky:background: [2] aerh.jg(69): PIM: Handling install package event for: kai.c.acevocab status:  DOWNLOADING, isid: 5bmO9wwYToO9U0LdYFLRUQ
03-29 16:36:25.235  3381  3381 D SmartAlertController: SmartAlert - Found Missed Event
03-29 16:36:25.236  4437  4437 I Launcher.NotificationListener: onNotificationPosted : com.android.vending number : 0
03-29 16:36:25.236  7558  7558 I Edge.badge: updateBadge item = com.android.vending:0 1
03-29 16:36:25.237 14574 14574 I Finsky  : [2] apah.e(257): DL: Data loader session turned off due to Incremental install not requested: kai.c.acevocab
03-29 16:36:25.237  4437  4830 I Launcher.NotificationListener: notificationIsValidForUI : com.android.vending missingTitleAndText : false isGroupHeader : false
03-29 16:36:25.238  3961  3961 D BubblesManager: onEntryUpdated : shouldBubbleUp=false ,key=0|com.android.vending|-56862258|null|10240
03-29 16:36:25.239  3961  3961 D InterruptionStateProvider:  no Heads up : edgelighting enabled app. 0|com.android.vending|-56862258|null|10240
03-29 16:36:25.239  3381  6510 D ApplicationPolicy: getApplicationUninstallationEnabled
03-29 16:36:25.239  3381  6510 D ApplicationPolicy: getApplicationUninstallationEnabled :  enabled true
03-29 16:36:25.250  3961  3961 I FaceWidgetPositionAlgorithm: getClockContainerHeight() supplier = 386, bottom margin = 0, real height = 476
03-29 16:36:25.250  3961  3961 I FaceWidgetPositionAlgorithm: getClockContainerHeight() supplier = 386, bottom margin = 90, real height = 476
03-29 16:36:25.250  3961  3961 I FaceWidgetPositionAlgorithm: getMediaContainerHeight() height = 0 container Visibility = 8, isValid = false, mIsDozing = false, fraction = 1.0, source = 0, target = 0
03-29 16:36:25.250  3961  3961 I FaceWidgetPositionAlgorithm: getMediaContainerHeight() supplier = 0
03-29 16:36:25.259  3961  4071 D LocalImageResolver: Couldn't use ImageDecoder for drawable, falling back to non-resized load.
03-29 16:36:25.263  3381  3401 D SettingsProvider: isChangeAllowed() : name = enabled_notification_listeners
03-29 16:36:25.263  3961  4071 D LocalImageResolver: Couldn't use ImageDecoder for drawable, falling back to non-resized load.
03-29 16:36:25.264  3381  3381 I Telecom:SamsungTelecomServiceImpl: isInManagedCall - callingPackage : android
03-29 16:36:25.267  4437  4437 I Launcher.NotificationListener: onNotificationPosted : com.android.vending number : 0
03-29 16:36:25.267  7558  7558 I Edge.badge: updateBadge item = com.android.vending:0 1
03-29 16:36:25.268  4437  4830 I Launcher.NotificationListener: notificationIsValidForUI : com.android.vending missingTitleAndText : false isGroupHeader : false
03-29 16:36:25.269  3961  3961 I FaceWidgetPositionAlgorithm: getClockContainerHeight() supplier = 386, bottom margin = 0, real height = 476
03-29 16:36:25.269  3961  3961 I FaceWidgetPositionAlgorithm: getClockContainerHeight() supplier = 386, bottom margin = 90, real height = 476
03-29 16:36:25.269  3961  3961 I FaceWidgetPositionAlgorithm: getMediaContainerHeight() height = 0 container Visibility = 8, isValid = false, mIsDozing = false, fraction = 1.0, source = 0, target = 0
03-29 16:36:25.269  3961  3961 I FaceWidgetPositionAlgorithm: getMediaContainerHeight() supplier = 0
03-29 16:36:25.270  3381  3381 D SmartAlertController: SmartAlert - Found Missed Event
03-29 16:36:25.278  3961  3961 I FaceWidgetPositionAlgorithm: getClockContainerHeight() supplier = 386, bottom margin = 0, real height = 476
03-29 16:36:25.278  3961  3961 I FaceWidgetPositionAlgorithm: getClockContainerHeight() supplier = 386, bottom margin = 90, real height = 476
03-29 16:36:25.278  3961  3961 I FaceWidgetPositionAlgorithm: getMediaContainerHeight() height = 0 container Visibility = 8, isValid = false, mIsDozing = false, fraction = 1.0, source = 0, target = 0
03-29 16:36:25.278  3961  3961 I FaceWidgetPositionAlgorithm: getMediaContainerHeight() supplier = 0
03-29 16:36:25.281  3961  3961 D BubblesManager: onEntryUpdated : shouldBubbleUp=false ,key=0|com.android.vending|-56862258|null|10240
03-29 16:36:25.281  3961  3961 D InterruptionStateProvider:  no Heads up : edgelighting enabled app. 0|com.android.vending|-56862258|null|10240
03-29 16:36:25.281  3381  3827 D SemWifiSwitchForIndividualAppsService: isSkipTcpMonitorInfo - result:2
03-29 16:36:25.284  3961  3961 I FaceWidgetPositionAlgorithm: getClockContainerHeight() supplier = 386, bottom margin = 0, real height = 476
03-29 16:36:25.284  3961  3961 I FaceWidgetPositionAlgorithm: getClockContainerHeight() supplier = 386, bottom margin = 90, real height = 476
03-29 16:36:25.284  3961  3961 I FaceWidgetPositionAlgorithm: getMediaContainerHeight() height = 0 container Visibility = 8, isValid = false, mIsDozing = false, fraction = 1.0, source = 0, target = 0
03-29 16:36:25.284  3961  3961 I FaceWidgetPositionAlgorithm: getMediaContainerHeight() supplier = 0
03-29 16:36:25.289  3961  4071 D LocalImageResolver: Couldn't use ImageDecoder for drawable, falling back to non-resized load.
03-29 16:36:25.292  3961  4071 D LocalImageResolver: Couldn't use ImageDecoder for drawable, falling back to non-resized load.
03-29 16:36:25.296  3381  3381 I Telecom:SamsungTelecomServiceImpl: isInManagedCall - callingPackage : android
03-29 16:36:25.297  3961  3961 I FaceWidgetPositionAlgorithm: getClockContainerHeight() supplier = 386, bottom margin = 0, real height = 476
03-29 16:36:25.297  3961  3961 I FaceWidgetPositionAlgorithm: getClockContainerHeight() supplier = 386, bottom margin = 90, real height = 476
03-29 16:36:25.297  3961  3961 I FaceWidgetPositionAlgorithm: getMediaContainerHeight() height = 0 container Visibility = 8, isValid = false, mIsDozing = false, fraction = 1.0, source = 0, target = 0
03-29 16:36:25.297  3961  3961 I FaceWidgetPositionAlgorithm: getMediaContainerHeight() supplier = 0
03-29 16:36:25.300  3381  3381 D SmartAlertController: SmartAlert - Found Missed Event
03-29 16:36:25.302  4437  4437 I Launcher.NotificationListener: onNotificationPosted : com.android.vending number : 0
03-29 16:36:25.302  4437  4830 I Launcher.NotificationListener: notificationIsValidForUI : com.android.vending missingTitleAndText : false isGroupHeader : false
03-29 16:36:25.303  7558  7558 I Edge.badge: updateBadge item = com.android.vending:0 1
03-29 16:36:25.308  3961  3961 I FaceWidgetPositionAlgorithm: getClockContainerHeight() supplier = 386, bottom margin = 0, real height = 476
03-29 16:36:25.308  3961  3961 I FaceWidgetPositionAlgorithm: getClockContainerHeight() supplier = 386, bottom margin = 90, real height = 476
03-29 16:36:25.308  3961  3961 I FaceWidgetPositionAlgorithm: getMediaContainerHeight() height = 0 container Visibility = 8, isValid = false, mIsDozing = false, fraction = 1.0, source = 0, target = 0
03-29 16:36:25.308  3961  3961 I FaceWidgetPositionAlgorithm: getMediaContainerHeight() supplier = 0
03-29 16:36:25.313  3961  3961 D BubblesManager: onEntryUpdated : shouldBubbleUp=false ,key=0|com.android.vending|-56862258|null|10240
03-29 16:36:25.313  3961  3961 D InterruptionStateProvider:  no Heads up : edgelighting enabled app. 0|com.android.vending|-56862258|null|10240
03-29 16:36:25.323 14701 14739 I Finsky:background: [94] afok.a(861): RF::PP-Verify: starting to verify for kai.c.acevocab[iid:521] [isid:5bmO9wwYToO9U0LdYFLRUQ] [tid: 1000000862].
03-29 16:36:25.323  4437  4830 I AppIconSolution: getThemeIconWithBG called with public API, pkg = null, mode = 1
03-29 16:36:25.324  3961  3961 I FaceWidgetPositionAlgorithm: getClockContainerHeight() supplier = 386, bottom margin = 0, real height = 476
03-29 16:36:25.324  3961  3961 I FaceWidgetPositionAlgorithm: getClockContainerHeight() supplier = 386, bottom margin = 90, real height = 476
03-29 16:36:25.324  3961  3961 I FaceWidgetPositionAlgorithm: getMediaContainerHeight() height = 0 container Visibility = 8, isValid = false, mIsDozing = false, fraction = 1.0, source = 0, target = 0
03-29 16:36:25.324  3961  3961 I FaceWidgetPositionAlgorithm: getMediaContainerHeight() supplier = 0
03-29 16:36:25.325  4437  4830 I AppIconSolution: start to load, pkg=null, bg=192-192, dr=180-180, forDefault=true, density=0
03-29 16:36:25.325  4437  4830 I AppIconSolution: getIconScale, pkg=null, size=180, iconScale=IconScale[alpha=0, scale=1.0, isCrop=true]
03-29 16:36:25.327  4437  4830 I AppIconSolution: default container[CROP], pkg=null, bg=180-180, dr=180-180, isNight = true
03-29 16:36:25.329  4437  4830 I AppIconSolution: getThemeIconWithBG called with public API, pkg = null, mode = 1
03-29 16:36:25.329 14701 14741 I Finsky:background: [96] afus.t(9): RM: remove resources for request e9a45d1d-af5d-4ce0-a129-24a76d556912
03-29 16:36:25.330  4437  4830 I AppIconSolution: start to load, pkg=null, bg=192-192, dr=180-180, forDefault=true, density=0
03-29 16:36:25.330  4437  4830 I AppIconSolution: getIconScale, pkg=null, size=180, iconScale=IconScale[alpha=0, scale=1.0, isCrop=true]
03-29 16:36:25.331  4437  4830 I AppIconSolution: default container[CROP], pkg=null, bg=180-180, dr=180-180, isNight = true
03-29 16:36:25.332 14701 14757 I Finsky:background: [105] bbgh.q(11): DSC: remove(2553)
03-29 16:36:25.333  3961  4071 D LocalImageResolver: Couldn't use ImageDecoder for drawable, falling back to non-resized load.
03-29 16:36:25.333  4437  4830 I AppIconSolution: getThemeIconWithBG called with public API, pkg = null, mode = 1
03-29 16:36:25.334  4437  4830 I AppIconSolution: start to load, pkg=null, bg=192-192, dr=180-180, forDefault=true, density=0
03-29 16:36:25.334 14701 14750 I Finsky:background: [102] rgi.k(13): DS: remove(request_id=2553)
03-29 16:36:25.334  4437  4830 I AppIconSolution: getIconScale, pkg=null, size=180, iconScale=IconScale[alpha=0, scale=1.0, isCrop=true]
03-29 16:36:25.334  3961  4071 D LocalImageResolver: Couldn't use ImageDecoder for drawable, falling back to non-resized load.
03-29 16:36:25.335  4437  4830 I AppIconSolution: default container[CROP], pkg=null, bg=180-180, dr=180-180, isNight = true
03-29 16:36:25.337  4437  4830 I AppIconSolution: getThemeIconWithBG called with public API, pkg = null, mode = 1
03-29 16:36:25.337  4437  4830 I AppIconSolution: start to load, pkg=null, bg=192-192, dr=180-180, forDefault=true, density=0
03-29 16:36:25.337  4437  4830 I AppIconSolution: getIconScale, pkg=null, size=180, iconScale=IconScale[alpha=0, scale=1.0, isCrop=true]
03-29 16:36:25.338  4437  4830 I AppIconSolution: default container[CROP], pkg=null, bg=180-180, dr=180-180, isNight = true
03-29 16:36:25.339  3961  3961 I FaceWidgetPositionAlgorithm: getClockContainerHeight() supplier = 386, bottom margin = 0, real height = 476
03-29 16:36:25.339  3961  3961 I FaceWidgetPositionAlgorithm: getClockContainerHeight() supplier = 386, bottom margin = 90, real height = 476
03-29 16:36:25.339  3961  3961 I FaceWidgetPositionAlgorithm: getMediaContainerHeight() height = 0 container Visibility = 8, isValid = false, mIsDozing = false, fraction = 1.0, source = 0, target = 0
03-29 16:36:25.339  3961  3961 I FaceWidgetPositionAlgorithm: getMediaContainerHeight() supplier = 0
03-29 16:36:25.340  4437  4830 I AppIconSolution: getThemeIconWithBG called with public API, pkg = null, mode = 1
03-29 16:36:25.341  4437  4830 I AppIconSolution: start to load, pkg=null, bg=192-192, dr=180-180, forDefault=true, density=0
03-29 16:36:25.341  4437  4830 I AppIconSolution: getIconScale, pkg=null, size=180, iconScale=IconScale[alpha=0, scale=1.0, isCrop=true]
03-29 16:36:25.341  4437  4830 I AppIconSolution: default container[CROP], pkg=null, bg=180-180, dr=180-180, isNight = true
03-29 16:36:25.342 14701 14915 I Finsky:background: [149] rgi.h(316): DS: onRemove(request_id=2553, files_to_download=[kai.c.acevocab.apk(size:7786974)], context[group_id=kai.c.acevocab:5bmO9wwYToO9U0LdYFLRUQ], display_data[invisible=false, title=kai.c.acevocab (unreviewed)], network_restrictions=ANY_NETWORK status=succeeded, bytes_downloaded=7786974, total_bytes=7786974, retry[count=0, next_retry=n/a])
03-29 16:36:25.343  4437  4830 I AppIconSolution: getThemeIconWithBG called with public API, pkg = null, mode = 1
03-29 16:36:25.344  4437  4830 I AppIconSolution: start to load, pkg=null, bg=192-192, dr=180-180, forDefault=true, density=0
03-29 16:36:25.344  4437  4830 I AppIconSolution: getIconScale, pkg=null, size=180, iconScale=IconScale[alpha=0, scale=1.0, isCrop=true]
03-29 16:36:25.346  4437  4830 I AppIconSolution: default container[CROP], pkg=null, bg=180-180, dr=180-180, isNight = true
03-29 16:36:25.348  3961  3961 I FaceWidgetPositionAlgorithm: getClockContainerHeight() supplier = 386, bottom margin = 0, real height = 476
03-29 16:36:25.348  3961  3961 I FaceWidgetPositionAlgorithm: getClockContainerHeight() supplier = 386, bottom margin = 90, real height = 476
03-29 16:36:25.348  3961  3961 I FaceWidgetPositionAlgorithm: getMediaContainerHeight() height = 0 container Visibility = 8, isValid = false, mIsDozing = false, fraction = 1.0, source = 0, target = 0
03-29 16:36:25.348  3961  3961 I FaceWidgetPositionAlgorithm: getMediaContainerHeight() supplier = 0
03-29 16:36:25.421  3381  3381 I Telecom:SamsungTelecomServiceImpl: isInManagedCall - callingPackage : android
03-29 16:36:25.424  3381  3381 D SmartAlertController: SmartAlert - Found Missed Event
03-29 16:36:25.425  4437  4437 I Launcher.NotificationListener: onNotificationPosted : com.android.vending number : 0
03-29 16:36:25.425  4437  4830 I Launcher.NotificationListener: notificationIsValidForUI : com.android.vending missingTitleAndText : false isGroupHeader : false
03-29 16:36:25.425  7558  7558 I Edge.badge: updateBadge item = com.android.vending:0 1
03-29 16:36:25.427  3961  3961 D BubblesManager: onEntryUpdated : shouldBubbleUp=false ,key=0|com.android.vending|-56862258|null|10240
03-29 16:36:25.427  3961  3961 D InterruptionStateProvider:  no Heads up : edgelighting enabled app. 0|com.android.vending|-56862258|null|10240
03-29 16:36:25.436  3961  3961 I FaceWidgetPositionAlgorithm: getClockContainerHeight() supplier = 386, bottom margin = 0, real height = 476
03-29 16:36:25.437  3961  3961 I FaceWidgetPositionAlgorithm: getClockContainerHeight() supplier = 386, bottom margin = 90, real height = 476
03-29 16:36:25.437  3961  3961 I FaceWidgetPositionAlgorithm: getMediaContainerHeight() height = 0 container Visibility = 8, isValid = false, mIsDozing = false, fraction = 1.0, source = 0, target = 0
03-29 16:36:25.437  3961  3961 I FaceWidgetPositionAlgorithm: getMediaContainerHeight() supplier = 0
03-29 16:36:25.448  3961  4071 D LocalImageResolver: Couldn't use ImageDecoder for drawable, falling back to non-resized load.
03-29 16:36:25.448  3961  4071 D LocalImageResolver: Couldn't use ImageDecoder for drawable, falling back to non-resized load.
03-29 16:36:25.459  3961  3961 I FaceWidgetPositionAlgorithm: getClockContainerHeight() supplier = 386, bottom margin = 0, real height = 476
03-29 16:36:25.460  3961  3961 I FaceWidgetPositionAlgorithm: getClockContainerHeight() supplier = 386, bottom margin = 90, real height = 476
03-29 16:36:25.460  3961  3961 I FaceWidgetPositionAlgorithm: getMediaContainerHeight() height = 0 container Visibility = 8, isValid = false, mIsDozing = false, fraction = 1.0, source = 0, target = 0
03-29 16:36:25.460  3961  3961 I FaceWidgetPositionAlgorithm: getMediaContainerHeight() supplier = 0
03-29 16:36:25.469  3961  3961 I FaceWidgetPositionAlgorithm: getClockContainerHeight() supplier = 386, bottom margin = 0, real height = 476
03-29 16:36:25.470  3961  3961 I FaceWidgetPositionAlgorithm: getClockContainerHeight() supplier = 386, bottom margin = 90, real height = 476
03-29 16:36:25.470  3961  3961 I FaceWidgetPositionAlgorithm: getMediaContainerHeight() height = 0 container Visibility = 8, isValid = false, mIsDozing = false, fraction = 1.0, source = 0, target = 0
03-29 16:36:25.470  3961  3961 I FaceWidgetPositionAlgorithm: getMediaContainerHeight() supplier = 0
03-29 16:36:25.473  3947  5123 D PhoneInterfaceManager: setDataEnabledForReason() Reason=1 Pid=3381 App=system
03-29 16:36:25.582  2106  3878 I bauth_FPBAuthService: pcf : 0x1012, 0 ,3 ,0 ,0 ,0 ,0, 7.0.0.0
03-29 16:36:25.583  2106  3878 I bauth_FPBAuthService: thread id : 3, preenroll_flag : 0, nd cnt : 0, cso : 0, et : 0
03-29 16:36:25.583  2106  3878 I bauth_FPBAuthService: FPBAuthService, 11491
03-29 16:36:25.605  3381  3805 I SemDvfsHyPerManager: acquire hyper - WIFI_L1SS/3381@10, type = -999
03-29 16:36:25.606  3186  3188 I HYPER-HAL: [RequestManager.cpp]acquire(): Acquired ID : 5751146  [3381 / 10]    HINT : WIFI_HEAVY_TRAFFIC_L1SS    list : 
03-29 16:36:25.608  3381  3811 D SemNscXgbMsL1: Probability - Cloud gaming: [0.04108589]
03-29 16:36:25.609  3381  3811 D SemNscXgbMsL1: Probability - Real time: [0.25853738]
03-29 16:36:25.609  3381  3811 D SemNscXgbMsL1: Probability - Non real time: [0.9403257]
03-29 16:36:25.609  3381  3811 D SemNscXgbMsL1: 1 sample inference time: 1.190417 msecs
03-29 16:36:25.611  3381  3811 D SemNscXgbL2Rt: L2 RT 1 sample inference time: 1.973125 msecs
03-29 16:36:25.613  3381  3811 D SemNscXgbL2Nrt: L2 NRT 1 sample inference time: 1.327709 msecs
03-29 16:36:25.672 14701 14944 I Finsky:background: [156] ril.c(204): Failed to force sync file descriptor (not a bug): sync failed
03-29 16:36:25.677 14701 14917 W Finsky:background: [151] rhb.apply(112): DS: Attempted to update download state [requestId=2554] in terminal state [statusCode=3]. Update ignored.
03-29 16:36:25.678 14701 14915 I Finsky:background: [149] rjw.c(106): DSC::L: Update all listeners for download <2554:SUCCEEDED> in group kai.c.acevocab:5bmO9wwYToO9U0LdYFLRUQ
03-29 16:36:25.678 14701 14915 I Finsky:background: [149] rjw.c(146): DSC::L: Updating listener DownloadServiceManagerListener::pud@255349a for download <2554:SUCCEEDED>
03-29 16:36:25.678 14701 14915 I Finsky:background: [149] rjw.c(146): DSC::L: Updating listener rea@d6a81cb for download <2554:SUCCEEDED>
03-29 16:36:25.678 14701 14915 I Finsky:background: [149] rjw.c(146): DSC::L: Updating listener DownloadServiceManagerListener::aftb@c4757fd for download <2554:SUCCEEDED>
03-29 16:36:25.678 14701 14915 I Finsky:background: [149] bmue.k(45): RM: receive resource status onSuccess config.arm64_v8a reason: single_install isid: 5bmO9wwYToO9U0LdYFLRUQ, 3, 200, size: 5870067/5870067
03-29 16:36:25.679 14701 14750 I Finsky:background: [102] bbgh.n(11): DSC: getDownload(2554)
03-29 16:36:25.681 14701 14738 I Finsky:background: [93] rgi.i(13): DS: getDownload(request_id=2554)
03-29 16:36:25.682  3961  3961 D BubblesManager: onNotificationChannelModified : pkg=com.android.vending ,modificationType:1
03-29 16:36:25.682 14701 14933 I Finsky:background: [155] ovy.run(63): DU: Stored data usage stats for package kai.c.acevocab; completed bytes: 5870067.
03-29 16:36:25.684  3381  4081 D ApplicationPolicy: isStatusBarNotificationAllowedAsUser: packageName = com.android.vending,userId = 0
03-29 16:36:25.684  3381  4081 D ApplicationPolicy: isStatusBarNotificationAllowedAsUser: packageName = com.android.vending,userId = 0
03-29 16:36:25.690 14701 14915 I Finsky:background: [149] rjw.c(32): DSC::L:Skipping updating listeners of <2554:SUCCEEDED> to avoid duplicates.
03-29 16:36:25.695  3961  3961 D BubblesManager: onNotificationChannelModified : pkg=com.android.vending ,modificationType:1
03-29 16:36:25.697  3381  4081 D ApplicationPolicy: isStatusBarNotificationAllowedAsUser: packageName = com.android.vending,userId = 0
03-29 16:36:25.697  3381  4081 D ApplicationPolicy: isStatusBarNotificationAllowedAsUser: packageName = com.android.vending,userId = 0
03-29 16:36:25.702 14701 14915 I Finsky:background: [149] rik.b(11): DS::CD: download(2555)
03-29 16:36:25.702 14701 14915 I Finsky:background: [149] rgi.h(316): DS: onGetDownload(request_id=2554, files_to_download=[config.arm64_v8a(size:5870067)], context[group_id=kai.c.acevocab:5bmO9wwYToO9U0LdYFLRUQ], display_data[invisible=false, title=kai.c.acevocab (unreviewed)], network_restrictions=ANY_NETWORK status=succeeded, bytes_downloaded=5870067, total_bytes=5870067, retry[count=0, next_retry=n/a])
03-29 16:36:25.704 14701 14701 I Finsky:background: [2] afse.b(38): RF: onResourceSuccess 2554
03-29 16:36:25.704 14701 14701 I Finsky:background: [2] afsg.j(74): bytesCompleted/bytesTotal/ratio = 13687714 / 13742631 / 0.996004
03-29 16:36:25.704 14701 14701 I Finsky:background: [2] afse.c(54): RF: onSuccess 2554
03-29 16:36:25.707 14701 14739 I Finsky:background: [94] afrt.a(1280): RF: starting postprocessing for config.arm64_v8a
03-29 16:36:25.707 14701 14737 I Finsky:background: [92] afok.a(1116): RF::PP-Decompress: starting to decompress for kai.c.acevocab[iid:521] [isid:5bmO9wwYToO9U0LdYFLRUQ] [tid: 1000000862].
03-29 16:36:25.708 14701 14915 I Finsky:background: [149] rjw.c(106): DSC::L: Update all listeners for download <2555:RUNNING:0%[0%]> in group kai.c.acevocab:5bmO9wwYToO9U0LdYFLRUQ
03-29 16:36:25.708 14701 14915 I Finsky:background: [149] rjw.c(146): DSC::L: Updating listener DownloadServiceManagerListener::pud@255349a for download <2555:RUNNING:0%[0%]>
03-29 16:36:25.708 14701 14915 I Finsky:background: [149] rjw.c(146): DSC::L: Updating listener rea@d6a81cb for download <2555:RUNNING:0%[0%]>
03-29 16:36:25.708 14701 14741 I Finsky:background: [96] afok.a(948): RF::PP-Copy: starting to copy for kai.c.acevocab[iid:521] [isid:5bmO9wwYToO9U0LdYFLRUQ] [tid: 1000000862]
03-29 16:36:25.708 14701 14915 I Finsky:background: [149] rjw.c(146): DSC::L: Updating listener DownloadServiceManagerListener::aftb@c4757fd for download <2555:RUNNING:0%[0%]>
03-29 16:36:25.708 14701 14915 I Finsky:background: [149] aftb.f(13): DS: Received onProgress request_id=2555
03-29 16:36:25.709 14701 14915 I Finsky:background: [149] bmue.j(45): RM: receive resource status onStart kai.c.acevocab.dm reason: single_install isid: 5bmO9wwYToO9U0LdYFLRUQ, 2, 192, size: 0/45340
03-29 16:36:25.709 14701 14915 I Finsky:background: [149] bmue.i(61): RM: receive resource status onProgress download_request_id=2555, group_id=kai.c.acevocab.dm reason: single_install isid: 5bmO9wwYToO9U0LdYFLRUQ, status_code=RESOURCE_STATUS_IN_PROGRESS, legacy_status_code=192, size: 0/45340
03-29 16:36:25.709 14701 14746 I Finsky:background: [98] mcn.accept(261): IV2: onTaskProgress kai.c.acevocab[iid:521] [isid:5bmO9wwYToO9U0LdYFLRUQ] status:RESOURCE_FETCH_PROGRESS, size: 13687714/13742631
03-29 16:36:25.709 14701 14738 I Finsky:background: [93] bbgh.n(11): DSC: getDownload(2555)
03-29 16:36:25.710 14701 14750 I Finsky:background: [102] bbgh.n(11): DSC: getDownload(2555)
03-29 16:36:25.710 14701 14738 I Finsky:background: [93] rgi.i(13): DS: getDownload(request_id=2555)
03-29 16:36:25.710 14701 14750 I Finsky:background: [102] rgi.i(13): DS: getDownload(request_id=2555)
03-29 16:36:25.711 14701 14746 I Finsky:background: [98] mcn.accept(261): IV2: onTaskProgress kai.c.acevocab[iid:521] [isid:5bmO9wwYToO9U0LdYFLRUQ] status:RESOURCE_FETCH_PROGRESS, size: 13687714/13742631
03-29 16:36:25.711 14701 14748 I Finsky:background: [100] vza.Q(41): IQ: Notifying installation update. [Package:kai.c.acevocab, isid:5bmO9wwYToO9U0LdYFLRUQ], status=DOWNLOADING, status_code=0, reason=single_install, tsc=PT2.28S, attempt=0
03-29 16:36:25.712  3961  3961 D BubblesManager: onNotificationChannelModified : pkg=com.android.vending ,modificationType:1
03-29 16:36:25.713  3381  4081 D ApplicationPolicy: isStatusBarNotificationAllowedAsUser: packageName = com.android.vending,userId = 0
03-29 16:36:25.714  3381  4081 D ApplicationPolicy: isStatusBarNotificationAllowedAsUser: packageName = com.android.vending,userId = 0
03-29 16:36:25.719 14701 14701 I Finsky:background: [2] aerh.jg(69): PIM: Handling install package event for: kai.c.acevocab status:  DOWNLOADING, isid: 5bmO9wwYToO9U0LdYFLRUQ
03-29 16:36:25.721 14701 14915 I Finsky:background: [149] rgi.h(316): DS: onGetDownload(request_id=2555, files_to_download=[kai.c.acevocab.dm(size:45340)], context[group_id=kai.c.acevocab:5bmO9wwYToO9U0LdYFLRUQ], display_data[invisible=false, title=kai.c.acevocab (unreviewed)], network_restrictions=ANY_NETWORK status=running, bytes_downloaded=0, total_bytes=45340, retry[count=0, next_retry=n/a])
03-29 16:36:25.722 14701 14915 I Finsky:background: [149] rgi.h(316): DS: onGetDownload(request_id=2555, files_to_download=[kai.c.acevocab.dm(size:45340)], context[group_id=kai.c.acevocab:5bmO9wwYToO9U0LdYFLRUQ], display_data[invisible=false, title=kai.c.acevocab (unreviewed)], network_restrictions=ANY_NETWORK status=running, bytes_downloaded=0, total_bytes=45340, retry[count=0, next_retry=n/a])
03-29 16:36:25.722 14701 14748 I Finsky:background: [100] vza.Q(41): IQ: Notifying installation update. [Package:kai.c.acevocab, isid:5bmO9wwYToO9U0LdYFLRUQ], status=DOWNLOADING, status_code=0, reason=single_install, tsc=PT2.291S, attempt=0
03-29 16:36:25.723 14701 14701 I Finsky:background: [2] afsx.run(412): RF: onStart 2555
03-29 16:36:25.724 14574 14574 I Finsky  : [2] apah.e(257): DL: Data loader session turned off due to Incremental install not requested: kai.c.acevocab
03-29 16:36:25.729  3381  6510 D ApplicationPolicy: getApplicationUninstallationEnabled
03-29 16:36:25.729  3381  6510 D ApplicationPolicy: getApplicationUninstallationEnabled :  enabled true
03-29 16:36:25.730 14574 14574 I Finsky  : [2] apah.e(257): DL: Data loader session turned off due to Incremental install not requested: kai.c.acevocab
03-29 16:36:25.732  3381  6510 D ApplicationPolicy: getApplicationUninstallationEnabled
03-29 16:36:25.732  3381  6510 D ApplicationPolicy: getApplicationUninstallationEnabled :  enabled true
03-29 16:36:25.734 14701 14701 I Finsky:background: [2] afsg.j(74): bytesCompleted/bytesTotal/ratio = 13687714 / 13742631 / 0.996004
03-29 16:36:25.734 14701 14701 I Finsky:background: [2] afse.a(65): RF: onProgress 2555
03-29 16:36:25.734 14701 14701 I Finsky:background: [2] afsg.j(74): bytesCompleted/bytesTotal/ratio = 13687714 / 13742631 / 0.996004
03-29 16:36:25.735 14701 14701 I Finsky:background: [2] aerh.jg(69): PIM: Handling install package event for: kai.c.acevocab status:  DOWNLOADING, isid: 5bmO9wwYToO9U0LdYFLRUQ
03-29 16:36:25.737 14701 14746 I Finsky:background: [98] mcn.accept(261): IV2: onTaskProgress kai.c.acevocab[iid:521] [isid:5bmO9wwYToO9U0LdYFLRUQ] status:RESOURCE_FETCH_PROGRESS, size: 13687714/13742631
03-29 16:36:25.738 14701 14746 I Finsky:background: [98] mcn.accept(261): IV2: onTaskProgress kai.c.acevocab[iid:521] [isid:5bmO9wwYToO9U0LdYFLRUQ] status:RESOURCE_FETCH_PROGRESS, size: 13687714/13742631
03-29 16:36:25.739 14701 14748 I Finsky:background: [100] vza.Q(41): IQ: Notifying installation update. [Package:kai.c.acevocab, isid:5bmO9wwYToO9U0LdYFLRUQ], status=DOWNLOADING, status_code=0, reason=single_install, tsc=PT2.307S, attempt=0
03-29 16:36:25.741 14701 14701 I Finsky:background: [2] aerh.jg(69): PIM: Handling install package event for: kai.c.acevocab status:  DOWNLOADING, isid: 5bmO9wwYToO9U0LdYFLRUQ
03-29 16:36:25.742 14701 14748 I Finsky:background: [100] vza.Q(41): IQ: Notifying installation update. [Package:kai.c.acevocab, isid:5bmO9wwYToO9U0LdYFLRUQ], status=DOWNLOADING, status_code=0, reason=single_install, tsc=PT2.311S, attempt=0
03-29 16:36:25.744 14701 14701 I Finsky:background: [2] aerh.jg(69): PIM: Handling install package event for: kai.c.acevocab status:  DOWNLOADING, isid: 5bmO9wwYToO9U0LdYFLRUQ
03-29 16:36:25.748 14574 14574 I Finsky  : [2] apah.e(257): DL: Data loader session turned off due to Incremental install not requested: kai.c.acevocab
03-29 16:36:25.751  3381  4081 D ApplicationPolicy: getApplicationUninstallationEnabled
03-29 16:36:25.751  3381  4081 D ApplicationPolicy: getApplicationUninstallationEnabled :  enabled true
03-29 16:36:25.751 14701 14944 I Finsky:background: [156] ril.d(6): CronetDownloader: onRedirectReceived
03-29 16:36:25.752 14574 14574 I Finsky  : [2] apah.e(257): DL: Data loader session turned off due to Incremental install not requested: kai.c.acevocab
03-29 16:36:25.755  3381  6756 D ApplicationPolicy: getApplicationUninstallationEnabled
03-29 16:36:25.755  3381  6756 D ApplicationPolicy: getApplicationUninstallationEnabled :  enabled true
03-29 16:36:25.782 14701 14915 I Finsky:background: [149] rjw.c(106): DSC::L: Update all listeners for download <2555:RUNNING:0%[0%]> in group kai.c.acevocab:5bmO9wwYToO9U0LdYFLRUQ
03-29 16:36:25.783 14701 14915 I Finsky:background: [149] rjw.c(146): DSC::L: Updating listener DownloadServiceManagerListener::pud@255349a for download <2555:RUNNING:0%[0%]>
03-29 16:36:25.783 14701 14915 I Finsky:background: [149] rjw.c(146): DSC::L: Updating listener rea@d6a81cb for download <2555:RUNNING:0%[0%]>
03-29 16:36:25.783 14701 14915 I Finsky:background: [149] rjw.c(146): DSC::L: Updating listener DownloadServiceManagerListener::aftb@c4757fd for download <2555:RUNNING:0%[0%]>
03-29 16:36:25.783 14701 14915 I Finsky:background: [149] aftb.f(13): DS: Received onProgress request_id=2555
03-29 16:36:25.783 14701 14915 I Finsky:background: [149] bmue.i(61): RM: receive resource status onProgress download_request_id=2555, group_id=kai.c.acevocab.dm reason: single_install isid: 5bmO9wwYToO9U0LdYFLRUQ, status_code=RESOURCE_STATUS_IN_PROGRESS, legacy_status_code=192, size: 0/45340
03-29 16:36:25.784 14701 14757 I Finsky:background: [105] bbgh.n(11): DSC: getDownload(2555)
