03-29 16:36:23.746  3381  3499 W ContextImpl: Calling a method in the system process without a qualified user: android.app.ContextImpl.sendBroadcastMultiplePermissions:1335 android.content.Context.sendBroadcastMultiplePermissions:2276 com.android.server.TelephonyRegistry.broadcastServiceStateChanged:3142 com.android.server.TelephonyRegistry.notifyServiceStateForPhoneId:1632 com.android.internal.telephony.ITelephonyRegistry$Stub.onTransact:499 
03-29 16:36:23.746  3381  3409 W BroadcastQueue: Appop Denial: receiving Intent { act=android.intent.action.SERVICE_STATE flg=0x1000010 (has extras) } to ProcessRecord{13d06d3 3381:system/1000} (pid=3381, uid=1000) excludes appop android:read_phone_state due to sender android (uid 1000)
03-29 16:36:23.747  3381  3409 W BroadcastQueue: Appop Denial: receiving Intent { act=android.intent.action.SERVICE_STATE flg=0x1000010 (has extras) } to ProcessRecord{72dea18 3961:com.android.systemui/u0a39} (pid=3961, uid=10039) excludes appop android:read_phone_state due to sender android (uid 1000)
03-29 16:36:23.747  3381  3409 W BroadcastQueue: Appop Denial: receiving Intent { act=android.intent.action.SERVICE_STATE flg=0x1000010 (has extras) } to ProcessRecord{ad79628 3947:com.android.phone/1001} (pid=3947, uid=1001) excludes appop android:read_phone_state due to sender android (uid 1000)
03-29 16:36:23.747  3381  3409 W BroadcastQueue: Appop Denial: receiving Intent { act=android.intent.action.SERVICE_STATE flg=0x1000010 (has extras) } to ProcessRecord{ad79628 3947:com.android.phone/1001} (pid=3947, uid=1001) excludes appop android:read_phone_state due to sender android (uid 1000)
03-29 16:36:23.748  3947  4064 I System.out: Broadcasting: Intent { act=com.sec.intent.action.SARDEVICE_CP flg=0x10000000 (has extras) }
03-29 16:36:23.748  3381  3409 W BroadcastQueue: Appop Denial: receiving Intent { act=android.intent.action.SERVICE_STATE flg=0x1000010 (has extras) } to ProcessRecord{ad79628 3947:com.android.phone/1001} (pid=3947, uid=1001) excludes appop android:read_phone_state due to sender android (uid 1000)
03-29 16:36:23.748  3381  3409 W BroadcastQueue: Appop Denial: receiving Intent { act=android.intent.action.SERVICE_STATE flg=0x1000010 (has extras) } to ProcessRecord{13d06d3 3381:system/1000} (pid=3381, uid=1000) excludes appop android:read_phone_state due to sender android (uid 1000)
03-29 16:36:23.748  3381  3409 W BroadcastQueue: Permission Denial: receiving Intent { act=android.intent.action.SERVICE_STATE flg=0x1000010 (has extras) } to com.google.android.cellbroadcastreceiver/com.android.cellbroadcastreceiver.CellBroadcastReceiver requires android.permission.ACCESS_FINE_LOCATION due to sender android (uid 1000)
03-29 16:36:23.748  2025  2216 D SemNativeCarrierFeature_vendor: getInstance
03-29 16:36:23.749 30917 14207 I Bugle   : processRcsReadinessReason: Current ChatTransportType is: 2, ready: true
03-29 16:36:23.749  3381  3409 W BroadcastQueue: Appop Denial: receiving Intent { act=android.intent.action.SERVICE_STATE flg=0x1000010 (has extras) } to ProcessRecord{13d06d3 3381:system/1000} (pid=3381, uid=1000) excludes appop android:fine_location due to sender android (uid 1000)
03-29 16:36:23.749  3381  3499 W ContextImpl: Calling a method in the system process without a qualified user: android.app.ContextImpl.sendBroadcastMultiplePermissions:1335 android.content.Context.sendBroadcastMultiplePermissions:2276 com.android.server.TelephonyRegistry.broadcastServiceStateChanged:3146 com.android.server.TelephonyRegistry.notifyServiceStateForPhoneId:1632 com.android.internal.telephony.ITelephonyRegistry$Stub.onTransact:499 
03-29 16:36:23.749  3381  3409 W BroadcastQueue: Appop Denial: receiving Intent { act=android.intent.action.SERVICE_STATE flg=0x1000010 (has extras) } to ProcessRecord{72dea18 3961:com.android.systemui/u0a39} (pid=3961, uid=10039) excludes appop android:fine_location due to sender android (uid 1000)
03-29 16:36:23.749  3381  3409 W BroadcastQueue: Appop Denial: receiving Intent { act=android.intent.action.SERVICE_STATE flg=0x1000010 (has extras) } to ProcessRecord{ad79628 3947:com.android.phone/1001} (pid=3947, uid=1001) excludes appop android:fine_location due to sender android (uid 1000)
03-29 16:36:23.749  3381  3409 W BroadcastQueue: Appop Denial: receiving Intent { act=android.intent.action.SERVICE_STATE flg=0x1000010 (has extras) } to ProcessRecord{ad79628 3947:com.android.phone/1001} (pid=3947, uid=1001) excludes appop android:fine_location due to sender android (uid 1000)
03-29 16:36:23.749  3381  3409 W BroadcastQueue: Appop Denial: receiving Intent { act=android.intent.action.SERVICE_STATE flg=0x1000010 (has extras) } to ProcessRecord{ad79628 3947:com.android.phone/1001} (pid=3947, uid=1001) excludes appop android:fine_location due to sender android (uid 1000)
03-29 16:36:23.749  3381  3409 W BroadcastQueue: Appop Denial: receiving Intent { act=android.intent.action.SERVICE_STATE flg=0x1000010 (has extras) } to ProcessRecord{13d06d3 3381:system/1000} (pid=3381, uid=1000) excludes appop android:fine_location due to sender android (uid 1000)
03-29 16:36:23.749 30917 14207 I Bugle   : shouldLaunchPostReadyWork is false. Returning from the method
03-29 16:36:23.749  3381  3409 W BroadcastQueue: Permission Denial: receiving Intent { act=android.intent.action.SERVICE_STATE flg=0x1000010 (has extras) } to com.google.android.cellbroadcastreceiver/com.android.cellbroadcastreceiver.CellBroadcastReceiver requires android.permission.READ_PHONE_STATE due to sender android (uid 1000)
03-29 16:36:23.750  3381  3558 D MotionRecognitionService: [SAR]  onReceive : SARDEVICE_CP, callAction = off deviceID = 67142145 slot = 0 device_ext = 0
03-29 16:36:23.750  3381  3558 I MotionRecognitionService: [SAR] setEndTime workingtime type: 0 : 140944
03-29 16:36:23.750  3381  3558 I MotionRecognitionService: [SAR] setEndTime screen true, type : 0, device : 0
03-29 16:36:23.750  3381  3558 I MotionRecognitionService: [SAR] id : 0 cmd :off
03-29 16:36:23.750  3381  3558 I MotionRecognitionService: [SAR] SarDevice clear 1 channel : 0 , state : 0
03-29 16:36:23.751  3381  3409 W BroadcastQueue: Appop Denial: receiving Intent { act=android.intent.action.SERVICE_STATE flg=0x1000010 (has extras) } to ProcessRecord{13d06d3 3381:system/1000} (pid=3381, uid=1000) excludes appop android:read_phone_state due to sender android (uid 1000)
03-29 16:36:23.751  3381  3409 W BroadcastQueue: Appop Denial: receiving Intent { act=android.intent.action.SERVICE_STATE flg=0x1000010 (has extras) } to ProcessRecord{72dea18 3961:com.android.systemui/u0a39} (pid=3961, uid=10039) excludes appop android:read_phone_state due to sender android (uid 1000)
03-29 16:36:23.752  3381  3409 W BroadcastQueue: Appop Denial: receiving Intent { act=android.intent.action.SERVICE_STATE flg=0x1000010 (has extras) } to ProcessRecord{ad79628 3947:com.android.phone/1001} (pid=3947, uid=1001) excludes appop android:read_phone_state due to sender android (uid 1000)
03-29 16:36:23.752  3947  3947 D ServiceStateProvider: subId=1
03-29 16:36:23.752  3381  3409 W BroadcastQueue: Appop Denial: receiving Intent { act=android.intent.action.SERVICE_STATE flg=0x1000010 (has extras) } to ProcessRecord{ad79628 3947:com.android.phone/1001} (pid=3947, uid=1001) excludes appop android:read_phone_state due to sender android (uid 1000)
03-29 16:36:23.752  3381  3409 W BroadcastQueue: Appop Denial: receiving Intent { act=android.intent.action.SERVICE_STATE flg=0x1000010 (has extras) } to ProcessRecord{ad79628 3947:com.android.phone/1001} (pid=3947, uid=1001) excludes appop android:read_phone_state due to sender android (uid 1000)
03-29 16:36:23.752  3381  3409 W BroadcastQueue: Appop Denial: receiving Intent { act=android.intent.action.SERVICE_STATE flg=0x1000010 (has extras) } to ProcessRecord{13d06d3 3381:system/1000} (pid=3381, uid=1000) excludes appop android:read_phone_state due to sender android (uid 1000)
03-29 16:36:23.754  3381  3558 D MotionRecognitionService: [SAR] set setTransmitPowerWithFlag  value : 1 : false
03-29 16:36:23.754  3381  3558 I MotionRecognitionService: [SAR] setEndTime workingtime type: 1 : 140359
03-29 16:36:23.754  3381  4234 D SLocation: CellLocationManager - onCellLocationChanged 1 / 0
03-29 16:36:23.754  3381  3558 I MotionRecognitionService: [SAR] setEndTime screen true, type : 1, device : 0
03-29 16:36:23.754  3381  3558 I MotionRecognitionService: [SAR] SX9360 Grip sensor disableSensor : true
03-29 16:36:23.754  3381  3558 I MotionRecognitionService: [SAR] SX9360 Grip sensorsetTunerGrip 8589934592 , state: false
03-29 16:36:23.754  3381  3558 D MotionRecognitionService: [SAR] set setTransmitPowerExt  value : 8589934592 : false
03-29 16:36:23.755  3381  3558 I MotionRecognitionService: [SAR] tunerGrip is 8589934592, state : false
03-29 16:36:23.755  3381  3558 I MotionRecognitionService: [SAR] SX9360 Grip sensorsetTunerGrip 17179869184 , state: false
03-29 16:36:23.755  3947  3947 I Telephony: TelecomAccountRegistry$AccountEntry: isRttCurrentlySupported -- regular acct,, hasVoiceAvailability: true, isRttSupported: false, alwaysAllowWhileRoaming: false, isRoaming: false, isOnWfc: false
03-29 16:36:23.755  3947  3947 V PhoneGlobals: handleServiceStateChanged
03-29 16:36:23.755  2300  2300 D CellBroadcastReceiver: onReceive Intent { act=android.intent.action.SERVICE_STATE flg=0x1000010 cmp=com.google.android.cellbroadcastreceiver/com.android.cellbroadcastreceiver.CellBroadcastReceiver (has extras) }
03-29 16:36:23.755  3947  3947 D NotificationMgr: updateNetworkSelection, Use Samsung codes instead of AOSP codes
03-29 16:36:23.755  3947  3947 V PhoneGlobals: subId=-1, mDefaultDataSubId=1, ss roaming=false
03-29 16:36:23.755  3947  3947 V PhoneGlobals: handleServiceStateChanged
03-29 16:36:23.755  3947  3947 D NotificationMgr: updateNetworkSelection, Use Samsung codes instead of AOSP codes
03-29 16:36:23.755  3947  3947 V PhoneGlobals: subId=1, mDefaultDataSubId=1, ss roaming=false
03-29 16:36:23.755  3947  3947 V PhoneGlobals: updateDataRoamingStatus
03-29 16:36:23.755  3947  3947 V PhoneGlobals: dataAllowed=true, reasons=Data allowed reason: NORMAL
03-29 16:36:23.755  3381  3558 D MotionRecognitionService: [SAR] set setTransmitPowerExt  value : 17179869184 : false
03-29 16:36:23.755  3381  3558 I MotionRecognitionService: [SAR] tunerGrip is 17179869184, state : false
03-29 16:36:23.755  3961  3961 D KeyguardUpdateMonitor: handleServiceStateChange(subId=1, serviceState={mVoiceRegState=0(IN_SERVICE), mDataRegState=0(IN_SERVICE), mChannelNumber=1550, duplexMode()=1, mCellBandwidths=[20000], mOperatorAlphaLong=遠傳電信, mOperatorAlphaShort=遠傳電信, isManualNetworkSelection=false(automatic), getRilVoiceRadioTechnology=14(LTE), getRilDataRadioTechnology=14(LTE), mCssIndicator=unsupported, mNetworkId=*1, mSystemId=*1, mCdmaRoamingIndicator=-1, mCdmaDefaultRoamingIndicator=-1, VoiceRegType=0, Snap=0, MobileData=IN_SERVICE, MobileDataRoamingType=home, MobileDataRat=LTE, PsOnly=false, FemtocellInd=0, SprDisplayRoam=false, OptRadioTech=0, MsimSubmode=0, IsVoiceCallAvailable=true, mIsEmergencyOnly=false, isUsingCarrierAggregation=false, mArfcnRsrpBoost=0, mNetworkRegistrationInfos=[NetworkRegistrationInfo{ domain=CS transportType=WWAN registrationState=HOME roamingType=NOT_ROAMING accessNetworkTechnology=LTE rejectCause=0 emergencyEnabled=false availableServices=[VOICE,SMS,VIDEO] cellIdentity=CellIdentityLte:{ mCi=2*****58 mPci=215 mTac=1***3 mEarfcn=1550 mBands=[3] mBandwidth=2147483647 mMcc=466 mMnc=01 mAlphaLong=遠傳電信 mAlphaShort=遠傳電信 mAdditionalPlmns={} mCsgInfo=null} voiceSpecificInfo=VoiceSpecificRegistrationInfo { mCssSupported=false mRoamingIndicator=0 mSystemIsInPrl=0 mDefaultRoamingIndicator=0} dataSpecificInfo=null nrState=**** rRplmn=46601 isUsingCarrierAggregation=false}, NetworkRegistrationInfo{ domain=PS transportType=WWAN registrationState=HOME roamingType=NOT_ROAMING accessNetworkTechnology=LTE rejectCause=0 emergencyEnabled=false availableServices=[DATA] cellIdentity=CellIdentityLte:{ mCi=2*****58 mPci=215 mTac=1***3 mEarfcn=1550 mBands=[3] mBandwidth=2147483647 mMcc=466 mMnc=01 mAlphaLong=遠傳電信 mAlphaShort=遠傳電信 mAdditionalPlmns={} mCsgInfo=null} voiceSpecificInfo=null dataSpecificInfo=android.telephony.DataSpecificRegistrationInfo :{ maxDataCalls = 16 isDcNrRestricted = true isNrAvailable = true isEnDcAvailable = true LteVopsSupportInfo :  mVopsSupport = 2 mEmcBearerSupport = 2 } nrState=**** rRplmn=46601 isUsingCarrierAggregation=false}], mNrFrequencyRange=0, mOperatorAlphaLongRaw=遠傳電信, mOperatorAlphaShortRaw=遠傳電信, mIsDataRoamingFromRegistration=false, mIsIwlanPreferred=false}
03-29 16:36:23.755  3961  3961 D CarrierTextController: onRefreshCarrierInfo(), mTelephonyCapable: true
03-29 16:36:23.755  3961  3961 D CarrierTextController: updateCarrierText(): 1
03-29 16:36:23.755  3961  3961 D CarrierTextController: Handling (subId=1): 5 遠傳電信
03-29 16:36:23.755  3961  3961 D CarrierTextController: carrierTextForSimState = 遠傳電信
03-29 16:36:23.756  3961  3961 D CarrierTextController: SIM ready and in service: subId=1, ss={mVoiceRegState=0(IN_SERVICE), mDataRegState=0(IN_SERVICE), mChannelNumber=1550, duplexMode()=1, mCellBandwidths=[20000], mOperatorAlphaLong=遠傳電信, mOperatorAlphaShort=遠傳電信, isManualNetworkSelection=false(automatic), getRilVoiceRadioTechnology=14(LTE), getRilDataRadioTechnology=14(LTE), mCssIndicator=unsupported, mNetworkId=*1, mSystemId=*1, mCdmaRoamingIndicator=-1, mCdmaDefaultRoamingIndicator=-1, VoiceRegType=0, Snap=0, MobileData=IN_SERVICE, MobileDataRoamingType=home, MobileDataRat=LTE, PsOnly=false, FemtocellInd=0, SprDisplayRoam=false, OptRadioTech=0, MsimSubmode=0, IsVoiceCallAvailable=true, mIsEmergencyOnly=false, isUsingCarrierAggregation=false, mArfcnRsrpBoost=0, mNetworkRegistrationInfos=[NetworkRegistrationInfo{ domain=CS transportType=WWAN registrationState=HOME roamingType=NOT_ROAMING accessNetworkTechnology=LTE rejectCause=0 emergencyEnabled=false availableServices=[VOICE,SMS,VIDEO] cellIdentity=CellIdentityLte:{ mCi=2*****58 mPci=215 mTac=1***3 mEarfcn=1550 mBands=[3] mBandwidth=2147483647 mMcc=466 mMnc=01 mAlphaLong=遠傳電信 mAlphaShort=遠傳電信 mAdditionalPlmns={} mCsgInfo=null} voiceSpecificInfo=VoiceSpecificRegistrationInfo { mCssSupported=false mRoamingIndicator=0 mSystemIsInPrl=0 mDefaultRoamingIndicator=0} dataSpecificInfo=null nrState=**** rRplmn=46601 isUsingCarrierAggregation=false}, NetworkRegistrationInfo{ domain=PS transportType=WWAN registrationState=HOME roamingType=NOT_ROAMING accessNetworkTechnology=LTE rejectCause=0 emergencyEnabled=false availableServices=[DATA] cellIdentity=CellIdentityLte:{ mCi=2*****58 mPci=215 mTac=1***3 mEarfcn=1550 mBands=[3] mBandwidth=2147483647 mMcc=466 mMnc=01 mAlphaLong=遠傳電信 mAlphaShort=遠傳電信 mAdditionalPlmns={} mCsgInfo=null} voiceSpecificInfo=null dataSpecificInfo=android.telephony.DataSpecificRegistrationInfo :{ maxDataCalls = 16 isDcNrRestricted = true isNrAvailable = true isEnDcAvailable = true LteVopsSupportInfo :  mVopsSupport = 2 mEmcBearerSupport = 2 } nrState=**** rRplmn=46601 isUsingCarrierAggregation=false}], mNrFrequencyRange=0, mOperatorAlphaLongRaw=遠傳電信, mOperatorAlphaShortRaw=遠傳電信, mIsDataRoamingFromRegistration=false, mIsIwlanPreferred=false}
03-29 16:36:23.756  3381  3558 D SensorService: Calling activate off 16777227
03-29 16:36:23.756  3961  3961 D CarrierTextController: setText : 遠傳電信
03-29 16:36:23.756  3961  3961 D FaceWidgetPagesController: onRefreshCarrierInfo()
03-29 16:36:23.756  2300  2300 D CellBroadcastReceiver: onServiceStateChanged, ss: 0
03-29 16:36:23.756  2300  2300 D CellBroadcastReceiver: networkOperator: 46601
03-29 16:36:23.756  3961  3961 D FaceWidgetClockRoamManager: isNetworkRoamingState id=1
03-29 16:36:23.756  3961  3961 D FaceWidgetClockRoamManager: isNetworkRoamingState false
03-29 16:36:23.756  3961  3961 D FaceWidgetClockRoamManager: onRefreshCarrierInfo(pre, now): false, false
03-29 16:36:23.756  3961  3961 D FaceWidgetClockPage: onRefreshCarrierInfo : isChanged false mIsRoaming false
03-29 16:36:23.756  2300  2300 D CellBroadcastReceiver: update supported roaming operator as 
03-29 16:36:23.757  3185  3185 I SensorsGrip: [grip_sensor] enable: GripSensor: enable handle = 11 en = 0
03-29 16:36:23.757  3381  4234 D SLocation: SGeofenceCellManager - cellList : 2
03-29 16:36:23.757  3185  3185 E SensorsGrip: [grip_sensor] enable: mEnabled : 0, first_grip_event : 1
03-29 16:36:23.758  3381  3558 D SensorManager: unregisterListener :: com.samsung.android.gesture.MotionRecognitionSAR$GripSensorWrapper$1@f57cdee
03-29 16:36:23.758  3381  3558 I MotionRecognitionService: [SAR] SX9360 Grip sensor disable channel 0 : 0 , channel 1 : 0
03-29 16:36:23.758  3381  3558 I MotionRecognitionService: [SAR] id : 9 cmd :off
03-29 16:36:23.758  3381  3558 W MotionRecognitionService: DEFAULT
03-29 16:36:23.758  3381  3558 I MotionRecognitionService: [SAR] id : 15 cmd :off
03-29 16:36:23.758  3381  3558 W MotionRecognitionService: DEFAULT
03-29 16:36:23.758  3381  3558 I MotionRecognitionService: [SAR] id : 26 cmd :off
03-29 16:36:23.758  3381  3558 W MotionRecognitionService: DEFAULT
03-29 16:36:23.759  3947  5123 I System.out: Broadcast completed: result=0
03-29 16:36:23.784 14701 14746 I Finsky:background: [98] vud.apply(387): IV2::TD: Fetching metadata done. kai.c.acevocab[iid:521] [isid:5bmO9wwYToO9U0LdYFLRUQ] [tid: 1000000862]
03-29 16:36:23.787 14701 14887 I Finsky:background: [131] arad.v(74): ICalc: Partition available space: 205688938496, install size: 26950865, min free: 524288000, additional needed: 0
03-29 16:36:23.788 14701 14739 I Finsky:background: [94] vpt.a(63): AV::DSC: sufficient disk space space available for kai.c.acevocab[iid:521] [isid:5bmO9wwYToO9U0LdYFLRUQ] [tid: 1000000862]: 26950865
03-29 16:36:23.794 14701 14735 W Finsky:background: [90] vpv.apply(81): AV::PV: Can't download patch for package kai.c.acevocab, artifact kai.c.acevocab.apk, because didn't receive one in delivery response.
03-29 16:36:23.795 14701 14735 W Finsky:background: [90] vpv.apply(81): AV::PV: Can't download patch for package kai.c.acevocab, artifact config.xxhdpi, because didn't receive one in delivery response.
03-29 16:36:23.796 14701 14735 W Finsky:background: [90] vpv.apply(81): AV::PV: Can't download patch for package kai.c.acevocab, artifact config.zh, because didn't receive one in delivery response.
03-29 16:36:23.797 14701 14735 W Finsky:background: [90] vpv.apply(81): AV::PV: Can't download patch for package kai.c.acevocab, artifact config.arm64_v8a, because didn't receive one in delivery response.
03-29 16:36:23.799 14701 14746 I Finsky:background: [98] vtw.a(403): IV2::TD: Resource fetch start. kai.c.acevocab[iid:521] [isid:5bmO9wwYToO9U0LdYFLRUQ] [tid: 1000000862]
03-29 16:36:23.800 14701 14746 I Finsky:background: [98] mcn.accept(261): IV2: onTaskProgress kai.c.acevocab[iid:521] [isid:5bmO9wwYToO9U0LdYFLRUQ] status:RESOURCE_FETCH_START, size: 0/0
03-29 16:36:23.800 14701 14741 I Finsky:background: [96] afsa.a(62): RF: No TaskData found for a new request.
03-29 16:36:23.801 14701 14748 I Finsky:background: [100] vza.Q(41): IQ: Notifying installation update. [Package:kai.c.acevocab, isid:5bmO9wwYToO9U0LdYFLRUQ], status=DOWNLOADING, status_code=0, reason=single_install, tsc=PT0.37S, attempt=0
03-29 16:36:23.802 14701 14735 I Finsky:background: [90] afrv.a(9): RF: RowId of the upserted row is 1000000862.
03-29 16:36:23.804 14701 14701 I Finsky:background: [2] aerh.jg(69): PIM: Handling install package event for: kai.c.acevocab status:  DOWNLOADING, isid: 5bmO9wwYToO9U0LdYFLRUQ
03-29 16:36:23.808  4437  4830 I AppIconSolution: getThemeIconWithBG called with public API, pkg = null, mode = 1
03-29 16:36:23.809 14574 14574 I Finsky  : [2] apah.e(257): DL: Data loader session turned off due to Incremental install not requested: kai.c.acevocab
03-29 16:36:23.810  4437  4830 I AppIconSolution: start to load, pkg=null, bg=192-192, dr=180-180, forDefault=true, density=0
03-29 16:36:23.811  3381  3397 D ApplicationPolicy: getApplicationUninstallationEnabled
03-29 16:36:23.811  3381  3397 D ApplicationPolicy: getApplicationUninstallationEnabled :  enabled true
03-29 16:36:23.811  4437  4830 I AppIconSolution: getIconScale, pkg=null, size=180, iconScale=IconScale[alpha=0, scale=1.0, isCrop=true]
03-29 16:36:23.812  4437  4830 I AppIconSolution: default container[CROP], pkg=null, bg=180-180, dr=180-180, isNight = true
03-29 16:36:23.813 14701 14737 I Finsky:background: [92] afus.p(25): RM: create resource request id e9a45d1d-af5d-4ce0-a129-24a76d556912 for request kai.c.acevocab.apk reason: single_install isid: 5bmO9wwYToO9U0LdYFLRUQ
03-29 16:36:23.816 14701 14737 I Finsky:background: [92] afus.p(25): RM: create resource request id f696b9ec-bec2-4b52-9000-582d3b4eafba for request kai.c.acevocab.dm reason: single_install isid: 5bmO9wwYToO9U0LdYFLRUQ
03-29 16:36:23.816 14701 14737 I Finsky:background: [92] afus.p(25): RM: create resource request id debd44c6-84ba-4811-93fe-2967ad7993f9 for request config.xxhdpi reason: single_install isid: 5bmO9wwYToO9U0LdYFLRUQ
03-29 16:36:23.816 14701 14737 I Finsky:background: [92] afus.p(25): RM: create resource request id 64c89367-e966-4b5a-8ec4-c80256a8f3e6 for request config.arm64_v8a reason: single_install isid: 5bmO9wwYToO9U0LdYFLRUQ
03-29 16:36:23.816 14701 14737 I Finsky:background: [92] afus.p(25): RM: create resource request id f9f06dc0-dc76-4be2-8f71-2faa78a1f426 for request config.zh reason: single_install isid: 5bmO9wwYToO9U0LdYFLRUQ
03-29 16:36:23.829 14701 14738 I Finsky:background: [93] bbgh.m(10): DSC: enqueue()
03-29 16:36:23.829 14701 14757 I Finsky:background: [105] bbgh.m(10): DSC: enqueue()
03-29 16:36:23.829 14701 14750 I Finsky:background: [102] bbgh.m(10): DSC: enqueue()
03-29 16:36:23.831 14701 14740 I Finsky:background: [95] bbgh.m(10): DSC: enqueue()
03-29 16:36:23.835 14701 14750 I Finsky:background: [102] bbgh.m(10): DSC: enqueue()
03-29 16:36:23.841 14701 14915 I Finsky:background: [149] qwp.call(974): DS: request_id=2552 generated with shared preferences
03-29 16:36:23.841 14701 14915 I Finsky:background: [149] qwp.call(995): DS: enqueue(request_id=2552, files_to_download=[config.xxhdpi(size:30673)], context[group_id=kai.c.acevocab:5bmO9wwYToO9U0LdYFLRUQ], display_data[invisible=false, title=kai.c.acevocab (unreviewed)], network_restrictions=ANY_NETWORK
03-29 16:36:23.842 14701 14915 I Finsky:background: [149] qwp.call(974): DS: request_id=2553 generated with shared preferences
03-29 16:36:23.842 14701 14915 I Finsky:background: [149] qwp.call(995): DS: enqueue(request_id=2553, files_to_download=[kai.c.acevocab.apk(size:7786974)], context[group_id=kai.c.acevocab:5bmO9wwYToO9U0LdYFLRUQ], display_data[invisible=false, title=kai.c.acevocab (unreviewed)], network_restrictions=ANY_NETWORK
03-29 16:36:23.842 14701 14915 I Finsky:background: [149] qwp.call(974): DS: request_id=2554 generated with shared preferences
03-29 16:36:23.842 14701 14915 I Finsky:background: [149] qwp.call(995): DS: enqueue(request_id=2554, files_to_download=[config.arm64_v8a(size:5870067)], context[group_id=kai.c.acevocab:5bmO9wwYToO9U0LdYFLRUQ], display_data[invisible=false, title=kai.c.acevocab (unreviewed)], network_restrictions=ANY_NETWORK
03-29 16:36:23.842 14701 14915 I Finsky:background: [149] qwp.call(974): DS: request_id=2555 generated with shared preferences
03-29 16:36:23.842 14701 14915 I Finsky:background: [149] qwp.call(995): DS: enqueue(request_id=2555, files_to_download=[kai.c.acevocab.dm(size:45340)], context[group_id=kai.c.acevocab:5bmO9wwYToO9U0LdYFLRUQ], display_data[invisible=false, title=kai.c.acevocab (unreviewed)], network_restrictions=ANY_NETWORK
03-29 16:36:23.845  3961  3961 D BubblesManager: onNotificationChannelModified : pkg=com.android.vending ,modificationType:1
03-29 16:36:23.851 14701 14915 I Finsky:background: [149] qwp.call(974): DS: request_id=2556 generated with shared preferences
03-29 16:36:23.851 14701 14915 I Finsky:background: [149] qwp.call(995): DS: enqueue(request_id=2556, files_to_download=[config.zh(size:9577)], context[group_id=kai.c.acevocab:5bmO9wwYToO9U0LdYFLRUQ], display_data[invisible=false, title=kai.c.acevocab (unreviewed)], network_restrictions=ANY_NETWORK
03-29 16:36:23.860 14701 14915 I Finsky:background: [149] arid.l(30): DS::IDC: updateWith: <2486:SUCCEEDED>
03-29 16:36:23.861 14701 14915 I Finsky:background: [149] arid.l(185): DS::IDC: All invisible downloads are finished.
03-29 16:36:23.861 14701 14915 I Finsky:background: [149] rjj.c(6): DS::ISM: Stopping invisible download job
03-29 16:36:23.861 14701 14915 I Finsky:background: [149] arid.l(30): DS::IDC: updateWith: <2487:SUCCEEDED>
03-29 16:36:23.861 14701 14915 I Finsky:background: [149] arid.l(185): DS::IDC: All invisible downloads are finished.
03-29 16:36:23.861 14701 14915 I Finsky:background: [149] rjj.c(6): DS::ISM: Stopping invisible download job
03-29 16:36:23.861 14701 14915 I Finsky:background: [149] arid.l(30): DS::IDC: updateWith: <2488:SUCCEEDED>
03-29 16:36:23.861 14701 14915 I Finsky:background: [149] arid.l(185): DS::IDC: All invisible downloads are finished.
03-29 16:36:23.861 14701 14915 I Finsky:background: [149] rjj.c(6): DS::ISM: Stopping invisible download job
03-29 16:36:23.861 14701 14915 I Finsky:background: [149] arid.l(30): DS::IDC: updateWith: <2489:SUCCEEDED>
03-29 16:36:23.861 14701 14915 I Finsky:background: [149] arid.l(185): DS::IDC: All invisible downloads are finished.
03-29 16:36:23.861 14701 14915 I Finsky:background: [149] rjj.c(6): DS::ISM: Stopping invisible download job
03-29 16:36:23.862 14701 14915 I Finsky:background: [149] arid.l(30): DS::IDC: updateWith: <2490:SUCCEEDED>
03-29 16:36:23.862 14701 14915 I Finsky:background: [149] arid.l(185): DS::IDC: All invisible downloads are finished.
03-29 16:36:23.862 14701 14915 I Finsky:background: [149] rjj.c(6): DS::ISM: Stopping invisible download job
03-29 16:36:23.862 14701 14915 I Finsky:background: [149] arid.l(30): DS::IDC: updateWith: <2491:SUCCEEDED>
03-29 16:36:23.862 14701 14915 I Finsky:background: [149] arid.l(185): DS::IDC: All invisible downloads are finished.
03-29 16:36:23.862 14701 14915 I Finsky:background: [149] rjj.c(6): DS::ISM: Stopping invisible download job
03-29 16:36:23.862 14701 14915 I Finsky:background: [149] arid.l(30): DS::IDC: updateWith: <2492:SUCCEEDED>
03-29 16:36:23.862 14701 14915 I Finsky:background: [149] arid.l(185): DS::IDC: All invisible downloads are finished.
03-29 16:36:23.862 14701 14915 I Finsky:background: [149] rjj.c(6): DS::ISM: Stopping invisible download job
03-29 16:36:23.863 14701 14915 I Finsky:background: [149] arid.l(30): DS::IDC: updateWith: <2493:SUCCEEDED>
03-29 16:36:23.863 14701 14915 I Finsky:background: [149] arid.l(185): DS::IDC: All invisible downloads are finished.
03-29 16:36:23.863 14701 14915 I Finsky:background: [149] rjj.c(6): DS::ISM: Stopping invisible download job
03-29 16:36:23.864 14701 14915 I Finsky:background: [149] arid.l(30): DS::IDC: updateWith: <2499:SUCCEEDED>
03-29 16:36:23.864 14701 14915 I Finsky:background: [149] arid.l(185): DS::IDC: All invisible downloads are finished.
03-29 16:36:23.864 14701 14915 I Finsky:background: [149] rjj.c(6): DS::ISM: Stopping invisible download job
03-29 16:36:23.864 14701 14915 I Finsky:background: [149] arid.l(30): DS::IDC: updateWith: <2500:SUCCEEDED>
03-29 16:36:23.864 14701 14915 I Finsky:background: [149] arid.l(185): DS::IDC: All invisible downloads are finished.
03-29 16:36:23.864 14701 14915 I Finsky:background: [149] rjj.c(6): DS::ISM: Stopping invisible download job
03-29 16:36:23.864 14701 14915 I Finsky:background: [149] arid.l(30): DS::IDC: updateWith: <2501:SUCCEEDED>
03-29 16:36:23.865 14701 14915 I Finsky:background: [149] arid.l(185): DS::IDC: All invisible downloads are finished.
03-29 16:36:23.865 14701 14915 I Finsky:background: [149] rjj.c(6): DS::ISM: Stopping invisible download job
03-29 16:36:23.865 14701 14915 I Finsky:background: [149] arid.l(30): DS::IDC: updateWith: <2502:SUCCEEDED>
03-29 16:36:23.865 14701 14915 I Finsky:background: [149] arid.l(185): DS::IDC: All invisible downloads are finished.
03-29 16:36:23.865 14701 14915 I Finsky:background: [149] rjj.c(6): DS::ISM: Stopping invisible download job
03-29 16:36:23.865 14701 14915 I Finsky:background: [149] arid.l(30): DS::IDC: updateWith: <2503:SUCCEEDED>
03-29 16:36:23.865 14701 14915 I Finsky:background: [149] arid.l(185): DS::IDC: All invisible downloads are finished.
03-29 16:36:23.865 14701 14915 I Finsky:background: [149] rjj.c(6): DS::ISM: Stopping invisible download job
03-29 16:36:23.865 14701 14915 I Finsky:background: [149] arid.l(30): DS::IDC: updateWith: <2504:SUCCEEDED>
03-29 16:36:23.865 14701 14915 I Finsky:background: [149] arid.l(185): DS::IDC: All invisible downloads are finished.
03-29 16:36:23.865 14701 14915 I Finsky:background: [149] rjj.c(6): DS::ISM: Stopping invisible download job
03-29 16:36:23.866 14701 14915 I Finsky:background: [149] arid.l(30): DS::IDC: updateWith: <2505:SUCCEEDED>
03-29 16:36:23.866 14701 14915 I Finsky:background: [149] arid.l(185): DS::IDC: All invisible downloads are finished.
03-29 16:36:23.866 14701 14915 I Finsky:background: [149] rjj.c(6): DS::ISM: Stopping invisible download job
03-29 16:36:23.866 14701 14915 I Finsky:background: [149] arid.l(30): DS::IDC: updateWith: <2506:SUCCEEDED>
03-29 16:36:23.866 14701 14915 I Finsky:background: [149] arid.l(185): DS::IDC: All invisible downloads are finished.
03-29 16:36:23.866 14701 14915 I Finsky:background: [149] rjj.c(6): DS::ISM: Stopping invisible download job
03-29 16:36:23.866 14701 14915 I Finsky:background: [149] arid.l(30): DS::IDC: updateWith: <2507:SUCCEEDED>
03-29 16:36:23.866 14701 14915 I Finsky:background: [149] arid.l(185): DS::IDC: All invisible downloads are finished.
03-29 16:36:23.866 14701 14915 I Finsky:background: [149] rjj.c(6): DS::ISM: Stopping invisible download job
03-29 16:36:23.866 14701 14915 I Finsky:background: [149] arid.l(30): DS::IDC: updateWith: <2508:SUCCEEDED>
03-29 16:36:23.866 14701 14915 I Finsky:background: [149] arid.l(185): DS::IDC: All invisible downloads are finished.
03-29 16:36:23.866 14701 14915 I Finsky:background: [149] rjj.c(6): DS::ISM: Stopping invisible download job
03-29 16:36:23.866 14701 14915 I Finsky:background: [149] arid.l(30): DS::IDC: updateWith: <2509:SUCCEEDED>
03-29 16:36:23.867 14701 14915 I Finsky:background: [149] arid.l(185): DS::IDC: All invisible downloads are finished.
03-29 16:36:23.867 14701 14915 I Finsky:background: [149] rjj.c(6): DS::ISM: Stopping invisible download job
03-29 16:36:23.867 14701 14915 I Finsky:background: [149] arid.l(30): DS::IDC: updateWith: <2510:SUCCEEDED>
03-29 16:36:23.867 14701 14915 I Finsky:background: [149] arid.l(185): DS::IDC: All invisible downloads are finished.
03-29 16:36:23.867 14701 14915 I Finsky:background: [149] rjj.c(6): DS::ISM: Stopping invisible download job
03-29 16:36:23.867 14701 14915 I Finsky:background: [149] arid.l(30): DS::IDC: updateWith: <2511:SUCCEEDED>
03-29 16:36:23.867 14701 14915 I Finsky:background: [149] arid.l(185): DS::IDC: All invisible downloads are finished.
03-29 16:36:23.867 14701 14915 I Finsky:background: [149] rjj.c(6): DS::ISM: Stopping invisible download job
03-29 16:36:23.867 14701 14915 I Finsky:background: [149] arid.l(30): DS::IDC: updateWith: <2512:SUCCEEDED>
03-29 16:36:23.867 14701 14915 I Finsky:background: [149] arid.l(185): DS::IDC: All invisible downloads are finished.
03-29 16:36:23.867 14701 14915 I Finsky:background: [149] rjj.c(6): DS::ISM: Stopping invisible download job
03-29 16:36:23.867 14701 14915 I Finsky:background: [149] arid.l(30): DS::IDC: updateWith: <2513:SUCCEEDED>
03-29 16:36:23.867 14701 14915 I Finsky:background: [149] arid.l(185): DS::IDC: All invisible downloads are finished.
03-29 16:36:23.868 14701 14915 I Finsky:background: [149] rjj.c(6): DS::ISM: Stopping invisible download job
03-29 16:36:23.868 14701 14915 I Finsky:background: [149] arid.l(30): DS::IDC: updateWith: <2514:SUCCEEDED>
03-29 16:36:23.868 14701 14915 I Finsky:background: [149] arid.l(185): DS::IDC: All invisible downloads are finished.
03-29 16:36:23.868 14701 14915 I Finsky:background: [149] rjj.c(6): DS::ISM: Stopping invisible download job
03-29 16:36:23.868 14701 14915 I Finsky:background: [149] arid.l(30): DS::IDC: updateWith: <2515:SUCCEEDED>
03-29 16:36:23.868 14701 14915 I Finsky:background: [149] arid.l(185): DS::IDC: All invisible downloads are finished.
03-29 16:36:23.868 14701 14915 I Finsky:background: [149] rjj.c(6): DS::ISM: Stopping invisible download job
03-29 16:36:23.868 14701 14915 I Finsky:background: [149] arid.l(30): DS::IDC: updateWith: <2516:SUCCEEDED>
03-29 16:36:23.868 14701 14915 I Finsky:background: [149] arid.l(185): DS::IDC: All invisible downloads are finished.
03-29 16:36:23.868 14701 14915 I Finsky:background: [149] rjj.c(6): DS::ISM: Stopping invisible download job
03-29 16:36:23.868 14701 14915 I Finsky:background: [149] arid.l(30): DS::IDC: updateWith: <2517:SUCCEEDED>
03-29 16:36:23.868 14701 14915 I Finsky:background: [149] arid.l(185): DS::IDC: All invisible downloads are finished.
03-29 16:36:23.868 14701 14915 I Finsky:background: [149] rjj.c(6): DS::ISM: Stopping invisible download job
03-29 16:36:23.869 14701 14915 I Finsky:background: [149] arid.l(30): DS::IDC: updateWith: <2518:SUCCEEDED>
03-29 16:36:23.869 14701 14915 I Finsky:background: [149] arid.l(185): DS::IDC: All invisible downloads are finished.
03-29 16:36:23.869 14701 14915 I Finsky:background: [149] rjj.c(6): DS::ISM: Stopping invisible download job
03-29 16:36:23.869 14701 14915 I Finsky:background: [149] arid.l(30): DS::IDC: updateWith: <2519:SUCCEEDED>
03-29 16:36:23.869 14701 14915 I Finsky:background: [149] arid.l(185): DS::IDC: All invisible downloads are finished.
03-29 16:36:23.869 14701 14915 I Finsky:background: [149] rjj.c(6): DS::ISM: Stopping invisible download job
03-29 16:36:23.869 14701 14915 I Finsky:background: [149] arid.l(30): DS::IDC: updateWith: <2520:SUCCEEDED>
03-29 16:36:23.869 14701 14915 I Finsky:background: [149] arid.l(185): DS::IDC: All invisible downloads are finished.
03-29 16:36:23.869 14701 14915 I Finsky:background: [149] rjj.c(6): DS::ISM: Stopping invisible download job
03-29 16:36:23.869 14701 14915 I Finsky:background: [149] arid.l(30): DS::IDC: updateWith: <2521:SUCCEEDED>
03-29 16:36:23.869 14701 14915 I Finsky:background: [149] arid.l(185): DS::IDC: All invisible downloads are finished.
03-29 16:36:23.869 14701 14915 I Finsky:background: [149] rjj.c(6): DS::ISM: Stopping invisible download job
03-29 16:36:23.886 14701 14915 I Finsky:background: [149] rik.b(11): DS::CD: download(2552)
03-29 16:36:23.886 14701 14915 I Finsky:background: [149] rjw.c(106): DSC::L: Update all listeners for download <2552:QUEUED with WAITING_FOR_START:0%[0%]> in group kai.c.acevocab:5bmO9wwYToO9U0LdYFLRUQ
03-29 16:36:23.886 14701 14915 I Finsky:background: [149] rjw.c(146): DSC::L: Updating listener DownloadServiceManagerListener::pud@255349a for download <2552:QUEUED with WAITING_FOR_START:0%[0%]>
03-29 16:36:23.886 14701 14915 I Finsky:background: [149] rjw.c(146): DSC::L: Updating listener rea@d6a81cb for download <2552:QUEUED with WAITING_FOR_START:0%[0%]>
03-29 16:36:23.887 14701 14915 I Finsky:background: [149] rjw.c(146): DSC::L: Updating listener DownloadServiceManagerListener::aftb@c4757fd for download <2552:QUEUED with WAITING_FOR_START:0%[0%]>
03-29 16:36:23.894 14701 14915 D CompatibilityChangeReporter: Compat change id reported: 160794467; UID 10240; state: ENABLED
03-29 16:36:23.899  3381  3622 D ApplicationPolicy: isStatusBarNotificationAllowedAsUser: packageName = com.android.vending,userId = 0
03-29 16:36:23.899  3381  3622 D ApplicationPolicy: isStatusBarNotificationAllowedAsUser: packageName = com.android.vending,userId = 0
03-29 16:36:23.902 14701 14915 I Finsky:background: [149] rjw.c(106): DSC::L: Update all listeners for download <2553:QUEUED with WAITING_FOR_START:0%[0%]> in group kai.c.acevocab:5bmO9wwYToO9U0LdYFLRUQ
03-29 16:36:23.902 14701 14915 I Finsky:background: [149] rjw.c(146): DSC::L: Updating listener DownloadServiceManagerListener::pud@255349a for download <2553:QUEUED with WAITING_FOR_START:0%[0%]>
03-29 16:36:23.902 14701 14915 I Finsky:background: [149] rjw.c(146): DSC::L: Updating listener rea@d6a81cb for download <2553:QUEUED with WAITING_FOR_START:0%[0%]>
03-29 16:36:23.902 14701 14915 I Finsky:background: [149] rjw.c(146): DSC::L: Updating listener DownloadServiceManagerListener::aftb@c4757fd for download <2553:QUEUED with WAITING_FOR_START:0%[0%]>
03-29 16:36:23.906 14701 14701 I Finsky:background: [2] DownloadService.onStartCommand(25): DS: DownloadService is getting started sticky with notification.
03-29 16:36:23.907  3961  3976 D SecFgsManagerControllerImpl: onForegroundStateChanged: dialogShown:false, isForeground:true, packageName:com.android.vending , token:android.os.BinderProxy@93c409a, userId:0
03-29 16:36:23.907  3381  3409 D ApplicationPolicy: isStatusBarNotificationAllowedAsUser: packageName = com.android.vending,userId = 0
03-29 16:36:23.908  3381  3409 D ApplicationPolicy: isStatusBarNotificationAllowedAsUser: packageName = com.android.vending,userId = 0
03-29 16:36:23.908  3961  3976 D SecFgsManagerControllerImpl: updateUiControl[com.android.vending]: 300
03-29 16:36:23.908  3961  3976 D SecFgsManagerControllerImpl: updateNumberOfVisibleRunningPackagesLocked: 2
03-29 16:36:23.908  4437  4437 I ForegroundServiceUtils: setNumberOfFgs, num : 2
03-29 16:36:23.911 14701 14750 I Finsky:background: [102] bbgh.n(11): DSC: getDownload(2552)
03-29 16:36:23.912 14701 14750 I Finsky:background: [102] rgi.i(13): DS: getDownload(request_id=2552)
03-29 16:36:23.914  3381  3397 D ApplicationPolicy: isStatusBarNotificationAllowedAsUser: packageName = com.android.vending,userId = 0
03-29 16:36:23.914  3381  3397 D ApplicationPolicy: isStatusBarNotificationAllowedAsUser: packageName = com.android.vending,userId = 0
03-29 16:36:23.914 14574 14574 W Finsky  : [2] lyb.e(28): No LoggingContext in the bundle, which breaks event chain!. Creating a new logging context.
03-29 16:36:23.916 14701 14915 I Finsky:background: [149] rjw.c(106): DSC::L: Update all listeners for download <2554:QUEUED with WAITING_FOR_START:0%[0%]> in group kai.c.acevocab:5bmO9wwYToO9U0LdYFLRUQ
03-29 16:36:23.916 14701 14915 I Finsky:background: [149] rjw.c(146): DSC::L: Updating listener DownloadServiceManagerListener::pud@255349a for download <2554:QUEUED with WAITING_FOR_START:0%[0%]>
03-29 16:36:23.916 14701 14915 I Finsky:background: [149] rjw.c(146): DSC::L: Updating listener rea@d6a81cb for download <2554:QUEUED with WAITING_FOR_START:0%[0%]>
03-29 16:36:23.916 14701 14915 I Finsky:background: [149] rjw.c(146): DSC::L: Updating listener DownloadServiceManagerListener::aftb@c4757fd for download <2554:QUEUED with WAITING_FOR_START:0%[0%]>
03-29 16:36:23.918 14701 14750 I Finsky:background: [102] bbgh.n(11): DSC: getDownload(2553)
03-29 16:36:23.919 14701 14750 I Finsky:background: [102] rgi.i(13): DS: getDownload(request_id=2553)
03-29 16:36:23.919  3961  3961 D BubblesManager: onNotificationChannelModified : pkg=com.android.vending ,modificationType:1
03-29 16:36:23.922  3381  3622 D ApplicationPolicy: isStatusBarNotificationAllowedAsUser: packageName = com.android.vending,userId = 0
03-29 16:36:23.923  3381  3622 D ApplicationPolicy: isStatusBarNotificationAllowedAsUser: packageName = com.android.vending,userId = 0
03-29 16:36:23.928 14701 14915 I Finsky:background: [149] rjw.c(106): DSC::L: Update all listeners for download <2555:QUEUED with WAITING_FOR_START:0%[0%]> in group kai.c.acevocab:5bmO9wwYToO9U0LdYFLRUQ
03-29 16:36:23.928 14701 14915 I Finsky:background: [149] rjw.c(146): DSC::L: Updating listener DownloadServiceManagerListener::pud@255349a for download <2555:QUEUED with WAITING_FOR_START:0%[0%]>
03-29 16:36:23.928 14701 14915 I Finsky:background: [149] rjw.c(146): DSC::L: Updating listener rea@d6a81cb for download <2555:QUEUED with WAITING_FOR_START:0%[0%]>
03-29 16:36:23.928 14701 14915 I Finsky:background: [149] rjw.c(146): DSC::L: Updating listener DownloadServiceManagerListener::aftb@c4757fd for download <2555:QUEUED with WAITING_FOR_START:0%[0%]>
03-29 16:36:23.930  3961  3961 D BubblesManager: onNotificationChannelModified : pkg=com.android.vending ,modificationType:1
03-29 16:36:23.931 14701 14740 I Finsky:background: [95] bbgh.n(11): DSC: getDownload(2554)
03-29 16:36:23.932 14701 14740 I Finsky:background: [95] rgi.i(13): DS: getDownload(request_id=2554)
03-29 16:36:23.935  3381  3397 D ApplicationPolicy: isStatusBarNotificationAllowedAsUser: packageName = com.android.vending,userId = 0
03-29 16:36:23.935  3381  3397 D ApplicationPolicy: isStatusBarNotificationAllowedAsUser: packageName = com.android.vending,userId = 0
03-29 16:36:23.940 14701 14915 I Finsky:background: [149] rjw.c(106): DSC::L: Update all listeners for download <2556:QUEUED with WAITING_FOR_START:0%[0%]> in group kai.c.acevocab:5bmO9wwYToO9U0LdYFLRUQ
03-29 16:36:23.941 14701 14915 I Finsky:background: [149] rjw.c(146): DSC::L: Updating listener DownloadServiceManagerListener::pud@255349a for download <2556:QUEUED with WAITING_FOR_START:0%[0%]>
03-29 16:36:23.941 14701 14915 I Finsky:background: [149] rjw.c(146): DSC::L: Updating listener rea@d6a81cb for download <2556:QUEUED with WAITING_FOR_START:0%[0%]>
03-29 16:36:23.941 14701 14915 I Finsky:background: [149] rjw.c(146): DSC::L: Updating listener DownloadServiceManagerListener::aftb@c4757fd for download <2556:QUEUED with WAITING_FOR_START:0%[0%]>
03-29 16:36:23.943  3961  3961 D BubblesManager: onNotificationChannelModified : pkg=com.android.vending ,modificationType:1
03-29 16:36:23.945 14701 14757 I Finsky:background: [105] bbgh.n(11): DSC: getDownload(2555)
03-29 16:36:23.947 14701 14750 I Finsky:background: [102] rgi.i(13): DS: getDownload(request_id=2555)
03-29 16:36:23.947  3381  3397 D ApplicationPolicy: isStatusBarNotificationAllowedAsUser: packageName = com.android.vending,userId = 0
03-29 16:36:23.948  3381  3397 D ApplicationPolicy: isStatusBarNotificationAllowedAsUser: packageName = com.android.vending,userId = 0
03-29 16:36:23.955 14701 14915 I Finsky:background: [149] rjw.c(106): DSC::L: Update all listeners for download <2552:RUNNING:0%[0%]> in group kai.c.acevocab:5bmO9wwYToO9U0LdYFLRUQ
03-29 16:36:23.955 14701 14915 I Finsky:background: [149] rjw.c(146): DSC::L: Updating listener DownloadServiceManagerListener::pud@255349a for download <2552:RUNNING:0%[0%]>
03-29 16:36:23.955 14701 14915 I Finsky:background: [149] rjw.c(146): DSC::L: Updating listener rea@d6a81cb for download <2552:RUNNING:0%[0%]>
03-29 16:36:23.956 14701 14915 I Finsky:background: [149] rjw.c(146): DSC::L: Updating listener DownloadServiceManagerListener::aftb@c4757fd for download <2552:RUNNING:0%[0%]>
03-29 16:36:23.956 14701 14915 I Finsky:background: [149] aftb.f(13): DS: Received onProgress request_id=2552
03-29 16:36:23.956 14701 14915 I Finsky:background: [149] bmue.j(45): RM: receive resource status onStart config.xxhdpi reason: single_install isid: 5bmO9wwYToO9U0LdYFLRUQ, 2, 192, size: 0/30673
03-29 16:36:23.956 14701 14915 I Finsky:background: [149] bmue.i(61): RM: receive resource status onProgress download_request_id=2552, group_id=config.xxhdpi reason: single_install isid: 5bmO9wwYToO9U0LdYFLRUQ, status_code=RESOURCE_STATUS_IN_PROGRESS, legacy_status_code=192, size: 0/30673
03-29 16:36:23.959 14701 14750 I Finsky:background: [102] bbgh.n(11): DSC: getDownload(2552)
03-29 16:36:23.960 14701 14750 I Finsky:background: [102] bbgh.n(11): DSC: getDownload(2552)
03-29 16:36:23.960 14701 14750 I Finsky:background: [102] bbgh.n(11): DSC: getDownload(2556)
03-29 16:36:23.961 14701 14750 I Finsky:background: [102] rgi.i(13): DS: getDownload(request_id=2552)
03-29 16:36:23.961 14701 14750 I Finsky:background: [102] rgi.i(13): DS: getDownload(request_id=2552)
03-29 16:36:23.961  3961  3961 D BubblesManager: onNotificationChannelModified : pkg=com.android.vending ,modificationType:1
03-29 16:36:23.961 14701 14750 I Finsky:background: [102] rgi.i(13): DS: getDownload(request_id=2556)
03-29 16:36:23.962  3381  3622 D ApplicationPolicy: isStatusBarNotificationAllowedAsUser: packageName = com.android.vending,userId = 0
03-29 16:36:23.963  3381  3622 D ApplicationPolicy: isStatusBarNotificationAllowedAsUser: packageName = com.android.vending,userId = 0
03-29 16:36:23.971 14701 14915 D ConnectivityManager: StackLog: [android.net.ConnectivityManager.sendRequestForNetwork(ConnectivityManager.java:4671)] [android.net.ConnectivityManager.registerDefaultNetworkCallbackForUid(ConnectivityManager.java:5360)] [android.net.ConnectivityManager.registerDefaultNetworkCallback(ConnectivityManager.java:5327)] [android.net.ConnectivityManager.registerDefaultNetworkCallback(ConnectivityManager.java:5301)] [rjh.a(PG:17)] [nwy.h(PG:981)] [nwy.a(PG:2325)] [bkiq.d(PG:10)] [bkiq.a(PG:7)] [bkip.a(PG:5)] [bkiq.d(PG:10)] [bkiq.a(PG:7)] [qws.a(PG:470)] [bagk.d(PG:3)] [bagm.run(PG:38)] [java.util.concurrent.ThreadPoolExecutor.runWorker(ThreadPoolExecutor.java:1145)] [java.util.concurrent.ThreadPoolExecutor$Worker.run(ThreadPoolExecutor.java:644)] [rja.run(PG:140)] [java.lang.Thread.run(Thread.java:1012)]
03-29 16:36:23.973  3381  3397 D ConnectivityService: requestNetwork for uid/pid:10240/14701 activeRequest: null callbackRequest: 634 [NetworkRequest [ REQUEST id=635, [ Capabilities: INTERNET&NOT_RESTRICTED&TRUSTED&NOT_VCN_MANAGED Uid: 10240 RequestorUid: 10240 RequestorPkg: com.android.vending UnderlyingNetworks: Null] ]] callback flags: 0 order: 2147483647 isUidTracked: false declaredMethods: ALL
03-29 16:36:23.973  3381  3759 D ConnectivityService:    accepting network in place of null for NetworkRequest [ REQUEST id=635, [ Capabilities: INTERNET&NOT_RESTRICTED&TRUSTED&NOT_VCN_MANAGED Uid: 10240 RequestorUid: 10240 RequestorPkg: com.android.vending UnderlyingNetworks: Null] ]
03-29 16:36:23.973 14701 14915 I Finsky:background: [149] rgi.h(316): DS: onGetDownload(request_id=2552, files_to_download=[config.xxhdpi(size:30673)], context[group_id=kai.c.acevocab:5bmO9wwYToO9U0LdYFLRUQ], display_data[invisible=false, title=kai.c.acevocab (unreviewed)], network_restrictions=ANY_NETWORK status=running, bytes_downloaded=0, total_bytes=30673, retry[count=0, next_retry=n/a])
03-29 16:36:23.974  3381  3737 D WifiNetworkFactory: got request NetworkRequest [ REQUEST id=635, [ Capabilities: INTERNET&NOT_RESTRICTED&TRUSTED&NOT_VCN_MANAGED Uid: 10240 RequestorUid: 10240 RequestorPkg: com.android.vending UnderlyingNetworks: Null] ]
03-29 16:36:23.974  3381  3737 D UntrustedWifiNetworkFactory: got request NetworkRequest [ REQUEST id=635, [ Capabilities: INTERNET&NOT_RESTRICTED&TRUSTED&NOT_VCN_MANAGED Uid: 10240 RequestorUid: 10240 RequestorPkg: com.android.vending UnderlyingNetworks: Null] ]
03-29 16:36:23.974  3381  3737 D OemPaidWifiNetworkFactory: got request NetworkRequest [ REQUEST id=635, [ Capabilities: INTERNET&NOT_RESTRICTED&TRUSTED&NOT_VCN_MANAGED Uid: 10240 RequestorUid: 10240 RequestorPkg: com.android.vending UnderlyingNetworks: Null] ]
03-29 16:36:23.974  3381  3737 D MultiInternetWifiNetworkFactory: got request NetworkRequest [ REQUEST id=635, [ Capabilities: INTERNET&NOT_RESTRICTED&TRUSTED&NOT_VCN_MANAGED Uid: 10240 RequestorUid: 10240 RequestorPkg: com.android.vending UnderlyingNetworks: Null] ]
03-29 16:36:23.974 14701 14915 I Finsky:background: [149] rgi.h(316): DS: onGetDownload(request_id=2553, files_to_download=[kai.c.acevocab.apk(size:7786974)], context[group_id=kai.c.acevocab:5bmO9wwYToO9U0LdYFLRUQ], display_data[invisible=false, title=kai.c.acevocab (unreviewed)], network_restrictions=ANY_NETWORK status=queued[1], bytes_downloaded=0, total_bytes=7786974, retry[count=0, next_retry=n/a])
03-29 16:36:23.974  3381  3759 D ConnectivityService: Rematched networks [computed 0ms] [applied 0ms] [issued 1]
03-29 16:36:23.974  3381  3759 D ConnectivityService: NetworkReassignment :
03-29 16:36:23.974  3381  3759 D ConnectivityService:   635 : null → 106
03-29 16:36:23.975 14701 14915 I Finsky:background: [149] rgi.h(316): DS: onGetDownload(request_id=2554, files_to_download=[config.arm64_v8a(size:5870067)], context[group_id=kai.c.acevocab:5bmO9wwYToO9U0LdYFLRUQ], display_data[invisible=false, title=kai.c.acevocab (unreviewed)], network_restrictions=ANY_NETWORK status=queued[1], bytes_downloaded=0, total_bytes=5870067, retry[count=0, next_retry=n/a])
03-29 16:36:23.975 14701 14915 I Finsky:background: [149] rgi.h(316): DS: onGetDownload(request_id=2555, files_to_download=[kai.c.acevocab.dm(size:45340)], context[group_id=kai.c.acevocab:5bmO9wwYToO9U0LdYFLRUQ], display_data[invisible=false, title=kai.c.acevocab (unreviewed)], network_restrictions=ANY_NETWORK status=queued[1], bytes_downloaded=0, total_bytes=45340, retry[count=0, next_retry=n/a])
03-29 16:36:23.975 14701 14915 I Finsky:background: [149] rgi.h(316): DS: onGetDownload(request_id=2552, files_to_download=[config.xxhdpi(size:30673)], context[group_id=kai.c.acevocab:5bmO9wwYToO9U0LdYFLRUQ], display_data[invisible=false, title=kai.c.acevocab (unreviewed)], network_restrictions=ANY_NETWORK status=running, bytes_downloaded=0, total_bytes=30673, retry[count=0, next_retry=n/a])
03-29 16:36:23.976 14701 14915 I Finsky:background: [149] rgi.h(316): DS: onGetDownload(request_id=2552, files_to_download=[config.xxhdpi(size:30673)], context[group_id=kai.c.acevocab:5bmO9wwYToO9U0LdYFLRUQ], display_data[invisible=false, title=kai.c.acevocab (unreviewed)], network_restrictions=ANY_NETWORK status=running, bytes_downloaded=0, total_bytes=30673, retry[count=0, next_retry=n/a])
