--------- beginning of main
03-29 16:36:23.122  3381  3811 D SemNscXgbMsL1: Probability - Cloud gaming: [0.05991194]
03-29 16:36:23.123  3381  3811 D SemNscXgbMsL1: Probability - Real time: [0.29647204]
03-29 16:36:23.123  3381  3811 D SemNscXgbMsL1: Probability - Non real time: [0.4848681]
03-29 16:36:23.123  3381  3811 D SemNscXgbMsL1: 1 sample inference time: 1.596302 msecs
03-29 16:36:23.126  3381  3811 D SemNscXgbL2Rt: L2 RT 1 sample inference time: 2.834062 msecs
03-29 16:36:23.129  3381  3811 D SemNscXgbL2Nrt: L2 NRT 1 sample inference time: 2.476667 msecs
03-29 16:36:23.129  3381  3811 I SemWifiServiceDetector: NSD results: [0, 1, 2, 0, 0, 1, 1, 1, 0] Traff. type 1 Thr 2
03-29 16:36:23.133  3381  3814 D SemWifiOptimizer: enable=0 state=0x10 prev=0x10 new=0x00 force=0 mode=0
03-29 16:36:23.277  3185 14454 I sensors-hal: handle_sns_std_sensor_event:155, [SSC_LIGHT] P: 83(83),m:1,c:0,b:91,wb:0,r:39,bl:22,16:88
03-29 16:36:23.310  3381  3573 D InputReader: Btn_touch(4): value=1 when=1503.759237
03-29 16:36:23.311  3381  3573 I InputReader: Touch event's action is 0x0 (id=6, t=0) [pCnt=1, s=0.323 ] when=1503.759237
--------- beginning of system
03-29 16:36:23.312  3381  3381 D PowerManagerService: [api] userActivity : event: 0 flags: 0 (uid: 1000 pid: 3381) <- handleMotionEvent() in com.android.server.accessibility.AccessibilityInputFilter:481 eventTime = 1503759 displayId = 0
03-29 16:36:23.313  3381  3381 D InputDispatcher: Inject motion (0/0): action=0x0, time=1503759237000, f=0x0, d=0 dsdx=1.000000 dtdx=-0.000000
03-29 16:36:23.314  3381  3572 I InputDispatcher: Delivering touch to (3961): action: 0x4, f=0x800, d=0, 'ae99735', t=1 
03-29 16:36:23.314  3381  3572 I InputDispatcher: Delivering touch to (14574): action: 0x0, f=0x800, d=0, '6d54488', t=1 
03-29 16:36:23.315  3381  3572 D PowerManagerService: [api] userActivityFromNative :  (event: 2 flags: 0 displayId: 0) eventTime = 1503759
03-29 16:36:23.316 14574 14574 I ViewRootImpl@e493376[AssetBrowserActivity]: ViewPostIme pointer 0
03-29 16:36:23.316  3381  3400 I GestureDetector: obtain mCurrentDownEvent. id: 133395082 caller: com.android.server.wm.SystemGesturesPointerEventListener.onPointerEvent:203 com.android.server.wm.PointerEventDispatcher.onInputEvent:53 android.view.InputEventReceiver.dispatchInputEvent:285 
03-29 16:36:23.316  3381  3400 I GestureDetector: obtain mCurrentDownEvent. id: 133395082 caller: com.android.server.wm.SystemPerformancePointerEventListener.onPointerEvent:89 com.android.server.wm.PointerEventDispatcher.onInputEvent:53 android.view.InputEventReceiver.dispatchInputEvent:285 
03-29 16:36:23.316  3381  3572 D PowerManagerService: UserActivityStateListenerState: 1
03-29 16:36:23.318  6276  6276 I SemDvfsHyPerManager: acquire hyper - TABoost/6276@19, type = 1090523139
03-29 16:36:23.320  3186  3188 I HYPER-HAL: [RequestManager.cpp]acquire(): Acquired ID : 19816679  [6276 / 19]    HINT :      list : [TABoost / 1] [TIMEOUT / 1500] 
03-29 16:36:23.320  1669  1806 I VSyncReactor: Current= 120, TransitioningTo= 120, Distance= 0
03-29 16:36:23.328  1669  1806 I VSyncReactor: Current= 120, TransitioningTo= 120, Distance= 120
03-29 16:36:23.342  3381  3400 I GestureDetector: obtain mCurrentMotionEventRaw. action: 2 id: 767496544
03-29 16:36:23.343  3381  3400 I GestureDetector: obtain mCurrentMotionEventRaw. action: 2 id: 767496544
03-29 16:36:23.348  3381  3573 D InputReader: Btn_touch(4): value=0 when=1503.798348
03-29 16:36:23.348  3381  3573 I InputReader: Touch event's action is 0x1 (id=6, t=0) [pCnt=1, s=] when=1503.798348
03-29 16:36:23.349  3381  3381 D InputDispatcher: Inject motion (0/0): action=0x1, time=1503798348000, f=0x0, d=0 dsdx=1.000000 dtdx=-0.000000
03-29 16:36:23.349  3381  3572 I InputDispatcher: Delivering touch to (14574): action: 0x1, f=0x800, d=0, '6d54488', t=1 
03-29 16:36:23.352 14574 14574 I ViewRootImpl@e493376[AssetBrowserActivity]: ViewPostIme pointer 1
03-29 16:36:23.366  3381  4081 D ApplicationPolicy: getApplicationUninstallationEnabled
03-29 16:36:23.366  3381  4081 D ApplicationPolicy: getApplicationUninstallationEnabled :  enabled true
03-29 16:36:23.381  4398  4398 D WearableService: Creating wearable service asynchronously.
03-29 16:36:23.396  4398  5010 I Wear_Controller: Wearable module requires a companion app to be installed.
03-29 16:36:23.396  4398  5010 I WearableService: onCreate: Wearable Services not starting. Wear is not available on this device.
03-29 16:36:23.429 14574 14574 I Finsky  : [2] ool.h(29): RTFA::IQ - Local install scheduled for package kai.c.acevocab
03-29 16:36:23.429 14574 14574 I Finsky  : [2] ardv.e(61): Will queue kai.c.acevocab to be downloaded over any network
03-29 16:36:23.432 14574 14574 W Finsky  : [2] mfg.f(53): No everExternallyHosted provided for kai.c.acevocab
03-29 16:36:23.435  3961  4071 D MobileStatusTracker(0/1): onSignalStrengthsChanged level=4, vendorLevel=5
03-29 16:36:23.436  4398 19966 W WearableService: onGetService: Wear is not available on this device.
03-29 16:36:23.438  3961  4071 D MobileSignalController(0/1): notifyListener: enabled=true, connected=true, dataConnected=false, networkType=LTE (4G), emergencyOnly=false, roaming=false, isDefault=false, dataActivity=, level=5, ca=false, mmWave=false, disabledDataIcon=false, simCard=ETC
03-29 16:36:23.438  3961  4071 D NetworkController: SignalStrength from intent slotId=0
03-29 16:36:23.444 14574 14653 I android.vending: Explicit concurrent copying GC freed 10MB AllocSpace bytes, 19(620KB) LOS objects, 49% free, 17MB/35MB, paused 326us,101us total 59.236ms
03-29 16:36:23.448 14701 14740 I Finsky:background: [95] waa.<init>(15): IQ: Preprocessor for install holdoff enabled.
03-29 16:36:23.448 14701 14740 I Finsky:background: [95] waa.<init>(17): IQ: Preprocessor for backup ready constraint enabled.
03-29 16:36:23.448 14701 14740 I Finsky:background: [95] wbu.accept(544): IQ: Attempting to validate incoming request. [Package:kai.c.acevocab, isid:5bmO9wwYToO9U0LdYFLRUQ]
03-29 16:36:23.448 14701 14740 I Finsky:background: [95] waj.a(234): IQ::SLP: Process requests [Package:kai.c.acevocab, isid:5bmO9wwYToO9U0LdYFLRUQ].
03-29 16:36:23.451 14701 14735 I Finsky:background: [90] arad.x(61): ICalc: estimated size required for installing kai.c.acevocab: 26905525 bytes
03-29 16:36:23.451 14701 14735 I Finsky:background: [90] wal.a(192): IQ-PP-SC: total install size for package kai.c.acevocab: 26905525 bytes. ISID: 5bmO9wwYToO9U0LdYFLRUQ
03-29 16:36:23.452 14701 14741 I Finsky:background: [96] vvi.a(1394): IQ-PP-SC: Skip AutoArchiving due to sufficient usage.
03-29 16:36:23.453 14701 14741 I Finsky:background: [96] vyo.apply(412): IQ::PromiseIconPreprocessor: Creating PackageInstaller Session for [Package:kai.c.acevocab, isid:5bmO9wwYToO9U0LdYFLRUQ]
03-29 16:36:23.453 14701 14741 I Finsky:background: [96] vyo.apply(722): IQ::IHP: [Package:kai.c.acevocab, isid:5bmO9wwYToO9U0LdYFLRUQ] is not applicable for install holdoff, modifying constraint.
03-29 16:36:23.454 14701 14741 I Finsky:background: [96] vza.l(68): IQ: Scheduling install request package_name=kai.c.acevocab, pm_package_name=kai.c.acevocab, version=20, priority=2, reason=single_install, account_name=[ezRAnO4TIsDEVU2k-USpKamxeEp0NvjN9TEQZS7obio], type=0, isid=5bmO9wwYToO9U0LdYFLRUQ, constraints=((IGNORE_HOLDOFF=true, NETWORK=ANY, PROVISIONING_STATE=PROVISIONED, BACKUP_MANAGER_STATE=BACKUP_READY, ALLOWED_DURING_ENTERPRISE_SETUP, AUTHENTICATION_REQUIRED, PROCESS_IMPORTANCE_THRESHOLD=125),), dataloader_install_data=disable_dataloader_streaming=true:IS_RETURNING_USER
03-29 16:36:23.455 14701 14748 I Finsky:background: [100] vyh.a(1687): IQSH: Checking storage for [kai.c.acevocab]
03-29 16:36:23.456 14701 14748 I Finsky:background: [100] arad.x(61): ICalc: estimated size required for installing kai.c.acevocab: 26905525 bytes
03-29 16:36:23.456 14701 14748 I Finsky:background: [100] vyh.a(1744): IQSH: total install size for package kai.c.acevocab is 26905525 bytes. ISID=5bmO9wwYToO9U0LdYFLRUQ
03-29 16:36:23.456 14701 14735 I Finsky:background: [90] apah.e(257): DL: Data loader session turned off due to Incremental install not requested: kai.c.acevocab
03-29 16:36:23.457 14701 14887 I Finsky:background: [131] arad.v(74): ICalc: Partition available space: 205688975360, install size: 53811050, min free: 524288000, additional needed: 0
03-29 16:36:23.458 14701 14748 I Finsky:background: [100] vvi.a(1955): IQSH: has sufficient storage for [kai.c.acevocab]
03-29 16:36:23.458 14701 14886 I Finsky:background: [130] aigo.accept(526): IV2: Setting install scenario: 0
03-29 16:36:23.458  3381  4081 I PersonaServiceHelper: isCallerApprovedToInstall(uid:10240 userHandle:0)
03-29 16:36:23.458  3381  4081 I PersonaServiceHelper: DO is not enabled. no Knox app install enforcement
03-29 16:36:23.458  3381  4081 I PackageInstaller:  getting through the check android.content.pm.PackageInstaller$SessionParams@a9e9285 user id 0
03-29 16:36:23.458  3381  4081 I PackageInstaller: UserManager.DISALLOW_NON_MARKET_APP_BY_KNOX : false
03-29 16:36:23.459  3381  4081 D PackageInstallerSession: InstallLogger: PackageInstallerSession(): createInstallTimeInfo(1600432201)
03-29 16:36:23.463 14701 14748 I Finsky:background: [100] vza.Q(41): IQ: Notifying installation update. [Package:kai.c.acevocab, isid:5bmO9wwYToO9U0LdYFLRUQ], status=SCHEDULED, status_code=0, reason=single_install, tsc=PT0.032S, attempt=0
03-29 16:36:23.469 14574 14752 E SQLiteLog: (10) POSIX Error : 11 SQLite Error : 3850
03-29 16:36:23.469 14574 14752 E SQLiteLog: (10) LOCK : Getting pending lock for (1) failed due to (11). The current owner is (14701).
03-29 16:36:23.470 14574 14752 E SQLiteLog: (10) POSIX Error : 11 SQLite Error : 3850
03-29 16:36:23.470 14574 14752 E SQLiteLog: (10) LOCK : Getting pending lock for (1) failed due to (11). The current owner is (14701).
03-29 16:36:23.472 14574 14752 E SQLiteLog: (10) POSIX Error : 11 SQLite Error : 3850
03-29 16:36:23.472 14574 14752 E SQLiteLog: (10) LOCK : Getting pending lock for (1) failed due to (11). The current owner is (14701).
03-29 16:36:23.484 14701 14701 I Finsky:background: [2] aerh.jg(69): PIM: Handling install package event for: kai.c.acevocab status:  SCHEDULED, isid: 5bmO9wwYToO9U0LdYFLRUQ
03-29 16:36:23.484 14701 14748 I Finsky:background: [100] vyo.apply(1336): IQ: Creating job 1808, for (IGNORE_HOLDOFF=true, NETWORK=ANY, PROVISIONING_STATE=PROVISIONED, BACKUP_MANAGER_STATE=BACKUP_READY, ALLOWED_DURING_ENTERPRISE_SETUP, AUTHENTICATION_REQUIRED, PROCESS_IMPORTANCE_THRESHOLD=125)
03-29 16:36:23.485 14701 14748 I Finsky:background: [100] vza.G(312): IQ: Bulk scheduling created jobs
03-29 16:36:23.486 14701 14886 I Finsky:background: [130] vzv.accept(25): SM: Session with Context {name=kai.c.acevocab versionCode=20} successfully created
03-29 16:36:23.491 14701 14735 I Finsky:background: [90] aeob.apply(264): PIM: getting items
03-29 16:36:23.505 14701 14741 I Finsky:background: [96] aerh.e(7): PIM: Loading icon for: kai.c.acevocab
03-29 16:36:23.506 14701 14741 I Finsky:background: [96] vsv.d(114): Waiting for bitmap for kai.c.acevocab
03-29 16:36:23.513 14701 14735 I Finsky:background: [90] rua.accept(58): SCH: Scheduling phonesky job Id: 3-1808, CT: 1743237383485, Constraints: [{ L: 0, D: 86400000, C: CHARGING_NONE, I: IDLE_NONE, N: NET_ANY, B: BATTERY_ANY }, { L: 0, D: 0, C: CHARGING_NONE, I: IDLE_NONE, N: NET_NONE, B: BATTERY_ANY }]
03-29 16:36:23.516 14701 14741 I Finsky:background: [96] nbb.apply(251): SCH: Scheduling 2 system job(s)
03-29 16:36:23.516 14701 14741 I Finsky:background: [96] ahhb.b(244): SCH: Scheduling system job Id: 10600, L: 0, D: 86399969, C: false, I: false, N: 1
03-29 16:36:23.523 14701 14741 I Finsky:background: [96] nbb.apply(412): SCH: Scheduling expedited system job 10601
03-29 16:36:23.525 14701 14701 I Finsky:background: [2] ahix.onStartJob(126): SCH: job service start with id 10600.
03-29 16:36:23.529 14701 14701 I Finsky:background: [2] ahix.onStartJob(126): SCH: job service start with id 10601.
03-29 16:36:23.531  3381  3856 D NetdEventListenerService: DNS Requested by : 106, 10240
03-29 16:36:23.535 14701 14735 I Finsky:background: [90] vza.Y(21): IQ: start evaluating install requests.
03-29 16:36:23.535 14701 14735 I Finsky:background: [90] vza.Y(54): IQ: no jobs active. Skipping
03-29 16:36:23.536 14701 14758 I Finsky:background: [106] nba.a(187): SCH: Satisfied jobs for 10600 are: 3-1808
03-29 16:36:23.538 14701 14758 I Finsky:background: [106] nba.a(187): SCH: Satisfied jobs for 10601 are: 3-1808
03-29 16:36:23.539 14701 14893 I Finsky:background: [132] ahgy.accept(94): SCH: Job 3-1808 starting
03-29 16:36:23.541 14701 14701 I Finsky:background: [2] InstallQueuePhoneskyJob.e(136): IQ::IQPJ: Start job 1808
03-29 16:36:23.542 14574 14653 I android.vending: Explicit concurrent copying GC freed 1937KB AllocSpace bytes, 0(0B) LOS objects, 49% free, 18MB/37MB, paused 310us,39us total 47.569ms
03-29 16:36:23.544 14701 14735 I Finsky:background: [90] mcn.accept(41): IQ: Checking expedited install constraint for kai.c.acevocab.
03-29 16:36:23.544 14701 14735 I Finsky:background: [90] vwx.test(793): IQ: Expedited install constraint check success.
03-29 16:36:23.544 14701 14735 I Finsky:background: [90] vza.Y(490): IQ: 1 scheduled install statuses found to proceed. 
03-29 16:36:23.548 14701 14737 I Finsky:background: [92] vyp.a(865): IQ: proceed install request for [Package:kai.c.acevocab, isid:5bmO9wwYToO9U0LdYFLRUQ].
03-29 16:36:23.548 14701 14737 I Finsky:background: [92] vza.ab(41): IQ: Notifying installation update. [Package:kai.c.acevocab, isid:5bmO9wwYToO9U0LdYFLRUQ], status=DOWNLOAD_PENDING, status_code=0, reason=single_install, tsc=PT0.117S, attempt=0
03-29 16:36:23.555 14701 14741 I Finsky:background: [96] vyr.a(241): IQ: Requesting install request=package_name=kai.c.acevocab, pm_package_name=kai.c.acevocab, version=20, priority=2, reason=single_install, account_name=[ezRAnO4TIsDEVU2k-USpKamxeEp0NvjN9TEQZS7obio], type=0, isid=5bmO9wwYToO9U0LdYFLRUQ, constraints=((IGNORE_HOLDOFF=true, NETWORK=ANY, PROVISIONING_STATE=PROVISIONED, BACKUP_MANAGER_STATE=BACKUP_READY, ALLOWED_DURING_ENTERPRISE_SETUP, AUTHENTICATION_REQUIRED, PROCESS_IMPORTANCE_THRESHOLD=125),), dataloader_install_data=disable_dataloader_streaming=true:IS_RETURNING_USER using installer.
03-29 16:36:23.555 14701 14701 I Finsky:background: [2] aerh.jg(69): PIM: Handling install package event for: kai.c.acevocab status:  DOWNLOAD_PENDING, isid: 5bmO9wwYToO9U0LdYFLRUQ
03-29 16:36:23.555 14701 14741 I Finsky:background: [96] apah.e(257): DL: Data loader session turned off due to Incremental install not requested: kai.c.acevocab
03-29 16:36:23.556 14701 14741 I Finsky:background: [96] vyr.a(794): DLIF: createIncrementalConfig with useIncrementalSessionWithReason: INCREMENTAL_DISABLED_IN_INSTALL_REQUEST , streamingVerdictWithReason: STREAMING_DISABLE_BY_UNKNOWN_REASON
03-29 16:36:23.561 14701 14746 I Finsky:background: [98] vvd.a(22): IV2::EIU: install request for [Package:kai.c.acevocab, isid:5bmO9wwYToO9U0LdYFLRUQ] doesn't require existing install.
03-29 16:36:23.563 14701 14746 I Finsky:background: [98] vve.a(80): IV2::FGCV: Foreground check passed for kai.c.acevocab
03-29 16:36:23.565 14701 14737 I Finsky:background: [92] vtw.a(189): IV2::DRV: install for [Package:kai.c.acevocab, isid:5bmO9wwYToO9U0LdYFLRUQ] not tracked by installer.
03-29 16:36:23.565  3381  5855 D ApplicationPolicy: getApplicationUninstallationEnabled
03-29 16:36:23.565  3381  5855 D ApplicationPolicy: getApplicationUninstallationEnabled :  enabled true
03-29 16:36:23.571 14574 14574 I Finsky  : [2] apah.e(257): DL: Data loader session turned off due to Incremental install not requested: kai.c.acevocab
03-29 16:36:23.572  3381  3397 D ApplicationPolicy: getApplicationUninstallationEnabled
03-29 16:36:23.573  3381  3397 D ApplicationPolicy: getApplicationUninstallationEnabled :  enabled true
03-29 16:36:23.573  2025  2216 D SemNativeCarrierFeature_vendor: getInstance
03-29 16:36:23.577 14701 14701 I Finsky:background: [2] vsu.il(21): Received bitmap for kai.c.acevocab
03-29 16:36:23.577 14701 14739 I Finsky:background: [94] rfz.a(440): PIM: Successfully retrieved bitmap for package: kai.c.acevocab.
03-29 16:36:23.577 14701 14746 I Finsky:background: [98] nom.a(604): IV2: adding timeout to install 521
03-29 16:36:23.580  3381  3401 W PackageInstallerSession: Writing changed icon /data/system/install_sessions/app_icon.1600432201.png
03-29 16:36:23.581  2106  3878 I bauth_FPBAuthService: pcf : 0x1012, 0 ,3 ,0 ,0 ,0 ,0, 7.0.0.0
03-29 16:36:23.581  2106  3878 I bauth_FPBAuthService: thread id : 3, preenroll_flag : 0, nd cnt : 0, cso : 0, et : 0
03-29 16:36:23.581  2106  3878 I bauth_FPBAuthService: FPBAuthService, 11491
03-29 16:36:23.584 14701 14746 I Finsky:background: [98] apah.e(257): DL: Data loader session turned off due to Incremental install not requested: kai.c.acevocab
03-29 16:36:23.584 14574 14574 I Finsky  : [2] apah.e(257): DL: Data loader session turned off due to Incremental install not requested: kai.c.acevocab
03-29 16:36:23.585  4437  4830 I AppIconSolution: getThemeIconWithBG called with public API, pkg = null, mode = 1
03-29 16:36:23.587  4437  4830 I AppIconSolution: start to load, pkg=null, bg=192-192, dr=180-180, forDefault=true, density=0
03-29 16:36:23.587  4437  4830 I AppIconSolution: getIconScale, pkg=null, size=180, iconScale=IconScale[alpha=0, scale=1.0, isCrop=true]
03-29 16:36:23.588  4437  4830 I AppIconSolution: default container[CROP], pkg=null, bg=180-180, dr=180-180, isNight = true
03-29 16:36:23.589  3381  3499 D ApplicationPolicy: getApplicationUninstallationEnabled
03-29 16:36:23.589  3381  3499 D ApplicationPolicy: getApplicationUninstallationEnabled :  enabled true
03-29 16:36:23.593 14701 14886 I Finsky:background: [130] aigq.a(993): SM: Session with Context {name=kai.c.acevocab versionCode=20} already exists, skipping creation
03-29 16:36:23.595  3947  4064 I System.out: Broadcasting: Intent { act=com.sec.intent.action.CP_CHAN_INFO flg=0x1000000 (has extras) }
03-29 16:36:23.596 14701 14741 I Finsky:background: [96] vud.apply(672): IV2::TV: allowMeteredNetwork=true for [Package=kai.c.acevocab, isid=5bmO9wwYToO9U0LdYFLRUQ]
03-29 16:36:23.596 14701 14741 I Finsky:background: [96] vtw.a(215): IV2::TM: Task added. kai.c.acevocab[iid:521] [isid:5bmO9wwYToO9U0LdYFLRUQ] [tid: 1000000862]
03-29 16:36:23.596  3381  3499 W ActivityManager: Broadcast Intent { act=com.sec.intent.action.CP_CHAN_INFO flg=0x1000010 (has extras) } not ordered but result callback requested!
03-29 16:36:23.597  3947  5077 I System.out: Broadcast completed: result=0
03-29 16:36:23.600 14701 14735 I Finsky:background: [90] vuu.a(304): IV2::TM: starting: 1000000862
03-29 16:36:23.600 14701 14741 I Finsky:background: [96] vza.Y(21): IQ: start evaluating install requests.
03-29 16:36:23.600 14701 14737 I Finsky:background: [92] vut.a(37): IV2::TM: Starting task: kai.c.acevocab[iid:521] [isid:5bmO9wwYToO9U0LdYFLRUQ] [tid: 1000000862]
03-29 16:36:23.605 14701 14737 I Finsky:background: [92] vup.d(11): IV2::TD starting task. kai.c.acevocab[iid:521] [isid:5bmO9wwYToO9U0LdYFLRUQ] [tid: 1000000862]
03-29 16:36:23.606 14701 14741 I Finsky:background: [96] vza.Y(203): IQ: There are 0 installs pending for job 1808: []
03-29 16:36:23.606 14701 14741 I Finsky:background: [96] vza.Y(226): IQ: Finishing job 1808
03-29 16:36:23.606 14701 14741 I Finsky:background: [96] ahhe.q(56): SCH: jobFinished: 3-1808. TimeElapsed: 67ms.
03-29 16:36:23.607 14701 14741 I Finsky:background: [96] vza.Y(304): IQ: No matching installs to run for jobs: [1808]
03-29 16:36:23.607 14701 14746 I Finsky:background: [98] vtw.a(490): IV2::TD: Fetching metadata start. kai.c.acevocab[iid:521] [isid:5bmO9wwYToO9U0LdYFLRUQ] [tid: 1000000862]
03-29 16:36:23.610 14701 14739 I Finsky:background: [94] zke.a(27): Attempt creation of cached APK for kai.c.acevocab
03-29 16:36:23.610 14701 14739 I Finsky:background: [94] zke.a(1358): Preloads directory was not found.
03-29 16:36:23.613 14701 14739 I Finsky:background: [94] lgi.call(60): File-by-File compatibility check result: true
03-29 16:36:23.614 14574 14574 I Finsky  : [2] aigi.a(684): IQ::HLD: previousAllInstallsDone is Optional.empty, allInstallationsDone is Optional[true]
03-29 16:36:23.614 14574 14574 I Finsky  : [2] aigi.a(710): IQ::HLD: Updating installations status false cross profiles
03-29 16:36:23.614 14574 14574 I Finsky  : [2] pka.d(34): XPF:Binding for 96087870
03-29 16:36:23.615 14701 14741 I Finsky:background: [96] vza.Y(490): IQ: 0 scheduled install statuses found to proceed. 
03-29 16:36:23.616  3381  3400 I GestureDetector: handleMessage TAP
03-29 16:36:23.616  3381  3381 I GestureDetector: handleMessage TAP
03-29 16:36:23.616 14701 14741 I Finsky:background: [96] ahgx.a(15): SCH: no pending jobs to schedule.
03-29 16:36:23.616 14701 14893 I Finsky:background: [132] ahix.a(24): SCH: job service finished with id 10601.
03-29 16:36:23.617 14701 14735 I Finsky:background: [90] ahgx.a(15): SCH: no pending jobs to schedule.
03-29 16:36:23.618 14701 14893 I Finsky:background: [132] ahix.a(24): SCH: job service finished with id 10600.
03-29 16:36:23.618 14701 14741 W Finsky:background: [96] qan.a(612): IU: Account  from AppState for update of kai.c.acevocab no longer exists.
03-29 16:36:23.625 14574 14574 I Finsky  : [2] ProfileStateService.onCreate(6): XPF:creating profileStateService
03-29 16:36:23.633  3381  3811 D SemNscXgbMsL1: Probability - Cloud gaming: [0.017666884]
03-29 16:36:23.633  3381  3811 D SemNscXgbMsL1: Probability - Real time: [0.12439141]
03-29 16:36:23.633  3381  3811 D SemNscXgbMsL1: Probability - Non real time: [0.94030863]
03-29 16:36:23.633  3381  3811 D SemNscXgbMsL1: 1 sample inference time: 0.174011 msecs
03-29 16:36:23.633 14574 14574 I Finsky  : [2] pjw.b(37): XPF:Registering listener 184817445 for user u0.
03-29 16:36:23.633  3381  3811 D SemNscXgbL2Rt: L2 RT 1 sample inference time: 0.316667 msecs
03-29 16:36:23.634 14574 14574 I Finsky  : [2] pjw.d(54): XPF:User 0 finished enterprise setup, removing profile.
03-29 16:36:23.634  3381  3811 D SemNscXgbL2Nrt: L2 NRT 1 sample inference time: 0.256042 msecs
03-29 16:36:23.639 14574 14574 I Finsky  : [2] pjw.e(44): XPF:User 0 is not in installation anymore, removing profile.
03-29 16:36:23.639 14574 14574 I Finsky  : [2] pjw.e(91): XPF:Notifying user u0 that all installs are finished
03-29 16:36:23.647  3381  3856 D NetdEventListenerService: DNS Requested by : 106, 10240
03-29 16:36:23.662  2025  2216 D SemNativeCarrierFeature_vendor: getInstance
03-29 16:36:23.665  3947  4064 I System.out: Broadcasting: Intent { act=com.sec.intent.action.SARDEVICE_CP flg=0x10000000 (has extras) }
03-29 16:36:23.668  3381  3558 D MotionRecognitionService: [SAR]  onReceive : SARDEVICE_CP, callAction = on deviceID = 67142145 slot = 0 device_ext = 0
03-29 16:36:23.668  3381  3558 I MotionRecognitionService: [SAR] setStartTime screen true, type : 0, device : 1
03-29 16:36:23.668  3381  3558 I MotionRecognitionService: [SAR] id : 0 cmd :on
03-29 16:36:23.668  3381  3558 I MotionRecognitionService: [SAR] SX9360 Grip sensor enableSensor
03-29 16:36:23.669  3381  3558 D SensorService: [GripSensor] ++ setGripThdWithMCC  (65560)
03-29 16:36:23.669  3381  3558 D SensorService: GripSensor: MCC Path does not exist 
03-29 16:36:23.669  3185  3185 I SensorsGrip: [grip_sensor] enable: GripSensor: enable handle = 11 en = 1
03-29 16:36:23.670  3961  4071 D MobileStatusTracker(0/1): onDataActivity: direction=0
03-29 16:36:23.671  3961  4071 D MobileStatusTracker(0/1): onDataActivity: direction=0
03-29 16:36:23.677  3185  3375 I SensorsGrip: [grip_sensor] readEvents: GripSensor: grip 1ch data = TOUCH
03-29 16:36:23.677  3185  3375 I SensorsGrip: [grip_sensor] readEvents: GripSensor: grip 1ch unknown UNKNOWN MODE
03-29 16:36:23.678  1629  1629 I SSC_DAEMON: physical_sensor_test_req_msg Sensor type :0, Msg type:3
03-29 16:36:23.681  1629  2753 I SSC_DAEMON: accel_motor_state_event: 1, 0
03-29 16:36:23.681  1629  2753 I SSC_DAEMON: LCE motor: 0
03-29 16:36:23.681  3185  3560 E libprotobuf-native: [libprotobuf ERROR external/protobuf/src/google/protobuf/message_lite.cc:123] Can't parse message of type "sns_std_sensor_event" because it is missing required fields: (cannot determine missing fields for lite message)
03-29 16:36:23.681  1629  2753 I SSC_DAEMON: SBM motor: 0
03-29 16:36:23.700  3185  3185 E SensorsGrip: [grip_sensor] enable: mEnabled : 1, first_grip_event : 1
03-29 16:36:23.700  3381  3558 D SensorManager: registerListener :: 16777227, SX9360 Grip sensor, 200000, 0, com.samsung.android.gesture.MotionRecognitionSAR$GripSensorWrapper$1@f57cdee
03-29 16:36:23.700  3381  3558 I MotionRecognitionService: [SAR] SX9360 Grip sensor enable channel 0 : 1 , channel 1 : 0
03-29 16:36:23.700  3381  3558 I MotionRecognitionService: [SAR] id : 9 cmd :on
03-29 16:36:23.700  3381  3558 W MotionRecognitionService: DEFAULT
03-29 16:36:23.700  3381  3558 I MotionRecognitionService: [SAR] id : 15 cmd :on
03-29 16:36:23.700  3381  3558 W MotionRecognitionService: DEFAULT
03-29 16:36:23.700  3381  3558 I MotionRecognitionService: [SAR] id : 26 cmd :on
03-29 16:36:23.700  3381  3558 W MotionRecognitionService: DEFAULT
03-29 16:36:23.701  3947  5077 I System.out: Broadcast completed: result=0
03-29 16:36:23.703  3381  3558 I MotionRecognitionService: [SAR] SX9360 Grip sensor onSensorChanged : 0.0 , 0.0 , 0.0 , 300.0 , 0.0
03-29 16:36:23.703  3381  3558 I MotionRecognitionService: [SAR] SX9360 Grip sensor setUnknownMode channel: 0 , state: 300
03-29 16:36:23.705  3381  3558 D MotionRecognitionService: [SAR] set setTransmitPowerWithFlag  value : 1 : true
03-29 16:36:23.705  3381  3558 I MotionRecognitionService: [SAR] setStartTime screen true, type : 1, device : 1
03-29 16:36:23.705  3381  3558 I MotionRecognitionService: [SAR] UnknownMode set 1 channel : 0 , state : 0
03-29 16:36:23.705  3381  3558 I MotionRecognitionService: [SAR] SX9360 Grip sensorsetTunerGrip 8589934592 , state: true
03-29 16:36:23.706  3381  3558 D MotionRecognitionService: [SAR] set setTransmitPowerExt  value : 8589934592 : true
03-29 16:36:23.706  3381  3558 I MotionRecognitionService: [SAR] tunerGrip is 8589934592, state : true
03-29 16:36:23.707  3947  4064 I System.out: Broadcasting: Intent { act=com.sec.intent.action.CP_CHAN_INFO flg=0x1000000 (has extras) }
03-29 16:36:23.708  2025  2216 D SemNativeCarrierFeature_vendor: getInstance
03-29 16:36:23.708  3381  6510 W ActivityManager: Broadcast Intent { act=com.sec.intent.action.CP_CHAN_INFO flg=0x1000010 (has extras) } not ordered but result callback requested!
03-29 16:36:23.709  3947  5077 I System.out: Broadcast completed: result=0
03-29 16:36:23.713  3961  4071 D MobileStatusTracker(0/1): onSignalStrengthsChanged level=4, vendorLevel=5
03-29 16:36:23.713  3961  4071 D MobileSignalController(0/1): notifyListener: enabled=true, connected=true, dataConnected=false, networkType=LTE (4G), emergencyOnly=false, roaming=false, isDefault=false, dataActivity=, level=5, ca=false, mmWave=false, disabledDataIcon=false, simCard=ETC
03-29 16:36:23.715  3961  4071 D NetworkController: SignalStrength from intent slotId=0
03-29 16:36:23.722  2025  2264 D SemNativeCarrierFeature_vendor: getInstance
03-29 16:36:23.722  3381  3805 D SemCellularStateManager: onCellInfoChanged: cellInfoList Number of cell: 2
03-29 16:36:23.722  3381  3805 D SemCellularStateManager: onCellInfoChanged: Registered = true, mCellularCellId = 25684758
03-29 16:36:23.722  3381  3805 V SemCellularStateManager: notifyCellularStateChanged : sendCommandUpdateCellularCapabilities called
03-29 16:36:23.722  3381  3805 D SemSupplicantStaIfaceHalHidlImpl: updateCellularCapabilities called
03-29 16:36:23.723  4356  4636 I PhoneStateTracker<0>: onCellInfoChanged: xxxxx
03-29 16:36:23.723  4356  4636 I ImsCallSessionManager: onCellInfoChanged, phoneId: 0
03-29 16:36:23.723  4356  4636 I RegiMgr-Handler: handleMessage: EVENT_CELL_INFO_CHANGED
03-29 16:36:23.723  4356  4636 I RegiMgr<0>: updatePani RegisterTask[0][mProfile=FET Mobile VoLTE, mRegistrationRat=13, mPdnType=11, mState=REGISTERED, mObject=UserAgent - :
03-29 16:36:23.723  4356  4636 I RegiMgr<0>:  total records=141
03-29 16:36:23.723  4356  4636 I RegiMgr<0>:  rec[0]: time=03-29 16:27:47.164 processed=RegisteredState org=RegisteredState dest=<null> what=8(0x8)
03-29 16:36:23.723  4356  4636 I RegiMgr<0>:  rec[1]: time=03-29 16:27:47.262 processed=RegisteredState org=RegisteredState dest=<null> what=1000(0x3e8)
03-29 16:36:23.723  4356  4636 I RegiMgr<0>:  rec[2]: time=03-29 16:27:47.296 processed=ReadyState org=RegisteredState dest=<null> what=34(0x22)
03-29 16:36:23.723  4356  4636 I RegiMgr<0>:  rec[3]: time=03-29 16:27:47.299 processed=RegisteredState org=RegisteredState dest=<null> what=2000(0x7d0)
03-29 16:36:23.723  4356  4636 I RegiMgr<0>:  rec[4]: time=03-29 16:31:15.260 processed=ReadyState org=RegisteredState dest=<null> what=34(0x22)
03-29 16:36:23.723  4356  4636 I RegiMgr<0>:  rec[5]: time=03-29 16:31:15.260 processed=RegisteredState org=RegisteredState dest=<null> what=2000(0x7d0)
03-29 16:36:23.723  4356  4636 I RegiMgr<0>:  rec[6]: time=03-29 16:33:47.517 processed=ReadyState org=RegisteredState dest=<null> what=34(0x22)
03-29 16:36:23.723  4356  4636 I RegiMgr<0>:  rec[7]: time=03-29 16:33:47.521 processed=RegisteredState org=RegisteredState dest=<null> what=2000(0x7d0)
03-29 16:36:23.723  4356  4636 I RegiMgr<0>:  rec[8]: time=03-29 16:33:55.174 processed=ReadyState org=RegisteredState dest=<null> what=34(0x22)
03-29 16:36:23.723  4356  4636 I RegiMgr<0>:  rec[9]: time=03-29 16:33:55.174 processed=RegisteredState org=RegisteredState dest=<null> what=2000(0x7d0)
03-29 16:36:23.723  4356  4636 I RegiMgr<0>:  rec[10]: time=03-29 16:34:54.194 processed=ReadyState org=RegisteredState dest=<null> what=34(0x22)
03-29 16:36:23.723  4356  4636 I RegiMgr<0>:  rec[11]: time=03-29 16:34:54.194 processed=RegisteredState org=RegisteredState dest=<null> what=2000(0x7d0)
03-29 16:36:23.723  4356  4636 I RegiMgr<0>:  rec[12]: time=03-29 16:35:13.379 processed=ReadyState org=RegisteredState dest=<null> what=34(0x22)
03-29 16:36:23.723  4356  4636 I RegiMgr<0>:  rec[13]: time=03-29 16:35:13.380 processed=RegisteredState org=RegisteredState dest=<null> what=2000(0x7d0)
03-29 16:36:23.723  4356  4636 I RegiMgr<0>:  rec[14]: time=03-29 16:35:58.148 processed=ReadyState org=RegisteredState dest=<null> what=34(0x22)
03-29 16:36:23.723  4356  4636 I RegiMgr<0>:  rec[15]: time=03-29 16:35:58.149 processed=RegisteredState org=RegisteredState dest=<null> what=2000(0x7d0)
03-29 16:36:23.723  4356  4636 I RegiMgr<0>:  rec[16]: time=03-29 16:36:09.114 processed=ReadyState org=RegisteredState dest=<null> what=34(0x22)
03-29 16:36:23.723  4356  4636 I RegiMgr<0>:  rec[17]: time=03-29 16:36:09.114 processed=RegisteredState org=RegisteredState dest=<null> what=2000(0x7d0)
03-29 16:36:23.723  4356  4636 I RegiMgr<0>:  rec[18]: time=03-29 16:36:18.667 processed=ReadyState org=RegisteredState dest=<null> what=34(0x22)
03-29 16:36:23.723  4356  4636 I RegiMgr<0>:  rec[19]: time=03-29 16:36:18.668 processed=RegisteredState org=RegisteredState dest=<null> what=2000(0x7d0)
03-29 16:36:23.723  4356  4636 I RegiMgr<0>: curState=RegisteredState
03-29 16:36:23.723  4356  4636 I RegiMgr<0>: , mReason=, mPcscfHostname=null, mDeregiReason=41]
03-29 16:36:23.724  4356  4636 I PaniGenerator<0>: generate: subId=1, network=13
03-29 16:36:23.724  4356  4636 I PaniGenerator<0>: generate: network=13, fallbackPlmn=46601
03-29 16:36:23.724  4356  4636 I PdnController<0>: getAllCellInfo mNeedCellLocationUpdate : false
03-29 16:36:23.724  4356  4636 I PaniGenerator: generate: change to NW PLMN(46601)
03-29 16:36:23.726  4356  4636 I UserAgent<0>: updatePani: pani=3GPP-E-UTRAN-FDD;utran-cell-id-3gpp=466014a9f187eb16, updatePani: lastPani=
03-29 16:36:23.726  4356  4791 I StackIF : updatePani: 8037 pani: [3GPP-E-UTRAN-FDD;utran-cell-id-3gpp=466014a9f187eb16]
03-29 16:36:23.726  4356  4791 I SECIMSJ : [0109]> 140
03-29 16:36:23.726  4356  4636 I RegiMgr<0>: tryRegister:
03-29 16:36:23.726  4356  4636 I RegiMgr<0>: RegisterTask(s): FET Mobile VoLTE (REGISTERED, rat = 13, service = [smsip, mmtel]), Global GC RCS (IDLE)
03-29 16:36:23.726  4356  4636 I RcsPolicyMgr<0>: pendingRcsRegister: mActiveDataPhoneId = 0
03-29 16:36:23.727  4356  4636 I RcsPolicyMgr<0>: pendingRcsRegister: mActiveDataPhoneId = 0
03-29 16:36:23.727  4356  4813 I [IMS6.0]: IMS_onResponse()
03-29 16:36:23.727  4356  4636 I RegisterTask: isSuspended: mSuspended(false) mSuspendByIrat(false)
03-29 16:36:23.727  4356  4813 I StackIF : processMessage 2
03-29 16:36:23.727  4356  4636 I RegiMgr<0>: [Global GC RCS|IDLE] checkForTryRegister id: 1073
03-29 16:36:23.727  4356  4813 I StackIF : Processing Response
03-29 16:36:23.727  4356  4636 I RegiMgr : isPdnConnected: false, PdnType: 0
03-29 16:36:23.727  4356  4813 I SECIMSJ : [0109]< 600
03-29 16:36:23.727  4356  4813 I StackIF : processResponse: reqId 600
03-29 16:36:23.727  4356  4813 I StackIF : processResponse: handle 8037 result 0 reason 0
03-29 16:36:23.727  2025  2264 D SemNativeCarrierFeature_vendor: getInstance
03-29 16:36:23.728  4356  4636 I PdnController: getDefaultNetworkBearer:  WIFI
03-29 16:36:23.728  4356  4636 I PdnController: isWifiConnected: [type: WIFI[], state: CONNECTED/CONNECTED, reason: (unspecified), extra: , failover: false, available: true, roaming: false]
03-29 16:36:23.729  4356  4636 I RegiMgr-Utils<0>: findBestNetwork: WIFI needWifiNetwork = true
03-29 16:36:23.729  4356  4636 I RegiGvnBase<0>: isReadyToDualRegister : true
03-29 16:36:23.730  4356  4636 I RegiMgr<0>: [Global GC RCS|IDLE] checkInitialRegistrationIsReady: APM ON [false], Roamimg [false]
03-29 16:36:23.730  4356  4636 I RcsPolicyMgr<0>: pendingRcsRegister: mActiveDataPhoneId = 0
03-29 16:36:23.730  4356  4636 I ImsProfile: isRttSupportByCallApp : false ttyType : 1
03-29 16:36:23.730  4356  4636 I RegiMgr-Utils<0>: getPriorityRegiedTask : isPriority  High? true
03-29 16:36:23.731  4356  4636 I RegiGvnBase: checkRegiStatus: getState()=IDLE mIsUpdateRegistering=false
03-29 16:36:23.731  4356  4636 I RegiMgr<0>: getTelephonyCallStatus:
03-29 16:36:23.732  4356  4636 I ConfigProvider: query uri:xxxxx
03-29 16:36:23.732  2025  2216 D SemNativeCarrierFeature_vendor: getInstance
03-29 16:36:23.736  4356  4636 I ConfigProvider: queryStorage path content://com.samsung.rcs.autoconfigurationprovider/parameter/version#simslot0
03-29 16:36:23.736  3381  3381 D SemWifiService: onServiceStateChanged : state - 0, dataNetworkType : 13
03-29 16:36:23.737  3381  3381 D SemWifiApServiceImpl: onServiceStateChanged : 0dataNetworkType : 13
03-29 16:36:23.738  3381  3381 W NSLocationMonitor: onServiceStateChanged, state=0 / channel=1550
03-29 16:36:23.738  3381  3381 I NSLocationMonitor: networkType[13]=LTE / nrState=false
03-29 16:36:23.738  4356  4636 I RegiGvnRcs: isReadyToRegister: User don't try RCS service yet
03-29 16:36:23.738  4356  4636 I RegiMgr<0>: [Global GC RCS|IDLE] checkForTryRegister: isReadyToRegister = false
03-29 16:36:23.738  3381  3499 I LocationAccessPolicy: checkLocationPermission - callingUid: 10065, callingPid: 9379, resultForFine: DENIED_HARD
03-29 16:36:23.738  3381  3499 I LocationAccessPolicy: checkLocationPermission - callingUid: 10065, callingPid: 9379, resultForCoarse: DENIED_HARD
03-29 16:36:23.738  4696  4803 W NetworkManager_FLP: updateServiceStateChanged, serviceState=0 / isRegistered=true / channel=1550 / networkTypeName=LTE / nr=false
03-29 16:36:23.738  4696  4803 I NetworkManager_FLP: Success to update networkStatus, Service=0 / Network=LTE(band=3, ch=1550) / MobileData=false, roaming=false / WIFI=true, conn=true / BT=true, conn=false
03-29 16:36:23.738  3381  3499 I LocationAccessPolicy: checkLocationPermission - callingUid: 10235, callingPid: 30917, resultForFine: DENIED_HARD
03-29 16:36:23.738  3381  3499 I LocationAccessPolicy: checkLocationPermission - callingUid: 10235, callingPid: 30917, resultForCoarse: DENIED_HARD
03-29 16:36:23.738  3381  3499 I LocationAccessPolicy: checkLocationPermission - callingUid: 10164, callingPid: 10932, resultForFine: DENIED_HARD
03-29 16:36:23.738  3381  3499 I LocationAccessPolicy: checkLocationPermission - callingUid: 10164, callingPid: 10932, resultForCoarse: DENIED_HARD
03-29 16:36:23.739  4356  4636 E GlobalSettingsRepoBase: globalgcsettings No matched key : separate_vo5g_icon
03-29 16:36:23.739  4356  4356 I VolteServiceModule: onServiceStateChanged({mVoiceRegState=0(IN_SERVICE), mDataRegState=0(IN_SERVICE), mChannelNumber=1550, duplexMode()=1, mCellBandwidths=[20000], mOperatorAlphaLong=遠傳電信, mOperatorAlphaShort=遠傳電信, isManualNetworkSelection=false(automatic), getRilVoiceRadioTechnology=14(LTE), getRilDataRadioTechnology=14(LTE), mCssIndicator=unsupported, mNetworkId=*1, mSystemId=*1, mCdmaRoamingIndicator=-1, mCdmaDefaultRoamingIndicator=-1, VoiceRegType=0, Snap=0, MobileData=IN_SERVICE, MobileDataRoamingType=home, MobileDataRat=LTE, PsOnly=false, FemtocellInd=0, SprDisplayRoam=false, OptRadioTech=0, MsimSubmode=0, IsVoiceCallAvailable=true, mIsEmergencyOnly=false, isUsingCarrierAggregation=false, mArfcnRsrpBoost=0, mNetworkRegistrationInfos=[NetworkRegistrationInfo{ domain=CS transportType=WWAN registrationState=HOME roamingType=NOT_ROAMING accessNetworkTechnology=LTE rejectCause=0 emergencyEnabled=false availableServices=[VOICE,SMS,VIDEO] cellIdentity=CellIdentityLte:{ mCi=2*****58 mPci=215 mTac=1***3 mEarfcn=1550 mBands=[3] mBandwidth=2147483647 mMcc=466 mMnc=01 mAlphaLong=遠傳電信 mAlphaShort=遠傳電信 mAdditionalPlmns={} mCsgInfo=null} voiceSpecificInfo=VoiceSpecificRegistrationInfo { mCssSupported=false mRoamingIndicator=0 mSystemIsInPrl=0 mDefaultRoamingIndicator=0} dataSpecificInfo=null nrState=**** rRplmn=46601 isUsingCarrierAggregation=false}, NetworkRegistrationInfo{ domain=PS transportType=WWAN registrationState=HOME roamingType=NOT_ROAMING accessNetworkTechnology=LTE rejectCause=0 emergencyEnabled=false availableServices=[DATA] cellIdentity=CellIdentityLte:{ mCi=2*****58 mPci=215 mTac=1***3 mEarfcn=1550 mBands=[3] mBandwidth=2147483647 mMcc=466 mMnc=01 mAlphaLong=遠傳電信 mAlphaShort=遠傳電信 mAdditionalPlmns={} mCsgInfo=null} voiceSpecificInfo=null dataSpecificInfo=android.telephony.DataSpecificRegistrationInfo :{ maxDataCalls = 16 isDcNrRestricted = true isNrAvailable = true isEnDcAvailable = true LteVopsSupportInfo :  mVopsSupport = 2 mEmcBearerSupport = 2 } nrState=**** rRplmn=46601 isUsingCarrierAggregation=false}], mNrFrequencyRange=0, mOperatorAlphaLongRaw=遠傳電信, mOperatorAlphaShortRaw=遠傳電信, mIsDataRoamingFromRegistration=false, mIsIwlanPreferred=false})
03-29 16:36:23.739  4356  4356 I VolteServiceModule: mIsLteEpsOnlyAttached(1):false
03-29 16:36:23.739  3381  3499 W ContextImpl: Calling a method in the system process without a qualified user: android.app.ContextImpl.sendBroadcastMultiplePermissions:1285 com.android.server.TelephonyRegistry.broadcastServiceStateChanged:3131 com.android.server.TelephonyRegistry.notifyServiceStateForPhoneId:1632 com.android.internal.telephony.ITelephonyRegistry$Stub.onTransact:499 android.os.Binder.execTransactInternal:1321 
03-29 16:36:23.739  3381  4234 D SLocation: CellLocationManager - onServiceStateChanged 0
03-29 16:36:23.739  4356  4636 I PdnController<0>: Active Phone Id = 0 MobileConnected = true
03-29 16:36:23.739  4356  4636 I PhoneStateTracker<0>: onServiceStateChanged: state={mVoiceRegState=0(IN_SERVICE), mDataRegState=0(IN_SERVICE), mChannelNumber=1550, duplexMode()=1, mCellBandwidths=[20000], mOperatorAlphaLong=遠傳電信, mOperatorAlphaShort=遠傳電信, isManualNetworkSelection=false(automatic), getRilVoiceRadioTechnology=14(LTE), getRilDataRadioTechnology=14(LTE), mCssIndicator=unsupported, mNetworkId=*1, mSystemId=*1, mCdmaRoamingIndicator=-1, mCdmaDefaultRoamingIndicator=-1, VoiceRegType=0, Snap=0, MobileData=IN_SERVICE, MobileDataRoamingType=home, MobileDataRat=LTE, PsOnly=false, FemtocellInd=0, SprDisplayRoam=false, OptRadioTech=0, MsimSubmode=0, IsVoiceCallAvailable=true, mIsEmergencyOnly=false, isUsingCarrierAggregation=false, mArfcnRsrpBoost=0, mNetworkRegistrationInfos=[NetworkRegistrationInfo{ domain=CS transportType=WWAN registrationState=HOME roamingType=NOT_ROAMING accessNetworkTechnology=LTE rejectCause=0 emergencyEnabled=false availableServices=[VOICE,SMS,VIDEO] cellIdentity=CellIdentityLte:{ mCi=2*****58 mPci=215 mTac=1***3 mEarfcn=1550 mBands=[3] mBandwidth=2147483647 mMcc=466 mMnc=01 mAlphaLong=遠傳電信 mAlphaShort=遠傳電信 mAdditionalPlmns={} mCsgInfo=null} voiceSpecificInfo=VoiceSpecificRegistrationInfo { mCssSupported=false mRoamingIndicator=0 mSystemIsInPrl=0 mDefaultRoamingIndicator=0} dataSpecificInfo=null nrState=**** rRplmn=46601 isUsingCarrierAggregation=false}, NetworkRegistrationInfo{ domain=PS transportType=WWAN registrationState=HOME roamingType=NOT_ROAMING accessNetworkTechnology=LTE rejectCause=0 emergencyEnabled=false availableServices=[DATA] cellIdentity=CellIdentityLte:{ mCi=2*****58 mPci=215 mTac=1***3 mEarfcn=1550 mBands=[3] mBandwidth=2147483647 mMcc=466 mMnc=01 mAlphaLong=遠傳電信 mAlphaShort=遠傳電信 mAdditionalPlmns={} mCsgInfo=null} voiceSpecificInfo=null dataSpecificInfo=android.telephony.DataSpecificRegistrationInfo :{ maxDataCalls = 16 isDcNrRestricted = true isNrAvailable = true isEnDcAvailable = true LteVopsSupportInfo :  mVopsSupport = 2 mEmcBearerSupport = 2 } nrState=**** rRplmn=46601 isUsingCarrierAggregation=false}], mNrFrequencyRange=0, mOperatorAlphaLongRaw=遠傳電信, mOperatorAlphaShortRaw=遠傳電信, mIsDataRoamingFromRegistration=false, mIsIwlanPreferred=false}Changed=
03-29 16:36:23.739  4356  4636 I PdnController<0>: notifyDataConnectionState
03-29 16:36:23.739  4356  4636 I PdnController<0>: initialize PendedEPDGWeakSignal flag
03-29 16:36:23.739  4356  4636 I PdnController<0>: setPendedEPDGWeakSignal
03-29 16:36:23.739  4356  4636 I PdnController<0>: notifyDataConnectionState: needNotify=false networkType=13 isEpdgConnected=false dataNetType=13=>13 dataRegState=0=>0
03-29 16:36:23.739  4356  4636 I PhoneStateTracker<0>: notifySnapshotState: snapshotState=0 old=0
03-29 16:36:23.739  4356  4636 I GeolocationCon: handleMessage : what = SERVICE_STATE_CHANGED
03-29 16:36:23.739  3381  3499 W ContextImpl: Calling a method in the system process without a qualified user: android.app.ContextImpl.sendBroadcastMultiplePermissions:1335 android.content.Context.sendBroadcastMultiplePermissions:2276 com.android.server.TelephonyRegistry.broadcastServiceStateChanged:3135 com.android.server.TelephonyRegistry.notifyServiceStateForPhoneId:1632 com.android.internal.telephony.ITelephonyRegistry$Stub.onTransact:499 
03-29 16:36:23.739  4356  4821 I VolteServiceModule: onServiceStateChanged({mVoiceRegState=0(IN_SERVICE), mDataRegState=0(IN_SERVICE), mChannelNumber=1550, duplexMode()=1, mCellBandwidths=[20000], mOperatorAlphaLong=遠傳電信, mOperatorAlphaShort=遠傳電信, isManualNetworkSelection=false(automatic), getRilVoiceRadioTechnology=14(LTE), getRilDataRadioTechnology=14(LTE), mCssIndicator=unsupported, mNetworkId=*1, mSystemId=*1, mCdmaRoamingIndicator=-1, mCdmaDefaultRoamingIndicator=-1, VoiceRegType=0, Snap=0, MobileData=IN_SERVICE, MobileDataRoamingType=home, MobileDataRat=LTE, PsOnly=false, FemtocellInd=0, SprDisplayRoam=false, OptRadioTech=0, MsimSubmode=0, IsVoiceCallAvailable=true, mIsEmergencyOnly=false, isUsingCarrierAggregation=false, mArfcnRsrpBoost=0, mNetworkRegistrationInfos=[NetworkRegistrationInfo{ domain=CS transportType=WWAN registrationState=HOME roamingType=NOT_ROAMING accessNetworkTechnology=LTE rejectCause=0 emergencyEnabled=false availableServices=[VOICE,SMS,VIDEO] cellIdentity=CellIdentityLte:{ mCi=2*****58 mPci=215 mTac=1***3 mEarfcn=1550 mBands=[3] mBandwidth=2147483647 mMcc=466 mMnc=01 mAlphaLong=遠傳電信 mAlphaShort=遠傳電信 mAdditionalPlmns={} mCsgInfo=null} voiceSpecificInfo=VoiceSpecificRegistrationInfo { mCssSupported=false mRoamingIndicator=0 mSystemIsInPrl=0 mDefaultRoamingIndicator=0} dataSpecificInfo=null nrState=**** rRplmn=46601 isUsingCarrierAggregation=false}, NetworkRegistrationInfo{ domain=PS transportType=WWAN registrationState=HOME roamingType=NOT_ROAMING accessNetworkTechnology=LTE rejectCause=0 emergencyEnabled=false availableServices=[DATA] cellIdentity=CellIdentityLte:{ mCi=2*****58 mPci=215 mTac=1***3 mEarfcn=1550 mBands=[3] mBandwidth=2147483647 mMcc=466 mMnc=01 mAlphaLong=遠傳電信 mAlphaShort=遠傳電信 mAdditionalPlmns={} mCsgInfo=null} voiceSpecificInfo=null dataSpecificInfo=android.telephony.DataSpecificRegistrationInfo :{ maxDataCalls = 16 isDcNrRestricted = true isNrAvailable = true isEnDcAvailable = true LteVopsSupportInfo :  mVopsSupport = 2 mEmcBearerSupport = 2 } nrState=**** rRplmn=46601 isUsingCarrierAggregation=false}], mNrFrequencyRange=0, mOperatorAlphaLongRaw=遠傳電信, mOperatorAlphaShortRaw=遠傳電信, mIsDataRoamingFromRegistration=false, mIsIwlanPreferred=false})
03-29 16:36:23.739  4356  4636 I GeolocationCon: matchTimingReqLocation ,match=0, timing=4
03-29 16:36:23.739  4356  4821 I VolteServiceModule: mIsLteEpsOnlyAttached(0):false
03-29 16:36:23.739  4356  4636 I GeolocationCon: matchTimingReqLocation ,match=0, timing=4
03-29 16:36:23.739  4356  4636 I GeolocationCon: matchTimingReqLocation ,match=0, timing=4
03-29 16:36:23.739  4356  4636 I GeolocationCon: profile is null
03-29 16:36:23.740  4356  4636 I GeolocationCon<0>: onNetworkCountryIsoChanged: mCountryIso = tw, iso = tw
03-29 16:36:23.740  3961  4071 D MobileStatusTracker(0/1): onServiceStateChanged voiceState=0 dataState=0
03-29 16:36:23.741  3961  4071 D MobileSignalController(0/1): notifyListener: enabled=true, connected=true, dataConnected=false, networkType=LTE (4G), emergencyOnly=false, roaming=false, isDefault=false, dataActivity=, level=5, ca=false, mmWave=false, disabledDataIcon=false, simCard=ETC
03-29 16:36:23.741  3961  4071 D NetworkController: ServiceState from intent slotId=0
03-29 16:36:23.741  3961  3961 D MultiSIMController: onReceive() - action = android.intent.action.SERVICE_STATE
03-29 16:36:23.742  3961  3961 D KeyguardUpdateMonitor: received broadcast android.intent.action.SERVICE_STATE
03-29 16:36:23.742  3381  3805 V SemWifiBackOff.5G: checkAndSetup nrFrequencyRange=0 / prevNrFrequencyRange=0
03-29 16:36:23.742  3381  3805 V SemWifiBackOff.5G: restore back off mode, current: [NONE]
03-29 16:36:23.742  3961  3961 V KeyguardUpdateMonitor: action android.intent.action.SERVICE_STATE serviceState={mVoiceRegState=0(IN_SERVICE), mDataRegState=0(IN_SERVICE), mChannelNumber=1550, duplexMode()=1, mCellBandwidths=[20000], mOperatorAlphaLong=遠傳電信, mOperatorAlphaShort=遠傳電信, isManualNetworkSelection=false(automatic), getRilVoiceRadioTechnology=14(LTE), getRilDataRadioTechnology=14(LTE), mCssIndicator=unsupported, mNetworkId=*1, mSystemId=*1, mCdmaRoamingIndicator=-1, mCdmaDefaultRoamingIndicator=-1, VoiceRegType=0, Snap=0, MobileData=IN_SERVICE, MobileDataRoamingType=home, MobileDataRat=LTE, PsOnly=false, FemtocellInd=0, SprDisplayRoam=false, OptRadioTech=0, MsimSubmode=0, IsVoiceCallAvailable=true, mIsEmergencyOnly=false, isUsingCarrierAggregation=false, mArfcnRsrpBoost=0, mNetworkRegistrationInfos=[NetworkRegistrationInfo{ domain=CS transportType=WWAN registrationState=HOME roamingType=NOT_ROAMING accessNetworkTechnology=LTE rejectCause=0 emergencyEnabled=false availableServices=[VOICE,SMS,VIDEO] cellIdentity=CellIdentityLte:{ mCi=2*****58 mPci=215 mTac=1***3 mEarfcn=1550 mBands=[3] mBandwidth=2147483647 mMcc=466 mMnc=01 mAlphaLong=遠傳電信 mAlphaShort=遠傳電信 mAdditionalPlmns={} mCsgInfo=null} voiceSpecificInfo=VoiceSpecificRegistrationInfo { mCssSupported=false mRoamingIndicator=0 mSystemIsInPrl=0 mDefaultRoamingIndicator=0} dataSpecificInfo=null nrState=**** rRplmn=46601 isUsingCarrierAggregation=false}, NetworkRegistrationInfo{ domain=PS transportType=WWAN registrationState=HOME roamingType=NOT_ROAMING accessNetworkTechnology=LTE rejectCause=0 emergencyEnabled=false availableServices=[DATA] cellIdentity=CellIdentityLte:{ mCi=2*****58 mPci=215 mTac=1***3 mEarfcn=1550 mBands=[3] mBandwidth=2147483647 mMcc=466 mMnc=01 mAlphaLong=遠傳電信 mAlphaShort=遠傳電信 mAdditionalPlmns={} mCsgInfo=null} voiceSpecificInfo=null dataSpecificInfo=android.telephony.DataSpecificRegistrationInfo :{ maxDataCalls = 16 isDcNrRestricted = true isNrAvailable = true isEnDcAvailable = true LteVopsSupportInfo :  mVopsSupport = 2 mEmcBearerSupport = 2 } nrState=**** rRplmn=46601 isUsingCarrierAggregation=false}], mNrFrequencyRange=0, mOperatorAlphaLongRaw=遠傳電信, mOperatorAlphaShortRaw=遠傳電信, mIsDataRoamingFromRegistration=false, mIsIwlanPreferred=false} subId=1
03-29 16:36:23.742  3961  3961 D Tile.AirplaneModeTile: onReceive android.intent.action.SERVICE_STATE
03-29 16:36:23.743  3961  3961 D MultiSIMController: MESSAGE_UPDATE_SERVICE_STATE
03-29 16:36:23.743  3961  4071 D NetworkController: IsPowerOffServiceState is false: 0
03-29 16:36:23.743  3961  4071 D Tile.AirplaneModeTile:  handleUpdateState: airplane mode is disabled : enter mSetting.getValue() == 0 mIsWiFiOnlyDevice false isNoSimState false !isPowerOffServiceState true
03-29 16:36:23.743  3961  4071 D Tile.AirplaneModeTile:  handleUpdateState:  value = false, state = 1
03-29 16:36:23.745  3381  3381 D SemWifiService: received: android.intent.action.SERVICE_STATE
03-29 16:36:23.745  3381  3409 W BroadcastQueue: Permission Denial: receiving Intent { act=android.intent.action.SERVICE_STATE flg=0x1000010 (has extras) } to com.google.android.cellbroadcastreceiver/com.android.cellbroadcastreceiver.CellBroadcastReceiver requires android.permission.READ_PHONE_STATE due to sender android (uid 1000)
