03-29 16:36:25.785 14701 14738 I Finsky:background: [93] rgi.i(13): DS: getDownload(request_id=2555)
03-29 16:36:25.785  3961  3961 D BubblesManager: onNotificationChannelModified : pkg=com.android.vending ,modificationType:1
03-29 16:36:25.792  3381  4081 D ApplicationPolicy: isStatusBarNotificationAllowedAsUser: packageName = com.android.vending,userId = 0
03-29 16:36:25.793  3381  4081 D ApplicationPolicy: isStatusBarNotificationAllowedAsUser: packageName = com.android.vending,userId = 0
03-29 16:36:25.798 14701 14915 I Finsky:background: [149] rjw.c(106): DSC::L: Update all listeners for download <2555:RUNNING:100%[100%]> in group kai.c.acevocab:5bmO9wwYToO9U0LdYFLRUQ
03-29 16:36:25.798 14701 14915 I Finsky:background: [149] rjw.c(146): DSC::L: Updating listener DownloadServiceManagerListener::pud@255349a for download <2555:RUNNING:100%[100%]>
03-29 16:36:25.799 14701 14915 I Finsky:background: [149] rjw.c(146): DSC::L: Updating listener rea@d6a81cb for download <2555:RUNNING:100%[100%]>
03-29 16:36:25.799 14701 14915 I Finsky:background: [149] rjw.c(146): DSC::L: Updating listener DownloadServiceManagerListener::aftb@c4757fd for download <2555:RUNNING:100%[100%]>
03-29 16:36:25.799 14701 14915 I Finsky:background: [149] aftb.f(13): DS: Received onProgress request_id=2555
03-29 16:36:25.799 14701 14915 I Finsky:background: [149] bmue.i(61): RM: receive resource status onProgress download_request_id=2555, group_id=kai.c.acevocab.dm reason: single_install isid: 5bmO9wwYToO9U0LdYFLRUQ, status_code=RESOURCE_STATUS_IN_PROGRESS, legacy_status_code=192, size: 45340/45340
03-29 16:36:25.800 14701 14740 I Finsky:background: [95] bbgh.n(11): DSC: getDownload(2555)
03-29 16:36:25.801 14701 14750 I Finsky:background: [102] rgi.i(13): DS: getDownload(request_id=2555)
03-29 16:36:25.804  3961  3961 D BubblesManager: onNotificationChannelModified : pkg=com.android.vending ,modificationType:1
03-29 16:36:25.807  3381  6756 D ApplicationPolicy: isStatusBarNotificationAllowedAsUser: packageName = com.android.vending,userId = 0
03-29 16:36:25.807  3381  6756 D ApplicationPolicy: isStatusBarNotificationAllowedAsUser: packageName = com.android.vending,userId = 0
03-29 16:36:25.816 14701 14915 I Finsky:background: [149] rjw.c(106): DSC::L: Update all listeners for download <2555:SUCCEEDED> in group kai.c.acevocab:5bmO9wwYToO9U0LdYFLRUQ
03-29 16:36:25.816 14701 14915 I Finsky:background: [149] rjw.c(146): DSC::L: Updating listener DownloadServiceManagerListener::pud@255349a for download <2555:SUCCEEDED>
03-29 16:36:25.817 14701 14915 I Finsky:background: [149] rjw.c(146): DSC::L: Updating listener rea@d6a81cb for download <2555:SUCCEEDED>
03-29 16:36:25.817 14701 14915 I Finsky:background: [149] rjw.c(146): DSC::L: Updating listener DownloadServiceManagerListener::aftb@c4757fd for download <2555:SUCCEEDED>
03-29 16:36:25.817 14701 14915 I Finsky:background: [149] bmue.k(45): RM: receive resource status onSuccess kai.c.acevocab.dm reason: single_install isid: 5bmO9wwYToO9U0LdYFLRUQ, 3, 200, size: 45340/45340
03-29 16:36:25.818 14701 14757 I Finsky:background: [105] bbgh.n(11): DSC: getDownload(2555)
03-29 16:36:25.819 14701 14757 I Finsky:background: [105] rgi.i(13): DS: getDownload(request_id=2555)
03-29 16:36:25.821 14701 14933 I Finsky:background: [155] ovy.run(63): DU: Stored data usage stats for package kai.c.acevocab; completed bytes: 45340.
03-29 16:36:25.821  3961  3961 D BubblesManager: onNotificationChannelModified : pkg=com.android.vending ,modificationType:1
03-29 16:36:25.823  3381  4081 D ApplicationPolicy: isStatusBarNotificationAllowedAsUser: packageName = com.android.vending,userId = 0
03-29 16:36:25.824  3381  4081 D ApplicationPolicy: isStatusBarNotificationAllowedAsUser: packageName = com.android.vending,userId = 0
03-29 16:36:25.827 14701 14915 I Finsky:background: [149] rgi.h(316): DS: onGetDownload(request_id=2555, files_to_download=[kai.c.acevocab.dm(size:45340)], context[group_id=kai.c.acevocab:5bmO9wwYToO9U0LdYFLRUQ], display_data[invisible=false, title=kai.c.acevocab (unreviewed)], network_restrictions=ANY_NETWORK status=running, bytes_downloaded=45340, total_bytes=45340, retry[count=0, next_retry=n/a])
03-29 16:36:25.827 14701 14915 I Finsky:background: [149] rik.b(11): DS::CD: download(2556)
03-29 16:36:25.828 14701 14915 I Finsky:background: [149] rgi.h(316): DS: onGetDownload(request_id=2555, files_to_download=[kai.c.acevocab.dm(size:45340)], context[group_id=kai.c.acevocab:5bmO9wwYToO9U0LdYFLRUQ], display_data[invisible=false, title=kai.c.acevocab (unreviewed)], network_restrictions=ANY_NETWORK status=succeeded, bytes_downloaded=45340, total_bytes=45340, retry[count=0, next_retry=n/a])
03-29 16:36:25.828 14701 14915 I Finsky:background: [149] rgi.h(316): DS: onGetDownload(request_id=2555, files_to_download=[kai.c.acevocab.dm(size:45340)], context[group_id=kai.c.acevocab:5bmO9wwYToO9U0LdYFLRUQ], display_data[invisible=false, title=kai.c.acevocab (unreviewed)], network_restrictions=ANY_NETWORK status=succeeded, bytes_downloaded=45340, total_bytes=45340, retry[count=0, next_retry=n/a])
03-29 16:36:25.828 14701 14701 I Finsky:background: [2] afse.a(65): RF: onProgress 2555
03-29 16:36:25.829 14701 14701 I Finsky:background: [2] afsg.j(74): bytesCompleted/bytesTotal/ratio = 13733054 / 13742631 / 0.999303
03-29 16:36:25.831 14701 14915 I Finsky:background: [149] rjw.c(106): DSC::L: Update all listeners for download <2556:RUNNING:0%[0%]> in group kai.c.acevocab:5bmO9wwYToO9U0LdYFLRUQ
03-29 16:36:25.831 14701 14915 I Finsky:background: [149] rjw.c(146): DSC::L: Updating listener DownloadServiceManagerListener::pud@255349a for download <2556:RUNNING:0%[0%]>
03-29 16:36:25.831 14701 14915 I Finsky:background: [149] rjw.c(146): DSC::L: Updating listener rea@d6a81cb for download <2556:RUNNING:0%[0%]>
03-29 16:36:25.831 14701 14915 I Finsky:background: [149] rjw.c(146): DSC::L: Updating listener DownloadServiceManagerListener::aftb@c4757fd for download <2556:RUNNING:0%[0%]>
03-29 16:36:25.831 14701 14915 I Finsky:background: [149] aftb.f(13): DS: Received onProgress request_id=2556
03-29 16:36:25.831 14701 14701 I Finsky:background: [2] afse.b(38): RF: onResourceSuccess 2555
03-29 16:36:25.831 14701 14915 I Finsky:background: [149] bmue.j(45): RM: receive resource status onStart config.zh reason: single_install isid: 5bmO9wwYToO9U0LdYFLRUQ, 2, 192, size: 0/9577
03-29 16:36:25.831 14701 14915 I Finsky:background: [149] bmue.i(61): RM: receive resource status onProgress download_request_id=2556, group_id=config.zh reason: single_install isid: 5bmO9wwYToO9U0LdYFLRUQ, status_code=RESOURCE_STATUS_IN_PROGRESS, legacy_status_code=192, size: 0/9577
03-29 16:36:25.831 14701 14701 I Finsky:background: [2] afsg.j(74): bytesCompleted/bytesTotal/ratio = 13733054 / 13742631 / 0.999303
03-29 16:36:25.831 14701 14701 I Finsky:background: [2] afse.c(54): RF: onSuccess 2555
03-29 16:36:25.833 14701 14757 I Finsky:background: [105] bbgh.n(11): DSC: getDownload(2556)
03-29 16:36:25.833 14701 14757 I Finsky:background: [105] bbgh.n(11): DSC: getDownload(2556)
03-29 16:36:25.834 14701 14757 I Finsky:background: [105] rgi.i(13): DS: getDownload(request_id=2556)
03-29 16:36:25.834 14701 14738 I Finsky:background: [93] rgi.i(13): DS: getDownload(request_id=2556)
03-29 16:36:25.835 14701 14741 I Finsky:background: [96] afrt.a(1280): RF: starting postprocessing for kai.c.acevocab.dm
03-29 16:36:25.836 14701 14746 I Finsky:background: [98] mcn.accept(261): IV2: onTaskProgress kai.c.acevocab[iid:521] [isid:5bmO9wwYToO9U0LdYFLRUQ] status:RESOURCE_FETCH_PROGRESS, size: 13733054/13742631
03-29 16:36:25.836 14701 14739 I Finsky:background: [94] afok.a(948): RF::PP-Copy: starting to copy for kai.c.acevocab[iid:521] [isid:5bmO9wwYToO9U0LdYFLRUQ] [tid: 1000000862]
03-29 16:36:25.836 14701 14746 I Finsky:background: [98] mcn.accept(261): IV2: onTaskProgress kai.c.acevocab[iid:521] [isid:5bmO9wwYToO9U0LdYFLRUQ] status:RESOURCE_FETCH_PROGRESS, size: 13733054/13742631
03-29 16:36:25.837  3961  3961 D BubblesManager: onNotificationChannelModified : pkg=com.android.vending ,modificationType:1
03-29 16:36:25.838 14701 14748 I Finsky:background: [100] vza.Q(41): IQ: Notifying installation update. [Package:kai.c.acevocab, isid:5bmO9wwYToO9U0LdYFLRUQ], status=DOWNLOADING, status_code=0, reason=single_install, tsc=PT2.407S, attempt=0
03-29 16:36:25.838 14701 14746 I Finsky:background: [98] mcn.accept(261): IV2: onTaskProgress kai.c.acevocab[iid:521] [isid:5bmO9wwYToO9U0LdYFLRUQ] status:RESOURCE_FETCH_PROGRESS, size: 13733054/13742631
03-29 16:36:25.839 14701 14701 I Finsky:background: [2] aerh.jg(69): PIM: Handling install package event for: kai.c.acevocab status:  DOWNLOADING, isid: 5bmO9wwYToO9U0LdYFLRUQ
03-29 16:36:25.841 14701 14748 I Finsky:background: [100] vza.Q(41): IQ: Notifying installation update. [Package:kai.c.acevocab, isid:5bmO9wwYToO9U0LdYFLRUQ], status=DOWNLOADING, status_code=0, reason=single_install, tsc=PT2.41S, attempt=0
03-29 16:36:25.842  3381  6756 D ApplicationPolicy: isStatusBarNotificationAllowedAsUser: packageName = com.android.vending,userId = 0
03-29 16:36:25.842  3381  6756 D ApplicationPolicy: isStatusBarNotificationAllowedAsUser: packageName = com.android.vending,userId = 0
03-29 16:36:25.843 14574 14574 I Finsky  : [2] apah.e(257): DL: Data loader session turned off due to Incremental install not requested: kai.c.acevocab
03-29 16:36:25.846  3381  4081 D ApplicationPolicy: getApplicationUninstallationEnabled
03-29 16:36:25.846  3381  4081 D ApplicationPolicy: getApplicationUninstallationEnabled :  enabled true
03-29 16:36:25.847 14701 14701 I Finsky:background: [2] aerh.jg(69): PIM: Handling install package event for: kai.c.acevocab status:  DOWNLOADING, isid: 5bmO9wwYToO9U0LdYFLRUQ
03-29 16:36:25.850 14701 14748 I Finsky:background: [100] vza.Q(41): IQ: Notifying installation update. [Package:kai.c.acevocab, isid:5bmO9wwYToO9U0LdYFLRUQ], status=DOWNLOADING, status_code=0, reason=single_install, tsc=PT2.419S, attempt=0
03-29 16:36:25.852 14701 14701 I Finsky:background: [2] aerh.jg(69): PIM: Handling install package event for: kai.c.acevocab status:  DOWNLOADING, isid: 5bmO9wwYToO9U0LdYFLRUQ
03-29 16:36:25.854 14701 14915 I Finsky:background: [149] rgi.h(316): DS: onGetDownload(request_id=2556, files_to_download=[config.zh(size:9577)], context[group_id=kai.c.acevocab:5bmO9wwYToO9U0LdYFLRUQ], display_data[invisible=false, title=kai.c.acevocab (unreviewed)], network_restrictions=ANY_NETWORK status=running, bytes_downloaded=0, total_bytes=9577, retry[count=0, next_retry=n/a])
03-29 16:36:25.854 14701 14915 I Finsky:background: [149] rgi.h(316): DS: onGetDownload(request_id=2556, files_to_download=[config.zh(size:9577)], context[group_id=kai.c.acevocab:5bmO9wwYToO9U0LdYFLRUQ], display_data[invisible=false, title=kai.c.acevocab (unreviewed)], network_restrictions=ANY_NETWORK status=running, bytes_downloaded=0, total_bytes=9577, retry[count=0, next_retry=n/a])
03-29 16:36:25.856 14701 14701 I Finsky:background: [2] afsx.run(412): RF: onStart 2556
03-29 16:36:25.857 14701 14701 I Finsky:background: [2] afsg.j(74): bytesCompleted/bytesTotal/ratio = 13733054 / 13742631 / 0.999303
03-29 16:36:25.857 14701 14701 I Finsky:background: [2] afse.a(65): RF: onProgress 2556
03-29 16:36:25.857 14701 14701 I Finsky:background: [2] afsg.j(74): bytesCompleted/bytesTotal/ratio = 13733054 / 13742631 / 0.999303
03-29 16:36:25.858 14701 14746 I Finsky:background: [98] mcn.accept(261): IV2: onTaskProgress kai.c.acevocab[iid:521] [isid:5bmO9wwYToO9U0LdYFLRUQ] status:RESOURCE_FETCH_PROGRESS, size: 13733054/13742631
03-29 16:36:25.859 14701 14746 I Finsky:background: [98] mcn.accept(261): IV2: onTaskProgress kai.c.acevocab[iid:521] [isid:5bmO9wwYToO9U0LdYFLRUQ] status:RESOURCE_FETCH_PROGRESS, size: 13733054/13742631
03-29 16:36:25.863 14701 14748 I Finsky:background: [100] vza.Q(41): IQ: Notifying installation update. [Package:kai.c.acevocab, isid:5bmO9wwYToO9U0LdYFLRUQ], status=DOWNLOADING, status_code=0, reason=single_install, tsc=PT2.432S, attempt=0
03-29 16:36:25.864 14701 14701 I Finsky:background: [2] aerh.jg(69): PIM: Handling install package event for: kai.c.acevocab status:  DOWNLOADING, isid: 5bmO9wwYToO9U0LdYFLRUQ
03-29 16:36:25.866 14574 14574 I Finsky  : [2] apah.e(257): DL: Data loader session turned off due to Incremental install not requested: kai.c.acevocab
03-29 16:36:25.869  3381  6510 D ApplicationPolicy: getApplicationUninstallationEnabled
03-29 16:36:25.869  3381  6510 D ApplicationPolicy: getApplicationUninstallationEnabled :  enabled true
03-29 16:36:25.870 14574 14574 I Finsky  : [2] apah.e(257): DL: Data loader session turned off due to Incremental install not requested: kai.c.acevocab
03-29 16:36:25.872  3381  4081 D ApplicationPolicy: getApplicationUninstallationEnabled
03-29 16:36:25.872  3381  4081 D ApplicationPolicy: getApplicationUninstallationEnabled :  enabled true
03-29 16:36:25.872 14701 14748 I Finsky:background: [100] vza.Q(41): IQ: Notifying installation update. [Package:kai.c.acevocab, isid:5bmO9wwYToO9U0LdYFLRUQ], status=DOWNLOADING, status_code=0, reason=single_install, tsc=PT2.441S, attempt=0
03-29 16:36:25.874 14701 14701 I Finsky:background: [2] aerh.jg(69): PIM: Handling install package event for: kai.c.acevocab status:  DOWNLOADING, isid: 5bmO9wwYToO9U0LdYFLRUQ
03-29 16:36:25.878 14574 14574 I Finsky  : [2] apah.e(257): DL: Data loader session turned off due to Incremental install not requested: kai.c.acevocab
03-29 16:36:25.881 14701 14944 I Finsky:background: [156] ril.d(6): CronetDownloader: onRedirectReceived
03-29 16:36:25.881  3381  6756 D ApplicationPolicy: getApplicationUninstallationEnabled
03-29 16:36:25.881  3381  6756 D ApplicationPolicy: getApplicationUninstallationEnabled :  enabled true
03-29 16:36:25.882  3381  6756 D ApplicationPolicy: getApplicationUninstallationEnabled
03-29 16:36:25.882  3381  6756 D ApplicationPolicy: getApplicationUninstallationEnabled :  enabled true
03-29 16:36:25.884 14574 14574 I Finsky  : [2] apah.e(257): DL: Data loader session turned off due to Incremental install not requested: kai.c.acevocab
03-29 16:36:25.885  3381  6510 D ApplicationPolicy: getApplicationUninstallationEnabled
03-29 16:36:25.885  3381  6510 D ApplicationPolicy: getApplicationUninstallationEnabled :  enabled true
03-29 16:36:25.892  3381  3381 I Telecom:SamsungTelecomServiceImpl: isInManagedCall - callingPackage : android
03-29 16:36:25.894  3961  3961 D BubblesManager: onEntryUpdated : shouldBubbleUp=false ,key=0|com.android.vending|-56862258|null|10240
03-29 16:36:25.894  3381  3381 D SmartAlertController: SmartAlert - Found Missed Event
03-29 16:36:25.894  3961  3961 D InterruptionStateProvider:  no Heads up : edgelighting enabled app. 0|com.android.vending|-56862258|null|10240
03-29 16:36:25.895  7558  7558 I Edge.badge: updateBadge item = com.android.vending:0 1
03-29 16:36:25.895  4437  4437 I Launcher.NotificationListener: onNotificationPosted : com.android.vending number : 0
03-29 16:36:25.895  4437  4830 I Launcher.NotificationListener: notificationIsValidForUI : com.android.vending missingTitleAndText : false isGroupHeader : false
03-29 16:36:25.898  3961  3961 I FaceWidgetPositionAlgorithm: getClockContainerHeight() supplier = 386, bottom margin = 0, real height = 476
03-29 16:36:25.898  3961  3961 I FaceWidgetPositionAlgorithm: getClockContainerHeight() supplier = 386, bottom margin = 90, real height = 476
03-29 16:36:25.898  3961  3961 I FaceWidgetPositionAlgorithm: getMediaContainerHeight() height = 0 container Visibility = 8, isValid = false, mIsDozing = false, fraction = 1.0, source = 0, target = 0
03-29 16:36:25.898  3961  3961 I FaceWidgetPositionAlgorithm: getMediaContainerHeight() supplier = 0
03-29 16:36:25.905  3381  3381 I Telecom:SamsungTelecomServiceImpl: isInManagedCall - callingPackage : android
03-29 16:36:25.907  3381  3381 D SmartAlertController: SmartAlert - Found Missed Event
03-29 16:36:25.907  3961  3961 D BubblesManager: onEntryUpdated : shouldBubbleUp=false ,key=0|com.android.vending|-56862258|null|10240
03-29 16:36:25.907  3961  3961 D InterruptionStateProvider:  no Heads up : edgelighting enabled app. 0|com.android.vending|-56862258|null|10240
03-29 16:36:25.908  7558  7558 I Edge.badge: updateBadge item = com.android.vending:0 1
03-29 16:36:25.908  4437  4437 I Launcher.NotificationListener: onNotificationPosted : com.android.vending number : 0
03-29 16:36:25.908  4437  4830 I Launcher.NotificationListener: notificationIsValidForUI : com.android.vending missingTitleAndText : false isGroupHeader : false
03-29 16:36:25.916  3961  3961 I FaceWidgetPositionAlgorithm: getClockContainerHeight() supplier = 386, bottom margin = 0, real height = 476
03-29 16:36:25.916  3961  3961 I FaceWidgetPositionAlgorithm: getClockContainerHeight() supplier = 386, bottom margin = 90, real height = 476
03-29 16:36:25.916  3961  3961 I FaceWidgetPositionAlgorithm: getMediaContainerHeight() height = 0 container Visibility = 8, isValid = false, mIsDozing = false, fraction = 1.0, source = 0, target = 0
03-29 16:36:25.916  3961  3961 I FaceWidgetPositionAlgorithm: getMediaContainerHeight() supplier = 0
03-29 16:36:25.921  3961  4071 D LocalImageResolver: Couldn't use ImageDecoder for drawable, falling back to non-resized load.
03-29 16:36:25.923  3961  4071 D LocalImageResolver: Couldn't use ImageDecoder for drawable, falling back to non-resized load.
03-29 16:36:25.932  3381  3381 I Telecom:SamsungTelecomServiceImpl: isInManagedCall - callingPackage : android
03-29 16:36:25.932  3961  3961 I FaceWidgetPositionAlgorithm: getClockContainerHeight() supplier = 386, bottom margin = 0, real height = 476
03-29 16:36:25.932  3961  3961 I FaceWidgetPositionAlgorithm: getClockContainerHeight() supplier = 386, bottom margin = 90, real height = 476
03-29 16:36:25.932  3961  3961 I FaceWidgetPositionAlgorithm: getMediaContainerHeight() height = 0 container Visibility = 8, isValid = false, mIsDozing = false, fraction = 1.0, source = 0, target = 0
03-29 16:36:25.932  3961  3961 I FaceWidgetPositionAlgorithm: getMediaContainerHeight() supplier = 0
03-29 16:36:25.933  3381  3401 D SettingsProvider: isChangeAllowed() : name = enabled_notification_listeners
03-29 16:36:25.935  4437  4437 I Launcher.NotificationListener: onNotificationPosted : com.android.vending number : 0
03-29 16:36:25.935  3381  3381 D SmartAlertController: SmartAlert - Found Missed Event
03-29 16:36:25.935  7558  7558 I Edge.badge: updateBadge item = com.android.vending:0 1
03-29 16:36:25.935  4437  4830 I Launcher.NotificationListener: notificationIsValidForUI : com.android.vending missingTitleAndText : false isGroupHeader : false
03-29 16:36:25.940  3961  3961 I FaceWidgetPositionAlgorithm: getClockContainerHeight() supplier = 386, bottom margin = 0, real height = 476
03-29 16:36:25.940  3961  3961 I FaceWidgetPositionAlgorithm: getClockContainerHeight() supplier = 386, bottom margin = 90, real height = 476
03-29 16:36:25.940  3961  3961 I FaceWidgetPositionAlgorithm: getMediaContainerHeight() height = 0 container Visibility = 8, isValid = false, mIsDozing = false, fraction = 1.0, source = 0, target = 0
03-29 16:36:25.940  3961  3961 I FaceWidgetPositionAlgorithm: getMediaContainerHeight() supplier = 0
03-29 16:36:25.946  3961  3961 D BubblesManager: onEntryUpdated : shouldBubbleUp=false ,key=0|com.android.vending|-56862258|null|10240
03-29 16:36:25.946  3961  3961 D InterruptionStateProvider:  no Heads up : edgelighting enabled app. 0|com.android.vending|-56862258|null|10240
03-29 16:36:25.957  3961  3961 I FaceWidgetPositionAlgorithm: getClockContainerHeight() supplier = 386, bottom margin = 0, real height = 476
03-29 16:36:25.957  3961  3961 I FaceWidgetPositionAlgorithm: getClockContainerHeight() supplier = 386, bottom margin = 90, real height = 476
03-29 16:36:25.957  3961  3961 I FaceWidgetPositionAlgorithm: getMediaContainerHeight() height = 0 container Visibility = 8, isValid = false, mIsDozing = false, fraction = 1.0, source = 0, target = 0
03-29 16:36:25.957  3961  3961 I FaceWidgetPositionAlgorithm: getMediaContainerHeight() supplier = 0
03-29 16:36:25.963  3961  4071 D LocalImageResolver: Couldn't use ImageDecoder for drawable, falling back to non-resized load.
03-29 16:36:25.963  3961  4071 D LocalImageResolver: Couldn't use ImageDecoder for drawable, falling back to non-resized load.
03-29 16:36:25.967 14701 14915 I Finsky:background: [149] rjw.c(106): DSC::L: Update all listeners for download <2556:RUNNING:0%[0%]> in group kai.c.acevocab:5bmO9wwYToO9U0LdYFLRUQ
03-29 16:36:25.967 14701 14915 I Finsky:background: [149] rjw.c(146): DSC::L: Updating listener DownloadServiceManagerListener::pud@255349a for download <2556:RUNNING:0%[0%]>
03-29 16:36:25.968 14701 14915 I Finsky:background: [149] rjw.c(146): DSC::L: Updating listener rea@d6a81cb for download <2556:RUNNING:0%[0%]>
03-29 16:36:25.968 14701 14915 I Finsky:background: [149] rjw.c(146): DSC::L: Updating listener DownloadServiceManagerListener::aftb@c4757fd for download <2556:RUNNING:0%[0%]>
03-29 16:36:25.968 14701 14915 I Finsky:background: [149] aftb.f(13): DS: Received onProgress request_id=2556
03-29 16:36:25.968 14701 14915 I Finsky:background: [149] bmue.i(61): RM: receive resource status onProgress download_request_id=2556, group_id=config.zh reason: single_install isid: 5bmO9wwYToO9U0LdYFLRUQ, status_code=RESOURCE_STATUS_IN_PROGRESS, legacy_status_code=192, size: 0/9577
03-29 16:36:25.970 14701 14740 I Finsky:background: [95] bbgh.n(11): DSC: getDownload(2556)
03-29 16:36:25.973 14701 14750 I Finsky:background: [102] rgi.i(13): DS: getDownload(request_id=2556)
03-29 16:36:25.975  3961  3961 I FaceWidgetPositionAlgorithm: getClockContainerHeight() supplier = 386, bottom margin = 0, real height = 476
03-29 16:36:25.975  3961  3961 I FaceWidgetPositionAlgorithm: getClockContainerHeight() supplier = 386, bottom margin = 90, real height = 476
03-29 16:36:25.975  3961  3961 I FaceWidgetPositionAlgorithm: getMediaContainerHeight() height = 0 container Visibility = 8, isValid = false, mIsDozing = false, fraction = 1.0, source = 0, target = 0
03-29 16:36:25.975  3961  3961 I FaceWidgetPositionAlgorithm: getMediaContainerHeight() supplier = 0
03-29 16:36:25.979  3961  3961 D BubblesManager: onNotificationChannelModified : pkg=com.android.vending ,modificationType:1
03-29 16:36:25.980  3381  6756 D ApplicationPolicy: isStatusBarNotificationAllowedAsUser: packageName = com.android.vending,userId = 0
03-29 16:36:25.980  3381  6756 D ApplicationPolicy: isStatusBarNotificationAllowedAsUser: packageName = com.android.vending,userId = 0
03-29 16:36:25.984 14701 14915 I Finsky:background: [149] rjw.c(106): DSC::L: Update all listeners for download <2556:RUNNING:100%[100%]> in group kai.c.acevocab:5bmO9wwYToO9U0LdYFLRUQ
03-29 16:36:25.984 14701 14915 I Finsky:background: [149] rjw.c(146): DSC::L: Updating listener DownloadServiceManagerListener::pud@255349a for download <2556:RUNNING:100%[100%]>
03-29 16:36:25.984 14701 14915 I Finsky:background: [149] rjw.c(146): DSC::L: Updating listener rea@d6a81cb for download <2556:RUNNING:100%[100%]>
03-29 16:36:25.984 14701 14915 I Finsky:background: [149] rjw.c(146): DSC::L: Updating listener DownloadServiceManagerListener::aftb@c4757fd for download <2556:RUNNING:100%[100%]>
03-29 16:36:25.984 14701 14915 I Finsky:background: [149] aftb.f(13): DS: Received onProgress request_id=2556
03-29 16:36:25.984 14701 14915 I Finsky:background: [149] bmue.i(61): RM: receive resource status onProgress download_request_id=2556, group_id=config.zh reason: single_install isid: 5bmO9wwYToO9U0LdYFLRUQ, status_code=RESOURCE_STATUS_IN_PROGRESS, legacy_status_code=192, size: 9577/9577
03-29 16:36:25.985 14701 14738 I Finsky:background: [93] bbgh.n(11): DSC: getDownload(2556)
03-29 16:36:25.987 14701 14738 I Finsky:background: [93] rgi.i(13): DS: getDownload(request_id=2556)
03-29 16:36:25.992  3961  3961 D BubblesManager: onNotificationChannelModified : pkg=com.android.vending ,modificationType:1
03-29 16:36:25.994  3381  4081 D ApplicationPolicy: isStatusBarNotificationAllowedAsUser: packageName = com.android.vending,userId = 0
03-29 16:36:25.994  3381  4081 D ApplicationPolicy: isStatusBarNotificationAllowedAsUser: packageName = com.android.vending,userId = 0
03-29 16:36:25.999  3381  3381 I Telecom:SamsungTelecomServiceImpl: isInManagedCall - callingPackage : android
03-29 16:36:26.002  3381  3381 D SmartAlertController: SmartAlert - Found Missed Event
03-29 16:36:26.002 14701 14915 I Finsky:background: [149] rjw.c(106): DSC::L: Update all listeners for download <2556:SUCCEEDED> in group kai.c.acevocab:5bmO9wwYToO9U0LdYFLRUQ
03-29 16:36:26.002 14701 14915 I Finsky:background: [149] rjw.c(146): DSC::L: Updating listener DownloadServiceManagerListener::pud@255349a for download <2556:SUCCEEDED>
03-29 16:36:26.002  3961  3961 D BubblesManager: onEntryUpdated : shouldBubbleUp=false ,key=0|com.android.vending|-56862258|null|10240
03-29 16:36:26.003 14701 14915 I Finsky:background: [149] rjw.c(146): DSC::L: Updating listener rea@d6a81cb for download <2556:SUCCEEDED>
03-29 16:36:26.003 14701 14915 I Finsky:background: [149] rjw.c(146): DSC::L: Updating listener DownloadServiceManagerListener::aftb@c4757fd for download <2556:SUCCEEDED>
03-29 16:36:26.003 14701 14915 I Finsky:background: [149] bmue.k(45): RM: receive resource status onSuccess config.zh reason: single_install isid: 5bmO9wwYToO9U0LdYFLRUQ, 3, 200, size: 9577/9577
03-29 16:36:26.004  3961  3961 D InterruptionStateProvider:  no Heads up : edgelighting enabled app. 0|com.android.vending|-56862258|null|10240
03-29 16:36:26.005  4437  4437 I Launcher.NotificationListener: onNotificationPosted : com.android.vending number : 0
03-29 16:36:26.005  4437  4830 I Launcher.NotificationListener: notificationIsValidForUI : com.android.vending missingTitleAndText : false isGroupHeader : false
03-29 16:36:26.005  7558  7558 I Edge.badge: updateBadge item = com.android.vending:0 1
03-29 16:36:26.005 14701 14740 I Finsky:background: [95] bbgh.n(11): DSC: getDownload(2556)
03-29 16:36:26.007  3961  4071 D MobileStatusTracker(0/1): onSignalStrengthsChanged level=4, vendorLevel=5
03-29 16:36:26.007 14701 14750 I Finsky:background: [102] rgi.i(13): DS: getDownload(request_id=2556)
03-29 16:36:26.008  3961  4071 D MobileSignalController(0/1): notifyListener: enabled=true, connected=true, dataConnected=false, networkType=LTE (4G), emergencyOnly=false, roaming=false, isDefault=false, dataActivity=, level=5, ca=false, mmWave=false, disabledDataIcon=false, simCard=ETC
03-29 16:36:26.008  3961  4071 D NetworkController: SignalStrength from intent slotId=0
03-29 16:36:26.009  3961  3961 I FaceWidgetPositionAlgorithm: getClockContainerHeight() supplier = 386, bottom margin = 0, real height = 476
03-29 16:36:26.010  3961  3961 I FaceWidgetPositionAlgorithm: getClockContainerHeight() supplier = 386, bottom margin = 90, real height = 476
03-29 16:36:26.010  3961  3961 I FaceWidgetPositionAlgorithm: getMediaContainerHeight() height = 0 container Visibility = 8, isValid = false, mIsDozing = false, fraction = 1.0, source = 0, target = 0
03-29 16:36:26.010  3961  3961 I FaceWidgetPositionAlgorithm: getMediaContainerHeight() supplier = 0
03-29 16:36:26.012  3961  3961 D BubblesManager: onNotificationChannelModified : pkg=com.android.vending ,modificationType:1
03-29 16:36:26.016  3381  3381 I Telecom:SamsungTelecomServiceImpl: isInManagedCall - callingPackage : android
03-29 16:36:26.017  3381  4081 D ApplicationPolicy: isStatusBarNotificationAllowedAsUser: packageName = com.android.vending,userId = 0
03-29 16:36:26.017  3961  4071 D LocalImageResolver: Couldn't use ImageDecoder for drawable, falling back to non-resized load.
03-29 16:36:26.017  3381  4081 D ApplicationPolicy: isStatusBarNotificationAllowedAsUser: packageName = com.android.vending,userId = 0
03-29 16:36:26.018  3961  4071 D LocalImageResolver: Couldn't use ImageDecoder for drawable, falling back to non-resized load.
03-29 16:36:26.019  3381  3381 D SmartAlertController: SmartAlert - Found Missed Event
03-29 16:36:26.019  7558  7558 I Edge.badge: updateBadge item = com.android.vending:0 1
03-29 16:36:26.019  4437  4437 I Launcher.NotificationListener: onNotificationPosted : com.android.vending number : 0
03-29 16:36:26.019  4437  4830 I Launcher.NotificationListener: notificationIsValidForUI : com.android.vending missingTitleAndText : false isGroupHeader : false
03-29 16:36:26.020 14701 14915 I Finsky:background: [149] rgi.h(316): DS: onGetDownload(request_id=2556, files_to_download=[config.zh(size:9577)], context[group_id=kai.c.acevocab:5bmO9wwYToO9U0LdYFLRUQ], display_data[invisible=false, title=kai.c.acevocab (unreviewed)], network_restrictions=ANY_NETWORK status=running, bytes_downloaded=9577, total_bytes=9577, retry[count=0, next_retry=n/a])
03-29 16:36:26.020 14701 14915 I Finsky:background: [149] rgi.h(316): DS: onGetDownload(request_id=2556, files_to_download=[config.zh(size:9577)], context[group_id=kai.c.acevocab:5bmO9wwYToO9U0LdYFLRUQ], display_data[invisible=false, title=kai.c.acevocab (unreviewed)], network_restrictions=ANY_NETWORK status=succeeded, bytes_downloaded=9577, total_bytes=9577, retry[count=0, next_retry=n/a])
03-29 16:36:26.020 14701 14701 I Finsky:background: [2] afse.a(65): RF: onProgress 2556
03-29 16:36:26.021 14701 14701 I Finsky:background: [2] afsg.j(74): bytesCompleted/bytesTotal/ratio = 13742631 / 13742631 / 1.000000
03-29 16:36:26.022 14701 14915 I Finsky:background: [149] rgi.h(316): DS: onGetDownload(request_id=2556, files_to_download=[config.zh(size:9577)], context[group_id=kai.c.acevocab:5bmO9wwYToO9U0LdYFLRUQ], display_data[invisible=false, title=kai.c.acevocab (unreviewed)], network_restrictions=ANY_NETWORK status=succeeded, bytes_downloaded=9577, total_bytes=9577, retry[count=0, next_retry=n/a])
03-29 16:36:26.022 14701 14701 I Finsky:background: [2] afse.a(65): RF: onProgress 2556
03-29 16:36:26.023 14701 14701 I Finsky:background: [2] afsg.j(74): bytesCompleted/bytesTotal/ratio = 13742631 / 13742631 / 1.000000
03-29 16:36:26.024  3961  3961 I FaceWidgetPositionAlgorithm: getClockContainerHeight() supplier = 386, bottom margin = 0, real height = 476
03-29 16:36:26.024  3961  3961 I FaceWidgetPositionAlgorithm: getClockContainerHeight() supplier = 386, bottom margin = 90, real height = 476
03-29 16:36:26.024 14701 14746 I Finsky:background: [98] mcn.accept(261): IV2: onTaskProgress kai.c.acevocab[iid:521] [isid:5bmO9wwYToO9U0LdYFLRUQ] status:RESOURCE_FETCH_PROGRESS, size: 13742631/13742631
03-29 16:36:26.024  3961  3961 I FaceWidgetPositionAlgorithm: getMediaContainerHeight() height = 0 container Visibility = 8, isValid = false, mIsDozing = false, fraction = 1.0, source = 0, target = 0
03-29 16:36:26.024  3961  3961 I FaceWidgetPositionAlgorithm: getMediaContainerHeight() supplier = 0
03-29 16:36:26.025 14701 14701 I Finsky:background: [2] afse.b(38): RF: onResourceSuccess 2556
03-29 16:36:26.026 14701 14701 I Finsky:background: [2] afsg.j(74): bytesCompleted/bytesTotal/ratio = 13742631 / 13742631 / 1.000000
03-29 16:36:26.026 14701 14701 I Finsky:background: [2] afse.c(54): RF: onSuccess 2556
03-29 16:36:26.027 14701 14748 I Finsky:background: [100] vza.Q(41): IQ: Notifying installation update. [Package:kai.c.acevocab, isid:5bmO9wwYToO9U0LdYFLRUQ], status=DOWNLOADING, status_code=0, reason=single_install, tsc=PT2.595S, attempt=0
03-29 16:36:26.028 14701 14737 I Finsky:background: [92] afrt.a(1280): RF: starting postprocessing for config.zh
03-29 16:36:26.028 14701 14737 I Finsky:background: [92] afok.a(1116): RF::PP-Decompress: starting to decompress for kai.c.acevocab[iid:521] [isid:5bmO9wwYToO9U0LdYFLRUQ] [tid: 1000000862].
03-29 16:36:26.028 14701 14737 I Finsky:background: [92] afok.a(948): RF::PP-Copy: starting to copy for kai.c.acevocab[iid:521] [isid:5bmO9wwYToO9U0LdYFLRUQ] [tid: 1000000862]
03-29 16:36:26.029 14701 14746 I Finsky:background: [98] mcn.accept(261): IV2: onTaskProgress kai.c.acevocab[iid:521] [isid:5bmO9wwYToO9U0LdYFLRUQ] status:RESOURCE_FETCH_PROGRESS, size: 13742631/13742631
03-29 16:36:26.029  3381  3381 I Telecom:SamsungTelecomServiceImpl: isInManagedCall - callingPackage : android
03-29 16:36:26.032 14701 14746 I Finsky:background: [98] mcn.accept(261): IV2: onTaskProgress kai.c.acevocab[iid:521] [isid:5bmO9wwYToO9U0LdYFLRUQ] status:RESOURCE_FETCH_PROGRESS, size: 13742631/13742631
03-29 16:36:26.032  3961  3961 I FaceWidgetPositionAlgorithm: getClockContainerHeight() supplier = 386, bottom margin = 0, real height = 476
03-29 16:36:26.032  3961  3961 I FaceWidgetPositionAlgorithm: getClockContainerHeight() supplier = 386, bottom margin = 90, real height = 476
03-29 16:36:26.032  3961  3961 I FaceWidgetPositionAlgorithm: getMediaContainerHeight() height = 0 container Visibility = 8, isValid = false, mIsDozing = false, fraction = 1.0, source = 0, target = 0
03-29 16:36:26.032  3961  3961 I FaceWidgetPositionAlgorithm: getMediaContainerHeight() supplier = 0
03-29 16:36:26.033 14701 14746 I Finsky:background: [98] mcn.accept(261): IV2: onTaskProgress kai.c.acevocab[iid:521] [isid:5bmO9wwYToO9U0LdYFLRUQ] status:RESOURCE_FETCH_PROGRESS, size: 13742631/13742631
03-29 16:36:26.034  4437  4437 I Launcher.NotificationListener: onNotificationPosted : com.android.vending number : 0
03-29 16:36:26.034  3381  3381 D SmartAlertController: SmartAlert - Found Missed Event
03-29 16:36:26.034  7558  7558 I Edge.badge: updateBadge item = com.android.vending:0 1
03-29 16:36:26.034  3961  3961 D BubblesManager: onEntryUpdated : shouldBubbleUp=false ,key=0|com.android.vending|-56862258|null|10240
03-29 16:36:26.034  4437  4830 I Launcher.NotificationListener: notificationIsValidForUI : com.android.vending missingTitleAndText : false isGroupHeader : false
03-29 16:36:26.034  3961  3961 D InterruptionStateProvider:  no Heads up : edgelighting enabled app. 0|com.android.vending|-56862258|null|10240
03-29 16:36:26.039  3961  3961 I FaceWidgetPositionAlgorithm: getClockContainerHeight() supplier = 386, bottom margin = 0, real height = 476
03-29 16:36:26.039  3961  3961 I FaceWidgetPositionAlgorithm: getClockContainerHeight() supplier = 386, bottom margin = 90, real height = 476
03-29 16:36:26.039  3961  3961 I FaceWidgetPositionAlgorithm: getMediaContainerHeight() height = 0 container Visibility = 8, isValid = false, mIsDozing = false, fraction = 1.0, source = 0, target = 0
03-29 16:36:26.039  3961  3961 I FaceWidgetPositionAlgorithm: getMediaContainerHeight() supplier = 0
03-29 16:36:26.046  3961  3961 D BubblesManager: onEntryUpdated : shouldBubbleUp=false ,key=0|com.android.vending|-56862258|null|10240
03-29 16:36:26.046  3961  3961 D InterruptionStateProvider:  no Heads up : edgelighting enabled app. 0|com.android.vending|-56862258|null|10240
03-29 16:36:26.056  3381  3381 I Telecom:SamsungTelecomServiceImpl: isInManagedCall - callingPackage : android
03-29 16:36:26.058  3961  3961 I FaceWidgetPositionAlgorithm: getClockContainerHeight() supplier = 386, bottom margin = 0, real height = 476
03-29 16:36:26.058  3961  3961 I FaceWidgetPositionAlgorithm: getClockContainerHeight() supplier = 386, bottom margin = 90, real height = 476
03-29 16:36:26.058  3961  3961 I FaceWidgetPositionAlgorithm: getMediaContainerHeight() height = 0 container Visibility = 8, isValid = false, mIsDozing = false, fraction = 1.0, source = 0, target = 0
03-29 16:36:26.058  3961  3961 I FaceWidgetPositionAlgorithm: getMediaContainerHeight() supplier = 0
03-29 16:36:26.059  4437  4437 I Launcher.NotificationListener: onNotificationPosted : com.android.vending number : 0
03-29 16:36:26.060  4437  4830 I Launcher.NotificationListener: notificationIsValidForUI : com.android.vending missingTitleAndText : false isGroupHeader : false
03-29 16:36:26.060  7558  7558 I Edge.badge: updateBadge item = com.android.vending:0 1
03-29 16:36:26.060  3381  3381 D SmartAlertController: SmartAlert - Found Missed Event
03-29 16:36:26.063  3961  3961 D BubblesManager: onEntryUpdated : shouldBubbleUp=false ,key=0|com.android.vending|-56862258|null|10240
03-29 16:36:26.063  3961  3961 D InterruptionStateProvider:  no Heads up : edgelighting enabled app. 0|com.android.vending|-56862258|null|10240
03-29 16:36:26.073  3961  3961 I FaceWidgetPositionAlgorithm: getClockContainerHeight() supplier = 386, bottom margin = 0, real height = 476
03-29 16:36:26.073  3961  3961 I FaceWidgetPositionAlgorithm: getClockContainerHeight() supplier = 386, bottom margin = 90, real height = 476
03-29 16:36:26.073  3961  3961 I FaceWidgetPositionAlgorithm: getMediaContainerHeight() height = 0 container Visibility = 8, isValid = false, mIsDozing = false, fraction = 1.0, source = 0, target = 0
03-29 16:36:26.073  3961  3961 I FaceWidgetPositionAlgorithm: getMediaContainerHeight() supplier = 0
03-29 16:36:26.075 14701 14933 I Finsky:background: [155] ovy.run(63): DU: Stored data usage stats for package kai.c.acevocab; completed bytes: 9577.
03-29 16:36:26.076 14701 14701 I Finsky:background: [2] aerh.jg(69): PIM: Handling install package event for: kai.c.acevocab status:  DOWNLOADING, isid: 5bmO9wwYToO9U0LdYFLRUQ
03-29 16:36:26.077 14701 14748 I Finsky:background: [100] vza.Q(41): IQ: Notifying installation update. [Package:kai.c.acevocab, isid:5bmO9wwYToO9U0LdYFLRUQ], status=DOWNLOADING, status_code=0, reason=single_install, tsc=PT2.646S, attempt=0
03-29 16:36:26.078 14574 14574 I Finsky  : [2] apah.e(257): DL: Data loader session turned off due to Incremental install not requested: kai.c.acevocab
03-29 16:36:26.080 14574 14752 E SQLiteLog: (10) POSIX Error : 11 SQLite Error : 3850
03-29 16:36:26.080 14574 14752 E SQLiteLog: (10) LOCK : Getting pending lock for (1) failed due to (11). The current owner is (14701).
03-29 16:36:26.081 14574 14752 E SQLiteLog: (10) POSIX Error : 11 SQLite Error : 3850
03-29 16:36:26.081 14574 14752 E SQLiteLog: (10) LOCK : Getting pending lock for (1) failed due to (11). The current owner is (14701).
03-29 16:36:26.083 14574 14752 E SQLiteLog: (10) POSIX Error : 11 SQLite Error : 3850
03-29 16:36:26.083 14574 14752 E SQLiteLog: (10) LOCK : Getting pending lock for (1) failed due to (11). The current owner is (14701).
03-29 16:36:26.084  3381  3499 D ApplicationPolicy: getApplicationUninstallationEnabled
03-29 16:36:26.084  3381  3499 D ApplicationPolicy: getApplicationUninstallationEnabled :  enabled true
03-29 16:36:26.085  3961  4071 D LocalImageResolver: Couldn't use ImageDecoder for drawable, falling back to non-resized load.
03-29 16:36:26.085 14701 14701 I Finsky:background: [2] aerh.jg(69): PIM: Handling install package event for: kai.c.acevocab status:  DOWNLOADING, isid: 5bmO9wwYToO9U0LdYFLRUQ
03-29 16:36:26.085  3961  4071 D LocalImageResolver: Couldn't use ImageDecoder for drawable, falling back to non-resized load.
03-29 16:36:26.086 14701 14748 I Finsky:background: [100] vza.Q(41): IQ: Notifying installation update. [Package:kai.c.acevocab, isid:5bmO9wwYToO9U0LdYFLRUQ], status=DOWNLOADING, status_code=0, reason=single_install, tsc=PT2.655S, attempt=0
03-29 16:36:26.088  3961  3961 I FaceWidgetPositionAlgorithm: getClockContainerHeight() supplier = 386, bottom margin = 0, real height = 476
03-29 16:36:26.088  3961  3961 I FaceWidgetPositionAlgorithm: getClockContainerHeight() supplier = 386, bottom margin = 90, real height = 476
03-29 16:36:26.088  3961  3961 I FaceWidgetPositionAlgorithm: getMediaContainerHeight() height = 0 container Visibility = 8, isValid = false, mIsDozing = false, fraction = 1.0, source = 0, target = 0
03-29 16:36:26.088  3961  3961 I FaceWidgetPositionAlgorithm: getMediaContainerHeight() supplier = 0
03-29 16:36:26.088 14574 14752 E SQLiteLog: (10) POSIX Error : 11 SQLite Error : 3850
03-29 16:36:26.088 14574 14752 E SQLiteLog: (10) LOCK : Getting pending lock for (1) failed due to (11). The current owner is (14701).
03-29 16:36:26.089  4437  4830 I AppIconSolution: getThemeIconWithBG called with public API, pkg = null, mode = 1
03-29 16:36:26.090 14701 14701 I Finsky:background: [2] aerh.jg(69): PIM: Handling install package event for: kai.c.acevocab status:  DOWNLOADING, isid: 5bmO9wwYToO9U0LdYFLRUQ
03-29 16:36:26.093  4437  4830 I AppIconSolution: start to load, pkg=null, bg=192-192, dr=180-180, forDefault=true, density=0
03-29 16:36:26.093  4437  4830 I AppIconSolution: getIconScale, pkg=null, size=180, iconScale=IconScale[alpha=0, scale=1.0, isCrop=true]
03-29 16:36:26.093 14701 14748 I Finsky:background: [100] vza.Q(41): IQ: Notifying installation update. [Package:kai.c.acevocab, isid:5bmO9wwYToO9U0LdYFLRUQ], status=DOWNLOADING, status_code=0, reason=single_install, tsc=PT2.662S, attempt=0
03-29 16:36:26.094  4437  4830 I AppIconSolution: default container[CROP], pkg=null, bg=180-180, dr=180-180, isNight = true
03-29 16:36:26.098 14701 14701 I Finsky:background: [2] aerh.jg(69): PIM: Handling install package event for: kai.c.acevocab status:  DOWNLOADING, isid: 5bmO9wwYToO9U0LdYFLRUQ
03-29 16:36:26.099  3961  3961 I FaceWidgetPositionAlgorithm: getClockContainerHeight() supplier = 386, bottom margin = 0, real height = 476
03-29 16:36:26.099  4437  4830 I AppIconSolution: getThemeIconWithBG called with public API, pkg = null, mode = 1
03-29 16:36:26.100  3961  3961 I FaceWidgetPositionAlgorithm: getClockContainerHeight() supplier = 386, bottom margin = 90, real height = 476
03-29 16:36:26.100  3961  3961 I FaceWidgetPositionAlgorithm: getMediaContainerHeight() height = 0 container Visibility = 8, isValid = false, mIsDozing = false, fraction = 1.0, source = 0, target = 0
03-29 16:36:26.100  3961  3961 I FaceWidgetPositionAlgorithm: getMediaContainerHeight() supplier = 0
03-29 16:36:26.101  4437  4830 I AppIconSolution: start to load, pkg=null, bg=192-192, dr=180-180, forDefault=true, density=0
03-29 16:36:26.101  4437  4830 I AppIconSolution: getIconScale, pkg=null, size=180, iconScale=IconScale[alpha=0, scale=1.0, isCrop=true]
03-29 16:36:26.103  4437  4830 I AppIconSolution: default container[CROP], pkg=null, bg=180-180, dr=180-180, isNight = true
03-29 16:36:26.106  4437  4830 I AppIconSolution: getThemeIconWithBG called with public API, pkg = null, mode = 1
03-29 16:36:26.107  4437  4830 I AppIconSolution: start to load, pkg=null, bg=192-192, dr=180-180, forDefault=true, density=0
03-29 16:36:26.107  4437  4830 I AppIconSolution: getIconScale, pkg=null, size=180, iconScale=IconScale[alpha=0, scale=1.0, isCrop=true]
03-29 16:36:26.108  4437  4830 I AppIconSolution: default container[CROP], pkg=null, bg=180-180, dr=180-180, isNight = true
03-29 16:36:26.111  4437  4830 I AppIconSolution: getThemeIconWithBG called with public API, pkg = null, mode = 1
03-29 16:36:26.112 14574 14574 I Finsky  : [2] apah.e(257): DL: Data loader session turned off due to Incremental install not requested: kai.c.acevocab
03-29 16:36:26.113  4437  4830 I AppIconSolution: start to load, pkg=null, bg=192-192, dr=180-180, forDefault=true, density=0
03-29 16:36:26.113  3381  3811 D SemNscXgbMsL1: Probability - Cloud gaming: [0.13202558]
03-29 16:36:26.113  4437  4830 I AppIconSolution: getIconScale, pkg=null, size=180, iconScale=IconScale[alpha=0, scale=1.0, isCrop=true]
03-29 16:36:26.113  3381  3811 D SemNscXgbMsL1: Probability - Real time: [0.1672697]
03-29 16:36:26.113  3381  3811 D SemNscXgbMsL1: Probability - Non real time: [0.23893782]
03-29 16:36:26.113  3381  3811 D SemNscXgbMsL1: 1 sample inference time: 0.162448 msecs
03-29 16:36:26.113  3381  3811 D SemNscXgbL2Rt: L2 RT 1 sample inference time: 0.325261 msecs
03-29 16:36:26.114  3381  3811 D SemNscXgbL2Nrt: L2 NRT 1 sample inference time: 0.304687 msecs
03-29 16:36:26.114  3381  4081 D ApplicationPolicy: getApplicationUninstallationEnabled
03-29 16:36:26.114  3381  4081 D ApplicationPolicy: getApplicationUninstallationEnabled :  enabled true
03-29 16:36:26.114  4437  4830 I AppIconSolution: default container[CROP], pkg=null, bg=180-180, dr=180-180, isNight = true
03-29 16:36:26.114 14574 14574 I Finsky  : [2] apah.e(257): DL: Data loader session turned off due to Incremental install not requested: kai.c.acevocab
03-29 16:36:26.117  4437  4830 I AppIconSolution: getThemeIconWithBG called with public API, pkg = null, mode = 1
03-29 16:36:26.117  3381  6756 D ApplicationPolicy: getApplicationUninstallationEnabled
03-29 16:36:26.117  4437  4830 I AppIconSolution: start to load, pkg=null, bg=192-192, dr=180-180, forDefault=true, density=0
03-29 16:36:26.117  3381  6756 D ApplicationPolicy: getApplicationUninstallationEnabled :  enabled true
03-29 16:36:26.118  4437  4830 I AppIconSolution: getIconScale, pkg=null, size=180, iconScale=IconScale[alpha=0, scale=1.0, isCrop=true]
03-29 16:36:26.119  4437  4830 I AppIconSolution: default container[CROP], pkg=null, bg=180-180, dr=180-180, isNight = true
03-29 16:36:26.119 14701 14737 I Finsky:background: [92] afok.a(861): RF::PP-Verify: starting to verify for kai.c.acevocab[iid:521] [isid:5bmO9wwYToO9U0LdYFLRUQ] [tid: 1000000862].
03-29 16:36:26.122 14574 14574 I Finsky  : [2] apah.e(257): DL: Data loader session turned off due to Incremental install not requested: kai.c.acevocab
03-29 16:36:26.125  3381  6756 D ApplicationPolicy: getApplicationUninstallationEnabled
03-29 16:36:26.125  3381  6756 D ApplicationPolicy: getApplicationUninstallationEnabled :  enabled true
03-29 16:36:26.125  4437  4830 I AppIconSolution: getThemeIconWithBG called with public API, pkg = null, mode = 1
03-29 16:36:26.126  3381  3622 D ApplicationPolicy: getApplicationUninstallationEnabled
03-29 16:36:26.126  3381  3622 D ApplicationPolicy: getApplicationUninstallationEnabled :  enabled true
03-29 16:36:26.126  4437  4830 I AppIconSolution: start to load, pkg=null, bg=192-192, dr=180-180, forDefault=true, density=0
03-29 16:36:26.127  4437  4830 I AppIconSolution: getIconScale, pkg=null, size=180, iconScale=IconScale[alpha=0, scale=1.0, isCrop=true]
03-29 16:36:26.128 14701 14737 I Finsky:background: [92] afok.a(861): RF::PP-Verify: starting to verify for kai.c.acevocab[iid:521] [isid:5bmO9wwYToO9U0LdYFLRUQ] [tid: 1000000862].
03-29 16:36:26.128 14701 14741 I Finsky:background: [96] afok.a(861): RF::PP-Verify: starting to verify for kai.c.acevocab[iid:521] [isid:5bmO9wwYToO9U0LdYFLRUQ] [tid: 1000000862].
03-29 16:36:26.128  4437  4830 I AppIconSolution: default container[CROP], pkg=null, bg=180-180, dr=180-180, isNight = true
03-29 16:36:26.129 14701 14737 I Finsky:background: [92] afus.t(9): RM: remove resources for request 64c89367-e966-4b5a-8ec4-c80256a8f3e6
03-29 16:36:26.130 14701 14757 I Finsky:background: [105] bbgh.q(11): DSC: remove(2554)
03-29 16:36:26.131 14701 14738 I Finsky:background: [93] rgi.k(13): DS: remove(request_id=2554)
03-29 16:36:26.131  4437  4830 I AppIconSolution: getThemeIconWithBG called with public API, pkg = null, mode = 1
03-29 16:36:26.131 14701 14737 I Finsky:background: [92] afus.t(9): RM: remove resources for request f9f06dc0-dc76-4be2-8f71-2faa78a1f426
03-29 16:36:26.132  4437  4830 I AppIconSolution: start to load, pkg=null, bg=192-192, dr=180-180, forDefault=true, density=0
03-29 16:36:26.132 14701 14740 I Finsky:background: [95] bbgh.q(11): DSC: remove(2556)
03-29 16:36:26.132  4437  4830 I AppIconSolution: getIconScale, pkg=null, size=180, iconScale=IconScale[alpha=0, scale=1.0, isCrop=true]
03-29 16:36:26.133 14701 14740 I Finsky:background: [95] rgi.k(13): DS: remove(request_id=2556)
03-29 16:36:26.133  4437  4830 I AppIconSolution: default container[CROP], pkg=null, bg=180-180, dr=180-180, isNight = true
03-29 16:36:26.136 14701 14741 I Finsky:background: [96] afus.t(9): RM: remove resources for request f696b9ec-bec2-4b52-9000-582d3b4eafba
03-29 16:36:26.137  4437  4830 I AppIconSolution: getThemeIconWithBG called with public API, pkg = null, mode = 1
03-29 16:36:26.137 14701 14757 I Finsky:background: [105] bbgh.q(11): DSC: remove(2555)
03-29 16:36:26.137 14701 14915 I Finsky:background: [149] rgi.h(316): DS: onRemove(request_id=2554, files_to_download=[config.arm64_v8a(size:5870067)], context[group_id=kai.c.acevocab:5bmO9wwYToO9U0LdYFLRUQ], display_data[invisible=false, title=kai.c.acevocab (unreviewed)], network_restrictions=ANY_NETWORK status=succeeded, bytes_downloaded=5870067, total_bytes=5870067, retry[count=0, next_retry=n/a])
03-29 16:36:26.137  4437  4830 I AppIconSolution: start to load, pkg=null, bg=192-192, dr=180-180, forDefault=true, density=0
03-29 16:36:26.138  4437  4830 I AppIconSolution: getIconScale, pkg=null, size=180, iconScale=IconScale[alpha=0, scale=1.0, isCrop=true]
03-29 16:36:26.138 14701 14757 I Finsky:background: [105] rgi.k(13): DS: remove(request_id=2555)
03-29 16:36:26.139  4437  4830 I AppIconSolution: default container[CROP], pkg=null, bg=180-180, dr=180-180, isNight = true
03-29 16:36:26.140 14701 14915 I Finsky:background: [149] rgi.h(316): DS: onRemove(request_id=2556, files_to_download=[config.zh(size:9577)], context[group_id=kai.c.acevocab:5bmO9wwYToO9U0LdYFLRUQ], display_data[invisible=false, title=kai.c.acevocab (unreviewed)], network_restrictions=ANY_NETWORK status=succeeded, bytes_downloaded=9577, total_bytes=9577, retry[count=0, next_retry=n/a])
03-29 16:36:26.141  4437  4830 I AppIconSolution: getThemeIconWithBG called with public API, pkg = null, mode = 1
03-29 16:36:26.143  4437  4830 I AppIconSolution: start to load, pkg=null, bg=192-192, dr=180-180, forDefault=true, density=0
03-29 16:36:26.143  4437  4830 I AppIconSolution: getIconScale, pkg=null, size=180, iconScale=IconScale[alpha=0, scale=1.0, isCrop=true]
03-29 16:36:26.143 14701 14915 I Finsky:background: [149] rgi.h(316): DS: onRemove(request_id=2555, files_to_download=[kai.c.acevocab.dm(size:45340)], context[group_id=kai.c.acevocab:5bmO9wwYToO9U0LdYFLRUQ], display_data[invisible=false, title=kai.c.acevocab (unreviewed)], network_restrictions=ANY_NETWORK status=succeeded, bytes_downloaded=45340, total_bytes=45340, retry[count=0, next_retry=n/a])
